core_cm7.h:2229:22:SCB_EnableICache	4	static,ignoring_inline_asm
core_cm7.h:2281:22:SCB_EnableDCache	24	static,ignoring_inline_asm
main.c:114:6:HAL_GPIO_EXTI_Callback	16	static
main.c:124:6:HAL_TIM_PeriodElapsedCallback	16	static
main.c:144:6:menu_inicial	24	static
main.c:169:6:fim_do_jogo	48	static
main.c:208:6:imprime_tabuleiro	32	static
main.c:225:6:mostra_temperatura	8	static
main.c:232:6:mostra_tempo	8	static
main.c:239:6:mostra_deadline	8	static
main.c:246:6:mostra_quem_joga	8	static
main.c:264:6:imprime_pecas_iniciais	8	static
main.c:282:6:imprime_jogada	24	static
main.c:295:6:actualiza_pecas_tabuleiro	16	static
main.c:323:6:limpa_possibilidades	16	static
main.c:337:5:validar_com_self	32	static
main.c:447:6:jogadas_possiveis	24	static
main.c:565:6:vira_pecas	40	static
main.c:763:6:jogada_automatica	16	static
main.c:782:6:tocar_ecran_menu_inicial	8	static
main.c:800:6:dinamica_de_jogo	24	static
main.c:819:6:tocar_ecran	32	static
main.c:855:5:nao_e_possivel_continuar_jogo	32	static
main.c:906:5:main	40	static
main.c:1099:6:SystemClock_Config	232	static
main.c:1163:13:MX_ADC1_Init	24	static
main.c:1213:13:MX_DMA2D_Init	8	static
main.c:1252:13:MX_DSIHOST_DSI_Init	176	static
main.c:1361:13:MX_LTDC_Init	112	static
main.c:1443:13:MX_SDMMC2_SD_Init	4	static
main.c:1471:13:MX_TIM6_Init	24	static
main.c:1505:13:MX_FMC_Init	40	static
main.c:1556:13:MX_GPIO_Init	64	static
main.c:1589:13:LCD_Config	16	static
main.c:1623:6:Error_Handler	8	static
