Archive member included to satisfy reference by file (symbol)

c:/st/stm32cubeide_1.0.0/stm32cubeide/plugins/com.st.stm32cube.ide.mcu.externaltools.gnu-tools-for-stm32.7-2018-q2-update.win32_1.0.0.201904181610/tools/bin/../lib/gcc/arm-none-eabi/7.3.1/../../../../arm-none-eabi/lib/thumb/v7e-m/fpv5/hard\libc_nano.a(lib_a-errno.o)
                              Src/syscalls.o (__errno)
c:/st/stm32cubeide_1.0.0/stm32cubeide/plugins/com.st.stm32cube.ide.mcu.externaltools.gnu-tools-for-stm32.7-2018-q2-update.win32_1.0.0.201904181610/tools/bin/../lib/gcc/arm-none-eabi/7.3.1/../../../../arm-none-eabi/lib/thumb/v7e-m/fpv5/hard\libc_nano.a(lib_a-exit.o)
                              c:/st/stm32cubeide_1.0.0/stm32cubeide/plugins/com.st.stm32cube.ide.mcu.externaltools.gnu-tools-for-stm32.7-2018-q2-update.win32_1.0.0.201904181610/tools/bin/../lib/gcc/arm-none-eabi/7.3.1/../../../../arm-none-eabi/lib/thumb/v7e-m/fpv5/hard/crt0.o (exit)
c:/st/stm32cubeide_1.0.0/stm32cubeide/plugins/com.st.stm32cube.ide.mcu.externaltools.gnu-tools-for-stm32.7-2018-q2-update.win32_1.0.0.201904181610/tools/bin/../lib/gcc/arm-none-eabi/7.3.1/../../../../arm-none-eabi/lib/thumb/v7e-m/fpv5/hard\libc_nano.a(lib_a-impure.o)
                              c:/st/stm32cubeide_1.0.0/stm32cubeide/plugins/com.st.stm32cube.ide.mcu.externaltools.gnu-tools-for-stm32.7-2018-q2-update.win32_1.0.0.201904181610/tools/bin/../lib/gcc/arm-none-eabi/7.3.1/../../../../arm-none-eabi/lib/thumb/v7e-m/fpv5/hard\libc_nano.a(lib_a-exit.o) (_global_impure_ptr)
c:/st/stm32cubeide_1.0.0/stm32cubeide/plugins/com.st.stm32cube.ide.mcu.externaltools.gnu-tools-for-stm32.7-2018-q2-update.win32_1.0.0.201904181610/tools/bin/../lib/gcc/arm-none-eabi/7.3.1/../../../../arm-none-eabi/lib/thumb/v7e-m/fpv5/hard\libc_nano.a(lib_a-init.o)
                              c:/st/stm32cubeide_1.0.0/stm32cubeide/plugins/com.st.stm32cube.ide.mcu.externaltools.gnu-tools-for-stm32.7-2018-q2-update.win32_1.0.0.201904181610/tools/bin/../lib/gcc/arm-none-eabi/7.3.1/../../../../arm-none-eabi/lib/thumb/v7e-m/fpv5/hard/crt0.o (__libc_init_array)
c:/st/stm32cubeide_1.0.0/stm32cubeide/plugins/com.st.stm32cube.ide.mcu.externaltools.gnu-tools-for-stm32.7-2018-q2-update.win32_1.0.0.201904181610/tools/bin/../lib/gcc/arm-none-eabi/7.3.1/../../../../arm-none-eabi/lib/thumb/v7e-m/fpv5/hard\libc_nano.a(lib_a-memset.o)
                              c:/st/stm32cubeide_1.0.0/stm32cubeide/plugins/com.st.stm32cube.ide.mcu.externaltools.gnu-tools-for-stm32.7-2018-q2-update.win32_1.0.0.201904181610/tools/bin/../lib/gcc/arm-none-eabi/7.3.1/../../../../arm-none-eabi/lib/thumb/v7e-m/fpv5/hard/crt0.o (memset)
c:/st/stm32cubeide_1.0.0/stm32cubeide/plugins/com.st.stm32cube.ide.mcu.externaltools.gnu-tools-for-stm32.7-2018-q2-update.win32_1.0.0.201904181610/tools/bin/../lib/gcc/arm-none-eabi/7.3.1/../../../../arm-none-eabi/lib/thumb/v7e-m/fpv5/hard\libc_nano.a(lib_a-sprintf.o)
                              Src/main.o (sprintf)
c:/st/stm32cubeide_1.0.0/stm32cubeide/plugins/com.st.stm32cube.ide.mcu.externaltools.gnu-tools-for-stm32.7-2018-q2-update.win32_1.0.0.201904181610/tools/bin/../lib/gcc/arm-none-eabi/7.3.1/../../../../arm-none-eabi/lib/thumb/v7e-m/fpv5/hard\libc_nano.a(lib_a-nano-svfprintf.o)
                              c:/st/stm32cubeide_1.0.0/stm32cubeide/plugins/com.st.stm32cube.ide.mcu.externaltools.gnu-tools-for-stm32.7-2018-q2-update.win32_1.0.0.201904181610/tools/bin/../lib/gcc/arm-none-eabi/7.3.1/../../../../arm-none-eabi/lib/thumb/v7e-m/fpv5/hard\libc_nano.a(lib_a-sprintf.o) (_svfprintf_r)
c:/st/stm32cubeide_1.0.0/stm32cubeide/plugins/com.st.stm32cube.ide.mcu.externaltools.gnu-tools-for-stm32.7-2018-q2-update.win32_1.0.0.201904181610/tools/bin/../lib/gcc/arm-none-eabi/7.3.1/../../../../arm-none-eabi/lib/thumb/v7e-m/fpv5/hard\libc_nano.a(lib_a-nano-vfprintf_i.o)
                              c:/st/stm32cubeide_1.0.0/stm32cubeide/plugins/com.st.stm32cube.ide.mcu.externaltools.gnu-tools-for-stm32.7-2018-q2-update.win32_1.0.0.201904181610/tools/bin/../lib/gcc/arm-none-eabi/7.3.1/../../../../arm-none-eabi/lib/thumb/v7e-m/fpv5/hard\libc_nano.a(lib_a-nano-svfprintf.o) (_printf_i)
c:/st/stm32cubeide_1.0.0/stm32cubeide/plugins/com.st.stm32cube.ide.mcu.externaltools.gnu-tools-for-stm32.7-2018-q2-update.win32_1.0.0.201904181610/tools/bin/../lib/gcc/arm-none-eabi/7.3.1/../../../../arm-none-eabi/lib/thumb/v7e-m/fpv5/hard\libc_nano.a(lib_a-memchr.o)
                              c:/st/stm32cubeide_1.0.0/stm32cubeide/plugins/com.st.stm32cube.ide.mcu.externaltools.gnu-tools-for-stm32.7-2018-q2-update.win32_1.0.0.201904181610/tools/bin/../lib/gcc/arm-none-eabi/7.3.1/../../../../arm-none-eabi/lib/thumb/v7e-m/fpv5/hard\libc_nano.a(lib_a-nano-svfprintf.o) (memchr)
[...]
Memory Configuration

Name             Origin             Length             Attributes
FLASH            0x0000000008000000 0x0000000000200000 xr
RAM              0x0000000020000000 0x0000000000080000 xrw
*default*        0x0000000000000000 0xffffffffffffffff

Linker script and memory map

LOAD c:/st/stm32cubeide_1.0.0/stm32cubeide/plugins/com.st.stm32cube.ide.mcu.externaltools.gnu-tools-for-stm32.7-2018-q2-update.win32_1.0.0.201904181610/tools/bin/../lib/gcc/arm-none-eabi/7.3.1/thumb/v7e-m/fpv5/hard/crti.o
LOAD c:/st/stm32cubeide_1.0.0/stm32cubeide/plugins/com.st.stm32cube.ide.mcu.externaltools.gnu-tools-for-stm32.7-2018-q2-update.win32_1.0.0.201904181610/tools/bin/../lib/gcc/arm-none-eabi/7.3.1/thumb/v7e-m/fpv5/hard/crtbegin.o
LOAD c:/st/stm32cubeide_1.0.0/stm32cubeide/plugins/com.st.stm32cube.ide.mcu.externaltools.gnu-tools-for-stm32.7-2018-q2-update.win32_1.0.0.201904181610/tools/bin/../lib/gcc/arm-none-eabi/7.3.1/../../../../arm-none-eabi/lib/thumb/v7e-m/fpv5/hard/crt0.o
LOAD Drivers/BSP/Components/adv7533/adv7533.o
LOAD Drivers/BSP/Components/exc7200/exc7200.o
LOAD Drivers/BSP/Components/ft5336/ft5336.o
LOAD Drivers/BSP/Components/ft6x06/ft6x06.o
LOAD Drivers/BSP/Components/mfxstm32l152/mfxstm32l152.o
LOAD Drivers/BSP/Components/otm8009a/otm8009a.o
LOAD Drivers/BSP/Components/ov9655/ov9655.o
LOAD Drivers/BSP/Components/s5k5cag/s5k5cag.o
LOAD Drivers/BSP/Components/st7735/st7735.o
LOAD Drivers/BSP/Components/st7789h2/st7789h2.o
LOAD Drivers/BSP/Components/stmpe811/stmpe811.o
LOAD Drivers/BSP/Components/ts3510/ts3510.o
LOAD Drivers/BSP/Components/wm8994/wm8994.o
LOAD Drivers/BSP/STM32F769I-Discovery/stm32f769i_discovery.o
LOAD Drivers/BSP/STM32F769I-Discovery/stm32f769i_discovery_lcd.o
LOAD Drivers/BSP/STM32F769I-Discovery/stm32f769i_discovery_sdram.o
LOAD Drivers/BSP/STM32F769I-Discovery/stm32f769i_discovery_ts.o
LOAD Drivers/STM32F7xx_HAL_Driver/Src/stm32f7xx_hal.o
LOAD Drivers/STM32F7xx_HAL_Driver/Src/stm32f7xx_hal_adc.o
LOAD Drivers/STM32F7xx_HAL_Driver/Src/stm32f7xx_hal_adc_ex.o
LOAD Drivers/STM32F7xx_HAL_Driver/Src/stm32f7xx_hal_cortex.o
LOAD Drivers/STM32F7xx_HAL_Driver/Src/stm32f7xx_hal_dma.o
LOAD Drivers/STM32F7xx_HAL_Driver/Src/stm32f7xx_hal_dma2d.o
LOAD Drivers/STM32F7xx_HAL_Driver/Src/stm32f7xx_hal_dma_ex.o
LOAD Drivers/STM32F7xx_HAL_Driver/Src/stm32f7xx_hal_dsi.o
LOAD Drivers/STM32F7xx_HAL_Driver/Src/stm32f7xx_hal_exti.o
LOAD Drivers/STM32F7xx_HAL_Driver/Src/stm32f7xx_hal_flash.o
LOAD Drivers/STM32F7xx_HAL_Driver/Src/stm32f7xx_hal_flash_ex.o
LOAD Drivers/STM32F7xx_HAL_Driver/Src/stm32f7xx_hal_gpio.o
LOAD Drivers/STM32F7xx_HAL_Driver/Src/stm32f7xx_hal_i2c.o
LOAD Drivers/STM32F7xx_HAL_Driver/Src/stm32f7xx_hal_i2c_ex.o
LOAD Drivers/STM32F7xx_HAL_Driver/Src/stm32f7xx_hal_ltdc.o
LOAD Drivers/STM32F7xx_HAL_Driver/Src/stm32f7xx_hal_ltdc_ex.o
LOAD Drivers/STM32F7xx_HAL_Driver/Src/stm32f7xx_hal_pwr.o
LOAD Drivers/STM32F7xx_HAL_Driver/Src/stm32f7xx_hal_pwr_ex.o
LOAD Drivers/STM32F7xx_HAL_Driver/Src/stm32f7xx_hal_rcc.o
LOAD Drivers/STM32F7xx_HAL_Driver/Src/stm32f7xx_hal_rcc_ex.o
LOAD Drivers/STM32F7xx_HAL_Driver/Src/stm32f7xx_hal_sdram.o
LOAD Drivers/STM32F7xx_HAL_Driver/Src/stm32f7xx_hal_tim.o
LOAD Drivers/STM32F7xx_HAL_Driver/Src/stm32f7xx_hal_tim_ex.o
LOAD Drivers/STM32F7xx_HAL_Driver/Src/stm32f7xx_ll_fmc.o
LOAD Src/main.o
LOAD Src/stm32f7xx_hal_msp.o
LOAD Src/stm32f7xx_it.o
LOAD Src/syscalls.o
LOAD Src/sysmem.o
LOAD Src/system_stm32f7xx.o
LOAD Startup/startup_stm32f769nihx.o
START GROUP
LOAD c:/st/stm32cubeide_1.0.0/stm32cubeide/plugins/com.st.stm32cube.ide.mcu.externaltools.gnu-tools-for-stm32.7-2018-q2-update.win32_1.0.0.201904181610/tools/bin/../lib/gcc/arm-none-eabi/7.3.1/../../../../arm-none-eabi/lib/thumb/v7e-m/fpv5/hard\libc_nano.a
LOAD c:/st/stm32cubeide_1.0.0/stm32cubeide/plugins/com.st.stm32cube.ide.mcu.externaltools.gnu-tools-for-stm32.7-2018-q2-update.win32_1.0.0.201904181610/tools/bin/../lib/gcc/arm-none-eabi/7.3.1/../../../../arm-none-eabi/lib/thumb/v7e-m/fpv5/hard\libm.a
END GROUP
START GROUP
LOAD c:/st/stm32cubeide_1.0.0/stm32cubeide/plugins/com.st.stm32cube.ide.mcu.externaltools.gnu-tools-for-stm32.7-2018-q2-update.win32_1.0.0.201904181610/tools/bin/../lib/gcc/arm-none-eabi/7.3.1/thumb/v7e-m/fpv5/hard\libgcc.a
LOAD c:/st/stm32cubeide_1.0.0/stm32cubeide/plugins/com.st.stm32cube.ide.mcu.externaltools.gnu-tools-for-stm32.7-2018-q2-update.win32_1.0.0.201904181610/tools/bin/../lib/gcc/arm-none-eabi/7.3.1/../../../../arm-none-eabi/lib/thumb/v7e-m/fpv5/hard\libc_nano.a
END GROUP
START GROUP
LOAD c:/st/stm32cubeide_1.0.0/stm32cubeide/plugins/com.st.stm32cube.ide.mcu.externaltools.gnu-tools-for-stm32.7-2018-q2-update.win32_1.0.0.201904181610/tools/bin/../lib/gcc/arm-none-eabi/7.3.1/thumb/v7e-m/fpv5/hard\libgcc.a
LOAD c:/st/stm32cubeide_1.0.0/stm32cubeide/plugins/com.st.stm32cube.ide.mcu.externaltools.gnu-tools-for-stm32.7-2018-q2-update.win32_1.0.0.201904181610/tools/bin/../lib/gcc/arm-none-eabi/7.3.1/../../../../arm-none-eabi/lib/thumb/v7e-m/fpv5/hard\libc_nano.a
LOAD c:/st/stm32cubeide_1.0.0/stm32cubeide/plugins/com.st.stm32cube.ide.mcu.externaltools.gnu-tools-for-stm32.7-2018-q2-update.win32_1.0.0.201904181610/tools/bin/../lib/gcc/arm-none-eabi/7.3.1/../../../../arm-none-eabi/lib/thumb/v7e-m/fpv5/hard\libnosys.a
END GROUP
START GROUP
LOAD c:/st/stm32cubeide_1.0.0/stm32cubeide/plugins/com.st.stm32cube.ide.mcu.externaltools.gnu-tools-for-stm32.7-2018-q2-update.win32_1.0.0.201904181610/tools/bin/../lib/gcc/arm-none-eabi/7.3.1/thumb/v7e-m/fpv5/hard\libgcc.a
LOAD c:/st/stm32cubeide_1.0.0/stm32cubeide/plugins/com.st.stm32cube.ide.mcu.externaltools.gnu-tools-for-stm32.7-2018-q2-update.win32_1.0.0.201904181610/tools/bin/../lib/gcc/arm-none-eabi/7.3.1/../../../../arm-none-eabi/lib/thumb/v7e-m/fpv5/hard\libc_nano.a
LOAD c:/st/stm32cubeide_1.0.0/stm32cubeide/plugins/com.st.stm32cube.ide.mcu.externaltools.gnu-tools-for-stm32.7-2018-q2-update.win32_1.0.0.201904181610/tools/bin/../lib/gcc/arm-none-eabi/7.3.1/../../../../arm-none-eabi/lib/thumb/v7e-m/fpv5/hard\libnosys.a
END GROUP
LOAD c:/st/stm32cubeide_1.0.0/stm32cubeide/plugins/com.st.stm32cube.ide.mcu.externaltools.gnu-tools-for-stm32.7-2018-q2-update.win32_1.0.0.201904181610/tools/bin/../lib/gcc/arm-none-eabi/7.3.1/thumb/v7e-m/fpv5/hard/crtend.o
LOAD c:/st/stm32cubeide_1.0.0/stm32cubeide/plugins/com.st.stm32cube.ide.mcu.externaltools.gnu-tools-for-stm32.7-2018-q2-update.win32_1.0.0.201904181610/tools/bin/../lib/gcc/arm-none-eabi/7.3.1/thumb/v7e-m/fpv5/hard/crtn.o
                0x000000002007ffff                _estack = 0x2007ffff
                0x0000000000000200                _Min_Heap_Size = 0x200
                0x0000000000000400                _Min_Stack_Size = 0x400

.isr_vector     0x0000000008000000      0x1f8
                0x0000000008000000                . = ALIGN (0x4)
 *(.isr_vector)
 .isr_vector    0x0000000008000000      0x1f8 Startup/startup_stm32f769nihx.o
                0x0000000008000000                g_pfnVectors
                0x00000000080001f8                . = ALIGN (0x4)

.text           0x0000000008000200     0x72dc
                0x0000000008000200                . = ALIGN (0x4)
 *(.text)
 .text          0x0000000008000200       0x40 c:/st/stm32cubeide_1.0.0/stm32cubeide/plugins/com.st.stm32cube.ide.mcu.externaltools.gnu-tools-for-stm32.7-2018-q2-update.win32_1.0.0.201904181610/tools/bin/../lib/gcc/arm-none-eabi/7.3.1/thumb/v7e-m/fpv5/hard/crtbegin.o
 .text          0x0000000008000240       0xa0 c:/st/stm32cubeide_1.0.0/stm32cubeide/plugins/com.st.stm32cube.ide.mcu.externaltools.gnu-tools-for-stm32.7-2018-q2-update.win32_1.0.0.201904181610/tools/bin/../lib/gcc/arm-none-eabi/7.3.1/../../../../arm-none-eabi/lib/thumb/v7e-m/fpv5/hard\libc_nano.a(lib_a-memchr.o)
                0x0000000008000240                memchr
 .text          0x00000000080002e0       0x30 c:/st/stm32cubeide_1.0.0/stm32cubeide/plugins/com.st.stm32cube.ide.mcu.externaltools.gnu-tools-for-stm32.7-2018-q2-update.win32_1.0.0.201904181610/tools/bin/../lib/gcc/arm-none-eabi/7.3.1/thumb/v7e-m/fpv5/hard\libgcc.a(_aeabi_uldivmod.o)
                0x00000000080002e0                __aeabi_uldivmod
 .text          0x0000000008000310      0x2cc c:/st/stm32cubeide_1.0.0/stm32cubeide/plugins/com.st.stm32cube.ide.mcu.externaltools.gnu-tools-for-stm32.7-2018-q2-update.win32_1.0.0.201904181610/tools/bin/../lib/gcc/arm-none-eabi/7.3.1/thumb/v7e-m/fpv5/hard\libgcc.a(_udivmoddi4.o)
                0x0000000008000310                __udivmoddi4
 .text          0x00000000080005dc        0x4 c:/st/stm32cubeide_1.0.0/stm32cubeide/plugins/com.st.stm32cube.ide.mcu.externaltools.gnu-tools-for-stm32.7-2018-q2-update.win32_1.0.0.201904181610/tools/bin/../lib/gcc/arm-none-eabi/7.3.1/thumb/v7e-m/fpv5/hard\libgcc.a(_dvmd_tls.o)
                0x00000000080005dc                __aeabi_idiv0
                0x00000000080005dc                __aeabi_ldiv0
 *(.text*)
 .text.OTM8009A_Init
                0x00000000080005e0      0x4ac Drivers/BSP/Components/otm8009a/otm8009a.o
                0x00000000080005e0                OTM8009A_Init
 .text.OTM8009A_IO_Delay
                0x0000000008000a8c       0x16 Drivers/BSP/STM32F769I-Discovery/stm32f769i_discovery.o
                0x0000000008000a8c                OTM8009A_IO_Delay
 .text.BSP_LCD_Init
                0x0000000008000aa2       0x10 Drivers/BSP/STM32F769I-Discovery/stm32f769i_discovery_lcd.o
                0x0000000008000aa2                BSP_LCD_Init
 *fill*         0x0000000008000ab2        0x2 
 .text.BSP_LCD_InitEx
                0x0000000008000ab4      0x288 Drivers/BSP/STM32F769I-Discovery/stm32f769i_discovery_lcd.o
                0x0000000008000ab4                BSP_LCD_InitEx
 .text.BSP_LCD_Reset
                0x0000000008000d3c       0x70 Drivers/BSP/STM32F769I-Discovery/stm32f769i_discovery_lcd.o
                0x0000000008000d3c                BSP_LCD_Reset
 .text.BSP_LCD_GetXSize
                0x0000000008000dac       0x18 Drivers/BSP/STM32F769I-Discovery/stm32f769i_discovery_lcd.o
                0x0000000008000dac                BSP_LCD_GetXSize
 .text.BSP_LCD_GetYSize
                0x0000000008000dc4       0x18 Drivers/BSP/STM32F769I-Discovery/stm32f769i_discovery_lcd.o
                0x0000000008000dc4                BSP_LCD_GetYSize
 .text.BSP_LCD_LayerDefaultInit
                0x0000000008000ddc       0xc0 Drivers/BSP/STM32F769I-Discovery/stm32f769i_discovery_lcd.o
                0x0000000008000ddc                BSP_LCD_LayerDefaultInit
 .text.BSP_LCD_SetTextColor
                0x0000000008000e9c       0x30 Drivers/BSP/STM32F769I-Discovery/stm32f769i_discovery_lcd.o
                0x0000000008000e9c                BSP_LCD_SetTextColor
 .text.BSP_LCD_SetBackColor
                0x0000000008000ecc       0x34 Drivers/BSP/STM32F769I-Discovery/stm32f769i_discovery_lcd.o
                0x0000000008000ecc                BSP_LCD_SetBackColor
 .text.BSP_LCD_SetFont
                0x0000000008000f00       0x34 Drivers/BSP/STM32F769I-Discovery/stm32f769i_discovery_lcd.o
                0x0000000008000f00                BSP_LCD_SetFont
 .text.BSP_LCD_Clear
                0x0000000008000f34       0x50 Drivers/BSP/STM32F769I-Discovery/stm32f769i_discovery_lcd.o
                0x0000000008000f34                BSP_LCD_Clear
 .text.BSP_LCD_ClearStringLine
                0x0000000008000f84       0xc8 Drivers/BSP/STM32F769I-Discovery/stm32f769i_discovery_lcd.o
                0x0000000008000f84                BSP_LCD_ClearStringLine
 .text.BSP_LCD_DisplayChar
                0x000000000800104c       0x88 Drivers/BSP/STM32F769I-Discovery/stm32f769i_discovery_lcd.o
                0x000000000800104c                BSP_LCD_DisplayChar
 .text.BSP_LCD_DisplayStringAt
                0x00000000080010d4      0x188 Drivers/BSP/STM32F769I-Discovery/stm32f769i_discovery_lcd.o
                0x00000000080010d4                BSP_LCD_DisplayStringAt
 .text.BSP_LCD_FillRect
                0x000000000800125c       0xb4 Drivers/BSP/STM32F769I-Discovery/stm32f769i_discovery_lcd.o
                0x000000000800125c                BSP_LCD_FillRect
 .text.DSI_IO_WriteCmd
                0x0000000008001310       0x54 Drivers/BSP/STM32F769I-Discovery/stm32f769i_discovery_lcd.o
                0x0000000008001310                DSI_IO_WriteCmd
 .text.LCD_IO_GetID
                0x0000000008001364       0x10 Drivers/BSP/STM32F769I-Discovery/stm32f769i_discovery_lcd.o
 .text.BSP_LCD_MspInit
                0x0000000008001374       0xd4 Drivers/BSP/STM32F769I-Discovery/stm32f769i_discovery_lcd.o
                0x0000000008001374                BSP_LCD_MspInit
 .text.BSP_LCD_DrawPixel
                0x0000000008001448       0x4c Drivers/BSP/STM32F769I-Discovery/stm32f769i_discovery_lcd.o
                0x0000000008001448                BSP_LCD_DrawPixel
 .text.DrawChar
                0x0000000008001494      0x170 Drivers/BSP/STM32F769I-Discovery/stm32f769i_discovery_lcd.o
 .text.LL_FillBuffer
                0x0000000008001604       0x70 Drivers/BSP/STM32F769I-Discovery/stm32f769i_discovery_lcd.o
 .text.BSP_SDRAM_Init
                0x0000000008001674       0xbc Drivers/BSP/STM32F769I-Discovery/stm32f769i_discovery_sdram.o
                0x0000000008001674                BSP_SDRAM_Init
 .text.BSP_SDRAM_Initialization_sequence
                0x0000000008001730       0xc0 Drivers/BSP/STM32F769I-Discovery/stm32f769i_discovery_sdram.o
                0x0000000008001730                BSP_SDRAM_Initialization_sequence
 .text.BSP_SDRAM_MspInit
                0x00000000080017f0      0x1f4 Drivers/BSP/STM32F769I-Discovery/stm32f769i_discovery_sdram.o
                0x00000000080017f0                BSP_SDRAM_MspInit
 .text.HAL_Init
                0x00000000080019e4       0x1a Drivers/STM32F7xx_HAL_Driver/Src/stm32f7xx_hal.o
                0x00000000080019e4                HAL_Init
 *fill*         0x00000000080019fe        0x2 
 .text.HAL_InitTick
                0x0000000008001a00       0x60 Drivers/STM32F7xx_HAL_Driver/Src/stm32f7xx_hal.o
                0x0000000008001a00                HAL_InitTick
 .text.HAL_IncTick
                0x0000000008001a60       0x28 Drivers/STM32F7xx_HAL_Driver/Src/stm32f7xx_hal.o
                0x0000000008001a60                HAL_IncTick
 .text.HAL_GetTick
                0x0000000008001a88       0x18 Drivers/STM32F7xx_HAL_Driver/Src/stm32f7xx_hal.o
                0x0000000008001a88                HAL_GetTick
 .text.HAL_Delay
                0x0000000008001aa0       0x44 Drivers/STM32F7xx_HAL_Driver/Src/stm32f7xx_hal.o
                0x0000000008001aa0                HAL_Delay
 .text.HAL_ADC_Init
                0x0000000008001ae4       0x88 Drivers/STM32F7xx_HAL_Driver/Src/stm32f7xx_hal_adc.o
                0x0000000008001ae4                HAL_ADC_Init
 .text.HAL_ADC_Start
                0x0000000008001b6c      0x180 Drivers/STM32F7xx_HAL_Driver/Src/stm32f7xx_hal_adc.o
                0x0000000008001b6c                HAL_ADC_Start
 .text.HAL_ADC_PollForConversion
                0x0000000008001cec      0x108 Drivers/STM32F7xx_HAL_Driver/Src/stm32f7xx_hal_adc.o
                0x0000000008001cec                HAL_ADC_PollForConversion
 .text.HAL_ADC_GetValue
                0x0000000008001df4       0x1a Drivers/STM32F7xx_HAL_Driver/Src/stm32f7xx_hal_adc.o
                0x0000000008001df4                HAL_ADC_GetValue
 *fill*         0x0000000008001e0e        0x2 
 .text.HAL_ADC_ConfigChannel
                0x0000000008001e10      0x268 Drivers/STM32F7xx_HAL_Driver/Src/stm32f7xx_hal_adc.o
                0x0000000008001e10                HAL_ADC_ConfigChannel
 .text.ADC_Init
                0x0000000008002078      0x1f4 Drivers/STM32F7xx_HAL_Driver/Src/stm32f7xx_hal_adc.o
 .text.__NVIC_SetPriorityGrouping
                0x000000000800226c       0x48 Drivers/STM32F7xx_HAL_Driver/Src/stm32f7xx_hal_cortex.o
 .text.__NVIC_GetPriorityGrouping
                0x00000000080022b4       0x1c Drivers/STM32F7xx_HAL_Driver/Src/stm32f7xx_hal_cortex.o
 .text.__NVIC_EnableIRQ
                0x00000000080022d0       0x3c Drivers/STM32F7xx_HAL_Driver/Src/stm32f7xx_hal_cortex.o
 .text.__NVIC_SetPriority
                0x000000000800230c       0x54 Drivers/STM32F7xx_HAL_Driver/Src/stm32f7xx_hal_cortex.o
 .text.NVIC_EncodePriority
                0x0000000008002360       0x66 Drivers/STM32F7xx_HAL_Driver/Src/stm32f7xx_hal_cortex.o
 *fill*         0x00000000080023c6        0x2 
 .text.SysTick_Config
                0x00000000080023c8       0x44 Drivers/STM32F7xx_HAL_Driver/Src/stm32f7xx_hal_cortex.o
 .text.HAL_NVIC_SetPriorityGrouping
                0x000000000800240c       0x16 Drivers/STM32F7xx_HAL_Driver/Src/stm32f7xx_hal_cortex.o
                0x000000000800240c                HAL_NVIC_SetPriorityGrouping
 .text.HAL_NVIC_SetPriority
                0x0000000008002422       0x38 Drivers/STM32F7xx_HAL_Driver/Src/stm32f7xx_hal_cortex.o
                0x0000000008002422                HAL_NVIC_SetPriority
 .text.HAL_NVIC_EnableIRQ
                0x000000000800245a       0x1c Drivers/STM32F7xx_HAL_Driver/Src/stm32f7xx_hal_cortex.o
                0x000000000800245a                HAL_NVIC_EnableIRQ
 .text.HAL_SYSTICK_Config
                0x0000000008002476       0x18 Drivers/STM32F7xx_HAL_Driver/Src/stm32f7xx_hal_cortex.o
                0x0000000008002476                HAL_SYSTICK_Config
 *fill*         0x000000000800248e        0x2 
 .text.HAL_DMA_Init
                0x0000000008002490      0x15c Drivers/STM32F7xx_HAL_Driver/Src/stm32f7xx_hal_dma.o
                0x0000000008002490                HAL_DMA_Init
 .text.HAL_DMA_DeInit
                0x00000000080025ec       0xbc Drivers/STM32F7xx_HAL_Driver/Src/stm32f7xx_hal_dma.o
                0x00000000080025ec                HAL_DMA_DeInit
 .text.DMA_CalcBaseAndBitshift
                0x00000000080026a8       0x6c Drivers/STM32F7xx_HAL_Driver/Src/stm32f7xx_hal_dma.o
 .text.DMA_CheckFifoParam
                0x0000000008002714       0xf4 Drivers/STM32F7xx_HAL_Driver/Src/stm32f7xx_hal_dma.o
 .text.HAL_DMA2D_Init
                0x0000000008002808       0xb4 Drivers/STM32F7xx_HAL_Driver/Src/stm32f7xx_hal_dma2d.o
                0x0000000008002808                HAL_DMA2D_Init
 .text.HAL_DMA2D_Start
                0x00000000080028bc       0x56 Drivers/STM32F7xx_HAL_Driver/Src/stm32f7xx_hal_dma2d.o
                0x00000000080028bc                HAL_DMA2D_Start
 .text.HAL_DMA2D_PollForTransfer
                0x0000000008002912      0x1d2 Drivers/STM32F7xx_HAL_Driver/Src/stm32f7xx_hal_dma2d.o
                0x0000000008002912                HAL_DMA2D_PollForTransfer
 .text.HAL_DMA2D_ConfigLayer
                0x0000000008002ae4      0x13c Drivers/STM32F7xx_HAL_Driver/Src/stm32f7xx_hal_dma2d.o
                0x0000000008002ae4                HAL_DMA2D_ConfigLayer
 .text.DMA2D_SetConfig
                0x0000000008002c20      0x138 Drivers/STM32F7xx_HAL_Driver/Src/stm32f7xx_hal_dma2d.o
 .text.DSI_ConfigPacketHeader
                0x0000000008002d58       0x32 Drivers/STM32F7xx_HAL_Driver/Src/stm32f7xx_hal_dsi.o
 .text.DSI_ShortWrite
                0x0000000008002d8a       0x5e Drivers/STM32F7xx_HAL_Driver/Src/stm32f7xx_hal_dsi.o
 .text.HAL_DSI_Init
                0x0000000008002de8      0x234 Drivers/STM32F7xx_HAL_Driver/Src/stm32f7xx_hal_dsi.o
                0x0000000008002de8                HAL_DSI_Init
 .text.HAL_DSI_DeInit
                0x000000000800301c       0xe8 Drivers/STM32F7xx_HAL_Driver/Src/stm32f7xx_hal_dsi.o
                0x000000000800301c                HAL_DSI_DeInit
 .text.HAL_DSI_ConfigErrorMonitor
                0x0000000008003104      0x178 Drivers/STM32F7xx_HAL_Driver/Src/stm32f7xx_hal_dsi.o
                0x0000000008003104                HAL_DSI_ConfigErrorMonitor
 .text.HAL_DSI_SetGenericVCID
                0x000000000800327c       0x50 Drivers/STM32F7xx_HAL_Driver/Src/stm32f7xx_hal_dsi.o
                0x000000000800327c                HAL_DSI_SetGenericVCID
 .text.HAL_DSI_ConfigVideoMode
                0x00000000080032cc      0x400 Drivers/STM32F7xx_HAL_Driver/Src/stm32f7xx_hal_dsi.o
                0x00000000080032cc                HAL_DSI_ConfigVideoMode
 .text.HAL_DSI_ConfigAdaptedCommandMode
                0x00000000080036cc      0x1b4 Drivers/STM32F7xx_HAL_Driver/Src/stm32f7xx_hal_dsi.o
                0x00000000080036cc                HAL_DSI_ConfigAdaptedCommandMode
 .text.HAL_DSI_ConfigCommand
                0x0000000008003880       0xbc Drivers/STM32F7xx_HAL_Driver/Src/stm32f7xx_hal_dsi.o
                0x0000000008003880                HAL_DSI_ConfigCommand
 .text.HAL_DSI_ConfigFlowControl
                0x000000000800393c       0x50 Drivers/STM32F7xx_HAL_Driver/Src/stm32f7xx_hal_dsi.o
                0x000000000800393c                HAL_DSI_ConfigFlowControl
 .text.HAL_DSI_ConfigPhyTimer
                0x000000000800398c       0xd4 Drivers/STM32F7xx_HAL_Driver/Src/stm32f7xx_hal_dsi.o
                0x000000000800398c                HAL_DSI_ConfigPhyTimer
 .text.HAL_DSI_ConfigHostTimeouts
                0x0000000008003a60      0x190 Drivers/STM32F7xx_HAL_Driver/Src/stm32f7xx_hal_dsi.o
                0x0000000008003a60                HAL_DSI_ConfigHostTimeouts
 .text.HAL_DSI_Start
                0x0000000008003bf0       0x78 Drivers/STM32F7xx_HAL_Driver/Src/stm32f7xx_hal_dsi.o
                0x0000000008003bf0                HAL_DSI_Start
 .text.HAL_DSI_ShortWrite
                0x0000000008003c68       0x44 Drivers/STM32F7xx_HAL_Driver/Src/stm32f7xx_hal_dsi.o
                0x0000000008003c68                HAL_DSI_ShortWrite
 .text.HAL_DSI_LongWrite
                0x0000000008003cac      0x130 Drivers/STM32F7xx_HAL_Driver/Src/stm32f7xx_hal_dsi.o
                0x0000000008003cac                HAL_DSI_LongWrite
 .text.HAL_DSI_SetLowPowerRXFilter
                0x0000000008003ddc       0x5a Drivers/STM32F7xx_HAL_Driver/Src/stm32f7xx_hal_dsi.o
                0x0000000008003ddc                HAL_DSI_SetLowPowerRXFilter
 *fill*         0x0000000008003e36        0x2 
 .text.HAL_GPIO_Init
                0x0000000008003e38      0x354 Drivers/STM32F7xx_HAL_Driver/Src/stm32f7xx_hal_gpio.o
                0x0000000008003e38                HAL_GPIO_Init
 .text.HAL_GPIO_DeInit
                0x000000000800418c      0x214 Drivers/STM32F7xx_HAL_Driver/Src/stm32f7xx_hal_gpio.o
                0x000000000800418c                HAL_GPIO_DeInit
 .text.HAL_GPIO_WritePin
                0x00000000080043a0       0x32 Drivers/STM32F7xx_HAL_Driver/Src/stm32f7xx_hal_gpio.o
                0x00000000080043a0                HAL_GPIO_WritePin
 *fill*         0x00000000080043d2        0x2 
 .text.HAL_LTDC_Init
                0x00000000080043d4      0x1a0 Drivers/STM32F7xx_HAL_Driver/Src/stm32f7xx_hal_ltdc.o
                0x00000000080043d4                HAL_LTDC_Init
 .text.HAL_LTDC_ConfigLayer
                0x0000000008004574       0x7c Drivers/STM32F7xx_HAL_Driver/Src/stm32f7xx_hal_ltdc.o
                0x0000000008004574                HAL_LTDC_ConfigLayer
 .text.LTDC_SetConfig
                0x00000000080045f0      0x334 Drivers/STM32F7xx_HAL_Driver/Src/stm32f7xx_hal_ltdc.o
 .text.HAL_LTDCEx_StructInitFromVideoConfig
                0x0000000008004924       0xa0 Drivers/STM32F7xx_HAL_Driver/Src/stm32f7xx_hal_ltdc_ex.o
                0x0000000008004924                HAL_LTDCEx_StructInitFromVideoConfig
 .text.HAL_PWREx_EnableOverDrive
                0x00000000080049c4       0xa0 Drivers/STM32F7xx_HAL_Driver/Src/stm32f7xx_hal_pwr_ex.o
                0x00000000080049c4                HAL_PWREx_EnableOverDrive
 .text.HAL_RCC_OscConfig
                0x0000000008004a64      0x4e4 Drivers/STM32F7xx_HAL_Driver/Src/stm32f7xx_hal_rcc.o
                0x0000000008004a64                HAL_RCC_OscConfig
 .text.HAL_RCC_ClockConfig
                0x0000000008004f48      0x1d0 Drivers/STM32F7xx_HAL_Driver/Src/stm32f7xx_hal_rcc.o
                0x0000000008004f48                HAL_RCC_ClockConfig
 .text.HAL_RCC_GetSysClockFreq
                0x0000000008005118      0x164 Drivers/STM32F7xx_HAL_Driver/Src/stm32f7xx_hal_rcc.o
                0x0000000008005118                HAL_RCC_GetSysClockFreq
 .text.HAL_RCCEx_PeriphCLKConfig
                0x000000000800527c      0x84c Drivers/STM32F7xx_HAL_Driver/Src/stm32f7xx_hal_rcc_ex.o
                0x000000000800527c                HAL_RCCEx_PeriphCLKConfig
 .text.HAL_SDRAM_Init
                0x0000000008005ac8       0x68 Drivers/STM32F7xx_HAL_Driver/Src/stm32f7xx_hal_sdram.o
                0x0000000008005ac8                HAL_SDRAM_Init
 .text.HAL_SDRAM_SendCommand
                0x0000000008005b30       0x56 Drivers/STM32F7xx_HAL_Driver/Src/stm32f7xx_hal_sdram.o
                0x0000000008005b30                HAL_SDRAM_SendCommand
 .text.HAL_SDRAM_ProgramRefreshRate
                0x0000000008005b86       0x40 Drivers/STM32F7xx_HAL_Driver/Src/stm32f7xx_hal_sdram.o
                0x0000000008005b86                HAL_SDRAM_ProgramRefreshRate
 *fill*         0x0000000008005bc6        0x2 
 .text.FMC_SDRAM_Init
                0x0000000008005bc8       0xe4 Drivers/STM32F7xx_HAL_Driver/Src/stm32f7xx_ll_fmc.o
                0x0000000008005bc8                FMC_SDRAM_Init
 .text.FMC_SDRAM_Timing_Init
                0x0000000008005cac      0x100 Drivers/STM32F7xx_HAL_Driver/Src/stm32f7xx_ll_fmc.o
                0x0000000008005cac                FMC_SDRAM_Timing_Init
 .text.FMC_SDRAM_SendCommand
                0x0000000008005dac       0x42 Drivers/STM32F7xx_HAL_Driver/Src/stm32f7xx_ll_fmc.o
                0x0000000008005dac                FMC_SDRAM_SendCommand
 .text.FMC_SDRAM_ProgramRefreshRate
                0x0000000008005dee       0x26 Drivers/STM32F7xx_HAL_Driver/Src/stm32f7xx_ll_fmc.o
                0x0000000008005dee                FMC_SDRAM_ProgramRefreshRate
 .text.SCB_EnableICache
                0x0000000008005e14       0x40 Src/main.o
 .text.SCB_EnableDCache
                0x0000000008005e54       0x80 Src/main.o
 .text.main     0x0000000008005ed4       0xd4 Src/main.o
                0x0000000008005ed4                main
 .text.SystemClock_Config
                0x0000000008005fa8      0x134 Src/main.o
                0x0000000008005fa8                SystemClock_Config
 .text.MX_ADC1_Init
                0x00000000080060dc       0xa8 Src/main.o
 .text.MX_DMA2D_Init
                0x0000000008006184       0x70 Src/main.o
 .text.MX_DSIHOST_DSI_Init
                0x00000000080061f4      0x1e8 Src/main.o
 .text.MX_LTDC_Init
                0x00000000080063dc      0x164 Src/main.o
 .text.MX_FMC_Init
                0x0000000008006540       0x9c Src/main.o
 .text.MX_GPIO_Init
                0x00000000080065dc       0xd8 Src/main.o
 .text.LCD_Config
                0x00000000080066b4       0xf4 Src/main.o
 .text.Error_Handler
                0x00000000080067a8        0xe Src/main.o
                0x00000000080067a8                Error_Handler
 *fill*         0x00000000080067b6        0x2 
 .text.HAL_MspInit
                0x00000000080067b8       0x48 Src/stm32f7xx_hal_msp.o
                0x00000000080067b8                HAL_MspInit
 .text.HAL_ADC_MspInit
                0x0000000008006800       0x40 Src/stm32f7xx_hal_msp.o
                0x0000000008006800                HAL_ADC_MspInit
 .text.HAL_DMA2D_MspInit
                0x0000000008006840       0x40 Src/stm32f7xx_hal_msp.o
                0x0000000008006840                HAL_DMA2D_MspInit
 .text.HAL_DSI_MspInit
                0x0000000008006880       0x88 Src/stm32f7xx_hal_msp.o
                0x0000000008006880                HAL_DSI_MspInit
 .text.HAL_DSI_MspDeInit
                0x0000000008006908       0x3c Src/stm32f7xx_hal_msp.o
                0x0000000008006908                HAL_DSI_MspDeInit
 .text.HAL_LTDC_MspInit
                0x0000000008006944       0x40 Src/stm32f7xx_hal_msp.o
                0x0000000008006944                HAL_LTDC_MspInit
 .text.HAL_FMC_MspInit
                0x0000000008006984      0x148 Src/stm32f7xx_hal_msp.o
 .text.HAL_SDRAM_MspInit
                0x0000000008006acc       0x14 Src/stm32f7xx_hal_msp.o
                0x0000000008006acc                HAL_SDRAM_MspInit
 .text.NMI_Handler
                0x0000000008006ae0        0xe Src/stm32f7xx_it.o
                0x0000000008006ae0                NMI_Handler
 .text.HardFault_Handler
                0x0000000008006aee        0x6 Src/stm32f7xx_it.o
                0x0000000008006aee                HardFault_Handler
 .text.MemManage_Handler
                0x0000000008006af4        0x6 Src/stm32f7xx_it.o
                0x0000000008006af4                MemManage_Handler
 .text.BusFault_Handler
                0x0000000008006afa        0x6 Src/stm32f7xx_it.o
                0x0000000008006afa                BusFault_Handler
 .text.UsageFault_Handler
                0x0000000008006b00        0x6 Src/stm32f7xx_it.o
                0x0000000008006b00                UsageFault_Handler
 .text.SVC_Handler
                0x0000000008006b06        0xe Src/stm32f7xx_it.o
                0x0000000008006b06                SVC_Handler
 .text.DebugMon_Handler
                0x0000000008006b14        0xe Src/stm32f7xx_it.o
                0x0000000008006b14                DebugMon_Handler
 .text.PendSV_Handler
                0x0000000008006b22        0xe Src/stm32f7xx_it.o
                0x0000000008006b22                PendSV_Handler
 .text.SysTick_Handler
                0x0000000008006b30        0xc Src/stm32f7xx_it.o
                0x0000000008006b30                SysTick_Handler
 .text._sbrk    0x0000000008006b3c       0x58 Src/sysmem.o
                0x0000000008006b3c                _sbrk
 .text.SystemInit
                0x0000000008006b94       0x6c Src/system_stm32f7xx.o
                0x0000000008006b94                SystemInit
 .text.Reset_Handler
                0x0000000008006c00       0x50 Startup/startup_stm32f769nihx.o
                0x0000000008006c00                Reset_Handler
 .text.Default_Handler
                0x0000000008006c50        0x2 Startup/startup_stm32f769nihx.o
                0x0000000008006c50                RTC_Alarm_IRQHandler
                0x0000000008006c50                EXTI2_IRQHandler
                0x0000000008006c50                TIM8_CC_IRQHandler
                0x0000000008006c50                UART8_IRQHandler
                0x0000000008006c50                SPI4_IRQHandler
                0x0000000008006c50                TIM1_CC_IRQHandler
                0x0000000008006c50                DMA2_Stream5_IRQHandler
                0x0000000008006c50                JPEG_IRQHandler
                0x0000000008006c50                DMA1_Stream5_IRQHandler
                0x0000000008006c50                CAN3_RX1_IRQHandler
                0x0000000008006c50                PVD_IRQHandler
                0x0000000008006c50                TAMP_STAMP_IRQHandler
                0x0000000008006c50                CAN2_RX1_IRQHandler
                0x0000000008006c50                EXTI3_IRQHandler
                0x0000000008006c50                TIM8_TRG_COM_TIM14_IRQHandler
                0x0000000008006c50                DFSDM1_FLT1_IRQHandler
                0x0000000008006c50                TIM1_UP_TIM10_IRQHandler
                0x0000000008006c50                TIM8_UP_TIM13_IRQHandler
                0x0000000008006c50                I2C3_ER_IRQHandler
                0x0000000008006c50                DFSDM1_FLT2_IRQHandler
                0x0000000008006c50                EXTI0_IRQHandler
                0x0000000008006c50                I2C2_EV_IRQHandler
                0x0000000008006c50                DMA1_Stream2_IRQHandler
                0x0000000008006c50                CAN1_RX0_IRQHandler
                0x0000000008006c50                FPU_IRQHandler
                0x0000000008006c50                OTG_HS_WKUP_IRQHandler
                0x0000000008006c50                CAN3_SCE_IRQHandler
                0x0000000008006c50                LTDC_ER_IRQHandler
                0x0000000008006c50                CAN2_SCE_IRQHandler
                0x0000000008006c50                DMA2_Stream2_IRQHandler
                0x0000000008006c50                SPI1_IRQHandler
                0x0000000008006c50                TIM6_DAC_IRQHandler
                0x0000000008006c50                TIM1_BRK_TIM9_IRQHandler
                0x0000000008006c50                DCMI_IRQHandler
                0x0000000008006c50                CAN2_RX0_IRQHandler
                0x0000000008006c50                DMA2_Stream3_IRQHandler
                0x0000000008006c50                SAI2_IRQHandler
                0x0000000008006c50                DFSDM1_FLT3_IRQHandler
                0x0000000008006c50                USART6_IRQHandler
                0x0000000008006c50                CAN3_RX0_IRQHandler
                0x0000000008006c50                USART3_IRQHandler
                0x0000000008006c50                CAN1_RX1_IRQHandler
                0x0000000008006c50                UART5_IRQHandler
                0x0000000008006c50                DMA2_Stream0_IRQHandler
                0x0000000008006c50                TIM4_IRQHandler
                0x0000000008006c50                QUADSPI_IRQHandler
                0x0000000008006c50                I2C1_EV_IRQHandler
                0x0000000008006c50                DMA1_Stream6_IRQHandler
                0x0000000008006c50                DMA1_Stream1_IRQHandler
                0x0000000008006c50                UART4_IRQHandler
                0x0000000008006c50                TIM3_IRQHandler
                0x0000000008006c50                RCC_IRQHandler
                0x0000000008006c50                TIM8_BRK_TIM12_IRQHandler
                0x0000000008006c50                Default_Handler
                0x0000000008006c50                CEC_IRQHandler
                0x0000000008006c50                EXTI15_10_IRQHandler
                0x0000000008006c50                ADC_IRQHandler
                0x0000000008006c50                DMA1_Stream7_IRQHandler
                0x0000000008006c50                SPI5_IRQHandler
                0x0000000008006c50                TIM7_IRQHandler
                0x0000000008006c50                SDMMC1_IRQHandler
                0x0000000008006c50                CAN2_TX_IRQHandler
                0x0000000008006c50                TIM5_IRQHandler
                0x0000000008006c50                DMA2_Stream7_IRQHandler
                0x0000000008006c50                I2C3_EV_IRQHandler
                0x0000000008006c50                EXTI9_5_IRQHandler
                0x0000000008006c50                RTC_WKUP_IRQHandler
                0x0000000008006c50                LTDC_IRQHandler
                0x0000000008006c50                ETH_WKUP_IRQHandler
                0x0000000008006c50                SPDIF_RX_IRQHandler
                0x0000000008006c50                SPI2_IRQHandler
                0x0000000008006c50                OTG_HS_EP1_IN_IRQHandler
                0x0000000008006c50                DMA1_Stream0_IRQHandler
                0x0000000008006c50                CAN1_TX_IRQHandler
                0x0000000008006c50                EXTI4_IRQHandler
                0x0000000008006c50                RNG_IRQHandler
                0x0000000008006c50                DSI_IRQHandler
                0x0000000008006c50                ETH_IRQHandler
                0x0000000008006c50                OTG_HS_EP1_OUT_IRQHandler
                0x0000000008006c50                WWDG_IRQHandler
                0x0000000008006c50                SPI6_IRQHandler
                0x0000000008006c50                MDIOS_IRQHandler
                0x0000000008006c50                I2C4_EV_IRQHandler
                0x0000000008006c50                CAN3_TX_IRQHandler
                0x0000000008006c50                TIM2_IRQHandler
                0x0000000008006c50                OTG_FS_WKUP_IRQHandler
                0x0000000008006c50                TIM1_TRG_COM_TIM11_IRQHandler
                0x0000000008006c50                OTG_HS_IRQHandler
                0x0000000008006c50                DMA2D_IRQHandler
                0x0000000008006c50                EXTI1_IRQHandler
                0x0000000008006c50                SDMMC2_IRQHandler
                0x0000000008006c50                UART7_IRQHandler
                0x0000000008006c50                USART2_IRQHandler
                0x0000000008006c50                DFSDM1_FLT0_IRQHandler
                0x0000000008006c50                I2C2_ER_IRQHandler
                0x0000000008006c50                DMA2_Stream1_IRQHandler
                0x0000000008006c50                CAN1_SCE_IRQHandler
                0x0000000008006c50                FLASH_IRQHandler
                0x0000000008006c50                DMA2_Stream4_IRQHandler
                0x0000000008006c50                USART1_IRQHandler
                0x0000000008006c50                OTG_FS_IRQHandler
                0x0000000008006c50                SPI3_IRQHandler
                0x0000000008006c50                DMA1_Stream4_IRQHandler
                0x0000000008006c50                I2C1_ER_IRQHandler
                0x0000000008006c50                FMC_IRQHandler
                0x0000000008006c50                LPTIM1_IRQHandler
                0x0000000008006c50                I2C4_ER_IRQHandler
                0x0000000008006c50                DMA2_Stream6_IRQHandler
                0x0000000008006c50                SAI1_IRQHandler
                0x0000000008006c50                DMA1_Stream3_IRQHandler
 *fill*         0x0000000008006c52        0x2 
 .text.__errno  0x0000000008006c54        0xc c:/st/stm32cubeide_1.0.0/stm32cubeide/plugins/com.st.stm32cube.ide.mcu.externaltools.gnu-tools-for-stm32.7-2018-q2-update.win32_1.0.0.201904181610/tools/bin/../lib/gcc/arm-none-eabi/7.3.1/../../../../arm-none-eabi/lib/thumb/v7e-m/fpv5/hard\libc_nano.a(lib_a-errno.o)
                0x0000000008006c54                __errno
 .text.__libc_init_array
                0x0000000008006c60       0x48 c:/st/stm32cubeide_1.0.0/stm32cubeide/plugins/com.st.stm32cube.ide.mcu.externaltools.gnu-tools-for-stm32.7-2018-q2-update.win32_1.0.0.201904181610/tools/bin/../lib/gcc/arm-none-eabi/7.3.1/../../../../arm-none-eabi/lib/thumb/v7e-m/fpv5/hard\libc_nano.a(lib_a-init.o)
                0x0000000008006c60                __libc_init_array
 .text.memset   0x0000000008006ca8       0x10 c:/st/stm32cubeide_1.0.0/stm32cubeide/plugins/com.st.stm32cube.ide.mcu.externaltools.gnu-tools-for-stm32.7-2018-q2-update.win32_1.0.0.201904181610/tools/bin/../lib/gcc/arm-none-eabi/7.3.1/../../../../arm-none-eabi/lib/thumb/v7e-m/fpv5/hard\libc_nano.a(lib_a-memset.o)
                0x0000000008006ca8                memset
 .text.sprintf  0x0000000008006cb8       0x40 c:/st/stm32cubeide_1.0.0/stm32cubeide/plugins/com.st.stm32cube.ide.mcu.externaltools.gnu-tools-for-stm32.7-2018-q2-update.win32_1.0.0.201904181610/tools/bin/../lib/gcc/arm-none-eabi/7.3.1/../../../../arm-none-eabi/lib/thumb/v7e-m/fpv5/hard\libc_nano.a(lib_a-sprintf.o)
                0x0000000008006cb8                siprintf
                0x0000000008006cb8                sprintf
 .text.__ssputs_r
                0x0000000008006cf8       0xb4 c:/st/stm32cubeide_1.0.0/stm32cubeide/plugins/com.st.stm32cube.ide.mcu.externaltools.gnu-tools-for-stm32.7-2018-q2-update.win32_1.0.0.201904181610/tools/bin/../lib/gcc/arm-none-eabi/7.3.1/../../../../arm-none-eabi/lib/thumb/v7e-m/fpv5/hard\libc_nano.a(lib_a-nano-svfprintf.o)
                0x0000000008006cf8                __ssputs_r
 .text._svfprintf_r
                0x0000000008006dac      0x1f0 c:/st/stm32cubeide_1.0.0/stm32cubeide/plugins/com.st.stm32cube.ide.mcu.externaltools.gnu-tools-for-stm32.7-2018-q2-update.win32_1.0.0.201904181610/tools/bin/../lib/gcc/arm-none-eabi/7.3.1/../../../../arm-none-eabi/lib/thumb/v7e-m/fpv5/hard\libc_nano.a(lib_a-nano-svfprintf.o)
                0x0000000008006dac                _svfiprintf_r
                0x0000000008006dac                _svfprintf_r
 .text._printf_common
                0x0000000008006f9c       0xea c:/st/stm32cubeide_1.0.0/stm32cubeide/plugins/com.st.stm32cube.ide.mcu.externaltools.gnu-tools-for-stm32.7-2018-q2-update.win32_1.0.0.201904181610/tools/bin/../lib/gcc/arm-none-eabi/7.3.1/../../../../arm-none-eabi/lib/thumb/v7e-m/fpv5/hard\libc_nano.a(lib_a-nano-vfprintf_i.o)
                0x0000000008006f9c                _printf_common
 *fill*         0x0000000008007086        0x2 
 .text._printf_i
                0x0000000008007088      0x224 c:/st/stm32cubeide_1.0.0/stm32cubeide/plugins/com.st.stm32cube.ide.mcu.externaltools.gnu-tools-for-stm32.7-2018-q2-update.win32_1.0.0.201904181610/tools/bin/../lib/gcc/arm-none-eabi/7.3.1/../../../../arm-none-eabi/lib/thumb/v7e-m/fpv5/hard\libc_nano.a(lib_a-nano-vfprintf_i.o)
                0x0000000008007088                _printf_i
 .text.memcpy   0x00000000080072ac       0x16 c:/st/stm32cubeide_1.0.0/stm32cubeide/plugins/com.st.stm32cube.ide.mcu.externaltools.gnu-tools-for-stm32.7-2018-q2-update.win32_1.0.0.201904181610/tools/bin/../lib/gcc/arm-none-eabi/7.3.1/../../../../arm-none-eabi/lib/thumb/v7e-m/fpv5/hard\libc_nano.a(lib_a-memcpy-stub.o)
                0x00000000080072ac                memcpy
 .text.memmove  0x00000000080072c2       0x32 c:/st/stm32cubeide_1.0.0/stm32cubeide/plugins/com.st.stm32cube.ide.mcu.externaltools.gnu-tools-for-stm32.7-2018-q2-update.win32_1.0.0.201904181610/tools/bin/../lib/gcc/arm-none-eabi/7.3.1/../../../../arm-none-eabi/lib/thumb/v7e-m/fpv5/hard\libc_nano.a(lib_a-memmove.o)
                0x00000000080072c2                memmove
 .text._free_r  0x00000000080072f4       0x9c c:/st/stm32cubeide_1.0.0/stm32cubeide/plugins/com.st.stm32cube.ide.mcu.externaltools.gnu-tools-for-stm32.7-2018-q2-update.win32_1.0.0.201904181610/tools/bin/../lib/gcc/arm-none-eabi/7.3.1/../../../../arm-none-eabi/lib/thumb/v7e-m/fpv5/hard\libc_nano.a(lib_a-nano-freer.o)
                0x00000000080072f4                _free_r
 .text._malloc_r
                0x0000000008007390       0xb4 c:/st/stm32cubeide_1.0.0/stm32cubeide/plugins/com.st.stm32cube.ide.mcu.externaltools.gnu-tools-for-stm32.7-2018-q2-update.win32_1.0.0.201904181610/tools/bin/../lib/gcc/arm-none-eabi/7.3.1/../../../../arm-none-eabi/lib/thumb/v7e-m/fpv5/hard\libc_nano.a(lib_a-nano-mallocr.o)
                0x0000000008007390                _malloc_r
 .text._realloc_r
                0x0000000008007444       0x4c c:/st/stm32cubeide_1.0.0/stm32cubeide/plugins/com.st.stm32cube.ide.mcu.externaltools.gnu-tools-for-stm32.7-2018-q2-update.win32_1.0.0.201904181610/tools/bin/../lib/gcc/arm-none-eabi/7.3.1/../../../../arm-none-eabi/lib/thumb/v7e-m/fpv5/hard\libc_nano.a(lib_a-nano-reallocr.o)
                0x0000000008007444                _realloc_r
 .text._sbrk_r  0x0000000008007490       0x20 c:/st/stm32cubeide_1.0.0/stm32cubeide/plugins/com.st.stm32cube.ide.mcu.externaltools.gnu-tools-for-stm32.7-2018-q2-update.win32_1.0.0.201904181610/tools/bin/../lib/gcc/arm-none-eabi/7.3.1/../../../../arm-none-eabi/lib/thumb/v7e-m/fpv5/hard\libc_nano.a(lib_a-sbrkr.o)
                0x0000000008007490                _sbrk_r
 .text.__malloc_lock
                0x00000000080074b0        0x2 c:/st/stm32cubeide_1.0.0/stm32cubeide/plugins/com.st.stm32cube.ide.mcu.externaltools.gnu-tools-for-stm32.7-2018-q2-update.win32_1.0.0.201904181610/tools/bin/../lib/gcc/arm-none-eabi/7.3.1/../../../../arm-none-eabi/lib/thumb/v7e-m/fpv5/hard\libc_nano.a(lib_a-mlock.o)
                0x00000000080074b0                __malloc_lock
 .text.__malloc_unlock
                0x00000000080074b2        0x2 c:/st/stm32cubeide_1.0.0/stm32cubeide/plugins/com.st.stm32cube.ide.mcu.externaltools.gnu-tools-for-stm32.7-2018-q2-update.win32_1.0.0.201904181610/tools/bin/../lib/gcc/arm-none-eabi/7.3.1/../../../../arm-none-eabi/lib/thumb/v7e-m/fpv5/hard\libc_nano.a(lib_a-mlock.o)
                0x00000000080074b2                __malloc_unlock
 .text._malloc_usable_size_r
                0x00000000080074b4       0x10 c:/st/stm32cubeide_1.0.0/stm32cubeide/plugins/com.st.stm32cube.ide.mcu.externaltools.gnu-tools-for-stm32.7-2018-q2-update.win32_1.0.0.201904181610/tools/bin/../lib/gcc/arm-none-eabi/7.3.1/../../../../arm-none-eabi/lib/thumb/v7e-m/fpv5/hard\libc_nano.a(lib_a-nano-msizer.o)
                0x00000000080074b4                _malloc_usable_size_r
 *(.glue_7)
 .glue_7        0x00000000080074c4        0x0 linker stubs
 *(.glue_7t)
 .glue_7t       0x00000000080074c4        0x0 linker stubs
 *(.eh_frame)
 .eh_frame      0x00000000080074c4        0x0 c:/st/stm32cubeide_1.0.0/stm32cubeide/plugins/com.st.stm32cube.ide.mcu.externaltools.gnu-tools-for-stm32.7-2018-q2-update.win32_1.0.0.201904181610/tools/bin/../lib/gcc/arm-none-eabi/7.3.1/thumb/v7e-m/fpv5/hard/crtbegin.o
 *(.init)
 .init          0x00000000080074c4        0x4 c:/st/stm32cubeide_1.0.0/stm32cubeide/plugins/com.st.stm32cube.ide.mcu.externaltools.gnu-tools-for-stm32.7-2018-q2-update.win32_1.0.0.201904181610/tools/bin/../lib/gcc/arm-none-eabi/7.3.1/thumb/v7e-m/fpv5/hard/crti.o
                0x00000000080074c4                _init
 .init          0x00000000080074c8        0x8 c:/st/stm32cubeide_1.0.0/stm32cubeide/plugins/com.st.stm32cube.ide.mcu.externaltools.gnu-tools-for-stm32.7-2018-q2-update.win32_1.0.0.201904181610/tools/bin/../lib/gcc/arm-none-eabi/7.3.1/thumb/v7e-m/fpv5/hard/crtn.o
 *(.fini)
 .fini          0x00000000080074d0        0x4 c:/st/stm32cubeide_1.0.0/stm32cubeide/plugins/com.st.stm32cube.ide.mcu.externaltools.gnu-tools-for-stm32.7-2018-q2-update.win32_1.0.0.201904181610/tools/bin/../lib/gcc/arm-none-eabi/7.3.1/thumb/v7e-m/fpv5/hard/crti.o
                0x00000000080074d0                _fini
 .fini          0x00000000080074d4        0x8 c:/st/stm32cubeide_1.0.0/stm32cubeide/plugins/com.st.stm32cube.ide.mcu.externaltools.gnu-tools-for-stm32.7-2018-q2-update.win32_1.0.0.201904181610/tools/bin/../lib/gcc/arm-none-eabi/7.3.1/thumb/v7e-m/fpv5/hard/crtn.o
                0x00000000080074dc                . = ALIGN (0x4)
                0x00000000080074dc                _etext = .

.vfp11_veneer   0x00000000080074dc        0x0
 .vfp11_veneer  0x00000000080074dc        0x0 linker stubs

.v4_bx          0x00000000080074dc        0x0
 .v4_bx         0x00000000080074dc        0x0 linker stubs

.iplt           0x00000000080074dc        0x0
 .iplt          0x00000000080074dc        0x0 c:/st/stm32cubeide_1.0.0/stm32cubeide/plugins/com.st.stm32cube.ide.mcu.externaltools.gnu-tools-for-stm32.7-2018-q2-update.win32_1.0.0.201904181610/tools/bin/../lib/gcc/arm-none-eabi/7.3.1/thumb/v7e-m/fpv5/hard/crtbegin.o

.rodata         0x00000000080074dc     0x2e60
                0x00000000080074dc                . = ALIGN (0x4)
 *(.rodata)
 .rodata        0x00000000080074dc       0xf4 Src/main.o
 *(.rodata*)
 .rodata.lcdRegData1
                0x00000000080075d0        0x4 Drivers/BSP/Components/otm8009a/otm8009a.o
                0x00000000080075d0                lcdRegData1
 .rodata.lcdRegData2
                0x00000000080075d4        0x3 Drivers/BSP/Components/otm8009a/otm8009a.o
                0x00000000080075d4                lcdRegData2
 *fill*         0x00000000080075d7        0x1 
 .rodata.lcdRegData3
                0x00000000080075d8       0x11 Drivers/BSP/Components/otm8009a/otm8009a.o
                0x00000000080075d8                lcdRegData3
 *fill*         0x00000000080075e9        0x3 
 .rodata.lcdRegData4
                0x00000000080075ec       0x11 Drivers/BSP/Components/otm8009a/otm8009a.o
                0x00000000080075ec                lcdRegData4
 *fill*         0x00000000080075fd        0x3 
 .rodata.lcdRegData5
                0x0000000008007600        0x3 Drivers/BSP/Components/otm8009a/otm8009a.o
                0x0000000008007600                lcdRegData5
 *fill*         0x0000000008007603        0x1 
 .rodata.lcdRegData6
                0x0000000008007604        0x3 Drivers/BSP/Components/otm8009a/otm8009a.o
                0x0000000008007604                lcdRegData6
 *fill*         0x0000000008007607        0x1 
 .rodata.lcdRegData7
                0x0000000008007608        0x7 Drivers/BSP/Components/otm8009a/otm8009a.o
                0x0000000008007608                lcdRegData7
 *fill*         0x000000000800760f        0x1 
 .rodata.lcdRegData8
                0x0000000008007610        0xf Drivers/BSP/Components/otm8009a/otm8009a.o
                0x0000000008007610                lcdRegData8
 *fill*         0x000000000800761f        0x1 
 .rodata.lcdRegData9
                0x0000000008007620        0xf Drivers/BSP/Components/otm8009a/otm8009a.o
                0x0000000008007620                lcdRegData9
 *fill*         0x000000000800762f        0x1 
 .rodata.lcdRegData10
                0x0000000008007630        0xb Drivers/BSP/Components/otm8009a/otm8009a.o
                0x0000000008007630                lcdRegData10
 *fill*         0x000000000800763b        0x1 
 .rodata.lcdRegData11
                0x000000000800763c        0xb Drivers/BSP/Components/otm8009a/otm8009a.o
                0x000000000800763c                lcdRegData11
 *fill*         0x0000000008007647        0x1 
 .rodata.lcdRegData12
                0x0000000008007648       0x10 Drivers/BSP/Components/otm8009a/otm8009a.o
                0x0000000008007648                lcdRegData12
 .rodata.lcdRegData13
                0x0000000008007658       0x10 Drivers/BSP/Components/otm8009a/otm8009a.o
                0x0000000008007658                lcdRegData13
 .rodata.lcdRegData14
                0x0000000008007668        0xb Drivers/BSP/Components/otm8009a/otm8009a.o
                0x0000000008007668                lcdRegData14
 *fill*         0x0000000008007673        0x1 
 .rodata.lcdRegData15
                0x0000000008007674       0x10 Drivers/BSP/Components/otm8009a/otm8009a.o
                0x0000000008007674                lcdRegData15
 .rodata.lcdRegData16
                0x0000000008007684       0x10 Drivers/BSP/Components/otm8009a/otm8009a.o
                0x0000000008007684                lcdRegData16
 .rodata.lcdRegData17
                0x0000000008007694        0xb Drivers/BSP/Components/otm8009a/otm8009a.o
                0x0000000008007694                lcdRegData17
 *fill*         0x000000000800769f        0x1 
 .rodata.lcdRegData18
                0x00000000080076a0        0xb Drivers/BSP/Components/otm8009a/otm8009a.o
                0x00000000080076a0                lcdRegData18
 *fill*         0x00000000080076ab        0x1 
 .rodata.lcdRegData19
                0x00000000080076ac        0xb Drivers/BSP/Components/otm8009a/otm8009a.o
                0x00000000080076ac                lcdRegData19
 *fill*         0x00000000080076b7        0x1 
 .rodata.lcdRegData20
                0x00000000080076b8       0x10 Drivers/BSP/Components/otm8009a/otm8009a.o
                0x00000000080076b8                lcdRegData20
 .rodata.lcdRegData21
                0x00000000080076c8       0x10 Drivers/BSP/Components/otm8009a/otm8009a.o
                0x00000000080076c8                lcdRegData21
 .rodata.lcdRegData22
                0x00000000080076d8        0xb Drivers/BSP/Components/otm8009a/otm8009a.o
                0x00000000080076d8                lcdRegData22
 *fill*         0x00000000080076e3        0x1 
 .rodata.lcdRegData23
                0x00000000080076e4       0x10 Drivers/BSP/Components/otm8009a/otm8009a.o
                0x00000000080076e4                lcdRegData23
 .rodata.lcdRegData24
                0x00000000080076f4       0x10 Drivers/BSP/Components/otm8009a/otm8009a.o
                0x00000000080076f4                lcdRegData24
 .rodata.lcdRegData25
                0x0000000008007704        0x4 Drivers/BSP/Components/otm8009a/otm8009a.o
                0x0000000008007704                lcdRegData25
 .rodata.lcdRegData27
                0x0000000008007708        0x5 Drivers/BSP/Components/otm8009a/otm8009a.o
                0x0000000008007708                lcdRegData27
 *fill*         0x000000000800770d        0x3 
 .rodata.lcdRegData28
                0x0000000008007710        0x5 Drivers/BSP/Components/otm8009a/otm8009a.o
                0x0000000008007710                lcdRegData28
 *fill*         0x0000000008007715        0x3 
 .rodata.ShortRegData1
                0x0000000008007718        0x2 Drivers/BSP/Components/otm8009a/otm8009a.o
                0x0000000008007718                ShortRegData1
 *fill*         0x000000000800771a        0x2 
 .rodata.ShortRegData2
                0x000000000800771c        0x2 Drivers/BSP/Components/otm8009a/otm8009a.o
                0x000000000800771c                ShortRegData2
 *fill*         0x000000000800771e        0x2 
 .rodata.ShortRegData3
                0x0000000008007720        0x2 Drivers/BSP/Components/otm8009a/otm8009a.o
                0x0000000008007720                ShortRegData3
 *fill*         0x0000000008007722        0x2 
 .rodata.ShortRegData4
                0x0000000008007724        0x2 Drivers/BSP/Components/otm8009a/otm8009a.o
                0x0000000008007724                ShortRegData4
 *fill*         0x0000000008007726        0x2 
 .rodata.ShortRegData5
                0x0000000008007728        0x2 Drivers/BSP/Components/otm8009a/otm8009a.o
                0x0000000008007728                ShortRegData5
 *fill*         0x000000000800772a        0x2 
 .rodata.ShortRegData6
                0x000000000800772c        0x2 Drivers/BSP/Components/otm8009a/otm8009a.o
                0x000000000800772c                ShortRegData6
 *fill*         0x000000000800772e        0x2 
 .rodata.ShortRegData7
                0x0000000008007730        0x2 Drivers/BSP/Components/otm8009a/otm8009a.o
                0x0000000008007730                ShortRegData7
 *fill*         0x0000000008007732        0x2 
 .rodata.ShortRegData8
                0x0000000008007734        0x2 Drivers/BSP/Components/otm8009a/otm8009a.o
                0x0000000008007734                ShortRegData8
 *fill*         0x0000000008007736        0x2 
 .rodata.ShortRegData9
                0x0000000008007738        0x2 Drivers/BSP/Components/otm8009a/otm8009a.o
                0x0000000008007738                ShortRegData9
 *fill*         0x000000000800773a        0x2 
 .rodata.ShortRegData10
                0x000000000800773c        0x2 Drivers/BSP/Components/otm8009a/otm8009a.o
                0x000000000800773c                ShortRegData10
 *fill*         0x000000000800773e        0x2 
 .rodata.ShortRegData11
                0x0000000008007740        0x2 Drivers/BSP/Components/otm8009a/otm8009a.o
                0x0000000008007740                ShortRegData11
 *fill*         0x0000000008007742        0x2 
 .rodata.ShortRegData12
                0x0000000008007744        0x2 Drivers/BSP/Components/otm8009a/otm8009a.o
                0x0000000008007744                ShortRegData12
 *fill*         0x0000000008007746        0x2 
 .rodata.ShortRegData13
                0x0000000008007748        0x2 Drivers/BSP/Components/otm8009a/otm8009a.o
                0x0000000008007748                ShortRegData13
 *fill*         0x000000000800774a        0x2 
 .rodata.ShortRegData14
                0x000000000800774c        0x2 Drivers/BSP/Components/otm8009a/otm8009a.o
                0x000000000800774c                ShortRegData14
 *fill*         0x000000000800774e        0x2 
 .rodata.ShortRegData15
                0x0000000008007750        0x2 Drivers/BSP/Components/otm8009a/otm8009a.o
                0x0000000008007750                ShortRegData15
 *fill*         0x0000000008007752        0x2 
 .rodata.ShortRegData16
                0x0000000008007754        0x2 Drivers/BSP/Components/otm8009a/otm8009a.o
                0x0000000008007754                ShortRegData16
 *fill*         0x0000000008007756        0x2 
 .rodata.ShortRegData17
                0x0000000008007758        0x2 Drivers/BSP/Components/otm8009a/otm8009a.o
                0x0000000008007758                ShortRegData17
 *fill*         0x000000000800775a        0x2 
 .rodata.ShortRegData18
                0x000000000800775c        0x2 Drivers/BSP/Components/otm8009a/otm8009a.o
                0x000000000800775c                ShortRegData18
 *fill*         0x000000000800775e        0x2 
 .rodata.ShortRegData19
                0x0000000008007760        0x2 Drivers/BSP/Components/otm8009a/otm8009a.o
                0x0000000008007760                ShortRegData19
 *fill*         0x0000000008007762        0x2 
 .rodata.ShortRegData20
                0x0000000008007764        0x2 Drivers/BSP/Components/otm8009a/otm8009a.o
                0x0000000008007764                ShortRegData20
 *fill*         0x0000000008007766        0x2 
 .rodata.ShortRegData21
                0x0000000008007768        0x2 Drivers/BSP/Components/otm8009a/otm8009a.o
                0x0000000008007768                ShortRegData21
 *fill*         0x000000000800776a        0x2 
 .rodata.ShortRegData22
                0x000000000800776c        0x2 Drivers/BSP/Components/otm8009a/otm8009a.o
                0x000000000800776c                ShortRegData22
 *fill*         0x000000000800776e        0x2 
 .rodata.ShortRegData23
                0x0000000008007770        0x2 Drivers/BSP/Components/otm8009a/otm8009a.o
                0x0000000008007770                ShortRegData23
 *fill*         0x0000000008007772        0x2 
 .rodata.ShortRegData24
                0x0000000008007774        0x2 Drivers/BSP/Components/otm8009a/otm8009a.o
                0x0000000008007774                ShortRegData24
 *fill*         0x0000000008007776        0x2 
 .rodata.ShortRegData25
                0x0000000008007778        0x2 Drivers/BSP/Components/otm8009a/otm8009a.o
                0x0000000008007778                ShortRegData25
 *fill*         0x000000000800777a        0x2 
 .rodata.ShortRegData26
                0x000000000800777c        0x2 Drivers/BSP/Components/otm8009a/otm8009a.o
                0x000000000800777c                ShortRegData26
 *fill*         0x000000000800777e        0x2 
 .rodata.ShortRegData27
                0x0000000008007780        0x2 Drivers/BSP/Components/otm8009a/otm8009a.o
                0x0000000008007780                ShortRegData27
 *fill*         0x0000000008007782        0x2 
 .rodata.ShortRegData28
                0x0000000008007784        0x2 Drivers/BSP/Components/otm8009a/otm8009a.o
                0x0000000008007784                ShortRegData28
 *fill*         0x0000000008007786        0x2 
 .rodata.ShortRegData29
                0x0000000008007788        0x2 Drivers/BSP/Components/otm8009a/otm8009a.o
                0x0000000008007788                ShortRegData29
 *fill*         0x000000000800778a        0x2 
 .rodata.ShortRegData30
                0x000000000800778c        0x2 Drivers/BSP/Components/otm8009a/otm8009a.o
                0x000000000800778c                ShortRegData30
 *fill*         0x000000000800778e        0x2 
 .rodata.ShortRegData31
                0x0000000008007790        0x2 Drivers/BSP/Components/otm8009a/otm8009a.o
                0x0000000008007790                ShortRegData31
 *fill*         0x0000000008007792        0x2 
 .rodata.ShortRegData32
                0x0000000008007794        0x2 Drivers/BSP/Components/otm8009a/otm8009a.o
                0x0000000008007794                ShortRegData32
 *fill*         0x0000000008007796        0x2 
 .rodata.ShortRegData33
                0x0000000008007798        0x2 Drivers/BSP/Components/otm8009a/otm8009a.o
                0x0000000008007798                ShortRegData33
 *fill*         0x000000000800779a        0x2 
 .rodata.ShortRegData34
                0x000000000800779c        0x2 Drivers/BSP/Components/otm8009a/otm8009a.o
                0x000000000800779c                ShortRegData34
 *fill*         0x000000000800779e        0x2 
 .rodata.ShortRegData35
                0x00000000080077a0        0x2 Drivers/BSP/Components/otm8009a/otm8009a.o
                0x00000000080077a0                ShortRegData35
 *fill*         0x00000000080077a2        0x2 
 .rodata.ShortRegData36
                0x00000000080077a4        0x2 Drivers/BSP/Components/otm8009a/otm8009a.o
                0x00000000080077a4                ShortRegData36
 *fill*         0x00000000080077a6        0x2 
 .rodata.ShortRegData37
                0x00000000080077a8        0x2 Drivers/BSP/Components/otm8009a/otm8009a.o
                0x00000000080077a8                ShortRegData37
 *fill*         0x00000000080077aa        0x2 
 .rodata.ShortRegData38
                0x00000000080077ac        0x2 Drivers/BSP/Components/otm8009a/otm8009a.o
                0x00000000080077ac                ShortRegData38
 *fill*         0x00000000080077ae        0x2 
 .rodata.ShortRegData39
                0x00000000080077b0        0x2 Drivers/BSP/Components/otm8009a/otm8009a.o
                0x00000000080077b0                ShortRegData39
 *fill*         0x00000000080077b2        0x2 
 .rodata.ShortRegData40
                0x00000000080077b4        0x2 Drivers/BSP/Components/otm8009a/otm8009a.o
                0x00000000080077b4                ShortRegData40
 *fill*         0x00000000080077b6        0x2 
 .rodata.ShortRegData41
                0x00000000080077b8        0x2 Drivers/BSP/Components/otm8009a/otm8009a.o
                0x00000000080077b8                ShortRegData41
 *fill*         0x00000000080077ba        0x2 
 .rodata.ShortRegData42
                0x00000000080077bc        0x2 Drivers/BSP/Components/otm8009a/otm8009a.o
                0x00000000080077bc                ShortRegData42
 *fill*         0x00000000080077be        0x2 
 .rodata.ShortRegData43
                0x00000000080077c0        0x2 Drivers/BSP/Components/otm8009a/otm8009a.o
                0x00000000080077c0                ShortRegData43
 *fill*         0x00000000080077c2        0x2 
 .rodata.ShortRegData44
                0x00000000080077c4        0x2 Drivers/BSP/Components/otm8009a/otm8009a.o
                0x00000000080077c4                ShortRegData44
 *fill*         0x00000000080077c6        0x2 
 .rodata.ShortRegData45
                0x00000000080077c8        0x2 Drivers/BSP/Components/otm8009a/otm8009a.o
                0x00000000080077c8                ShortRegData45
 *fill*         0x00000000080077ca        0x2 
 .rodata.ShortRegData46
                0x00000000080077cc        0x2 Drivers/BSP/Components/otm8009a/otm8009a.o
                0x00000000080077cc                ShortRegData46
 *fill*         0x00000000080077ce        0x2 
 .rodata.ShortRegData47
                0x00000000080077d0        0x2 Drivers/BSP/Components/otm8009a/otm8009a.o
                0x00000000080077d0                ShortRegData47
 *fill*         0x00000000080077d2        0x2 
 .rodata.ShortRegData48
                0x00000000080077d4        0x2 Drivers/BSP/Components/otm8009a/otm8009a.o
                0x00000000080077d4                ShortRegData48
 *fill*         0x00000000080077d6        0x2 
 .rodata.ShortRegData49
                0x00000000080077d8        0x2 Drivers/BSP/Components/otm8009a/otm8009a.o
                0x00000000080077d8                ShortRegData49
 *fill*         0x00000000080077da        0x2 
 .rodata.ShortRegData50
                0x00000000080077dc        0x2 Drivers/BSP/Components/otm8009a/otm8009a.o
                0x00000000080077dc                ShortRegData50
 *fill*         0x00000000080077de        0x2 
 .rodata.ShortRegData51
                0x00000000080077e0        0x2 Drivers/BSP/Components/otm8009a/otm8009a.o
                0x00000000080077e0                ShortRegData51
 *fill*         0x00000000080077e2        0x2 
 .rodata.Font24_Table
                0x00000000080077e4     0x1ab8 Drivers/BSP/STM32F769I-Discovery/stm32f769i_discovery_lcd.o
                0x00000000080077e4                Font24_Table
 .rodata.Font16_Table
                0x000000000800929c      0xbe0 Drivers/BSP/STM32F769I-Discovery/stm32f769i_discovery_lcd.o
                0x000000000800929c                Font16_Table
 .rodata.Font12_Table
                0x0000000008009e7c      0x474 Drivers/BSP/STM32F769I-Discovery/stm32f769i_discovery_lcd.o
                0x0000000008009e7c                Font12_Table
 .rodata.flagBitshiftOffset.9227
                0x000000000800a2f0        0x8 Drivers/STM32F7xx_HAL_Driver/Src/stm32f7xx_hal_dma.o
 .rodata.AHBPrescTable
                0x000000000800a2f8       0x10 Src/system_stm32f7xx.o
                0x000000000800a2f8                AHBPrescTable
 .rodata._svfprintf_r.str1.1
                0x000000000800a308       0x11 c:/st/stm32cubeide_1.0.0/stm32cubeide/plugins/com.st.stm32cube.ide.mcu.externaltools.gnu-tools-for-stm32.7-2018-q2-update.win32_1.0.0.201904181610/tools/bin/../lib/gcc/arm-none-eabi/7.3.1/../../../../arm-none-eabi/lib/thumb/v7e-m/fpv5/hard\libc_nano.a(lib_a-nano-svfprintf.o)
 .rodata._printf_i.str1.1
                0x000000000800a319       0x22 c:/st/stm32cubeide_1.0.0/stm32cubeide/plugins/com.st.stm32cube.ide.mcu.externaltools.gnu-tools-for-stm32.7-2018-q2-update.win32_1.0.0.201904181610/tools/bin/../lib/gcc/arm-none-eabi/7.3.1/../../../../arm-none-eabi/lib/thumb/v7e-m/fpv5/hard\libc_nano.a(lib_a-nano-vfprintf_i.o)
                0x000000000800a33c                . = ALIGN (0x4)
 *fill*         0x000000000800a33b        0x1 

.ARM.extab      0x000000000800a33c        0x0
                0x000000000800a33c                . = ALIGN (0x4)
 *(.ARM.extab* .gnu.linkonce.armextab.*)
                0x000000000800a33c                . = ALIGN (0x4)

.ARM            0x000000000800a33c        0x8
                0x000000000800a33c                . = ALIGN (0x4)
                0x000000000800a33c                __exidx_start = .
 *(.ARM.exidx*)
 .ARM.exidx     0x000000000800a33c        0x8 c:/st/stm32cubeide_1.0.0/stm32cubeide/plugins/com.st.stm32cube.ide.mcu.externaltools.gnu-tools-for-stm32.7-2018-q2-update.win32_1.0.0.201904181610/tools/bin/../lib/gcc/arm-none-eabi/7.3.1/thumb/v7e-m/fpv5/hard\libgcc.a(_udivmoddi4.o)
                0x000000000800a344                __exidx_end = .
                0x000000000800a344                . = ALIGN (0x4)

.rel.dyn        0x000000000800a344        0x0
 .rel.iplt      0x000000000800a344        0x0 c:/st/stm32cubeide_1.0.0/stm32cubeide/plugins/com.st.stm32cube.ide.mcu.externaltools.gnu-tools-for-stm32.7-2018-q2-update.win32_1.0.0.201904181610/tools/bin/../lib/gcc/arm-none-eabi/7.3.1/thumb/v7e-m/fpv5/hard/crtbegin.o

.preinit_array  0x000000000800a344        0x0
                0x000000000800a344                . = ALIGN (0x4)
                0x000000000800a344                PROVIDE (__preinit_array_start = .)
 *(.preinit_array*)
                0x000000000800a344                PROVIDE (__preinit_array_end = .)
                0x000000000800a344                . = ALIGN (0x4)

.init_array     0x000000000800a344        0x4
                0x000000000800a344                . = ALIGN (0x4)
                0x000000000800a344                PROVIDE (__init_array_start = .)
 *(SORT_BY_NAME(.init_array.*))
 *(.init_array*)
 .init_array    0x000000000800a344        0x4 c:/st/stm32cubeide_1.0.0/stm32cubeide/plugins/com.st.stm32cube.ide.mcu.externaltools.gnu-tools-for-stm32.7-2018-q2-update.win32_1.0.0.201904181610/tools/bin/../lib/gcc/arm-none-eabi/7.3.1/thumb/v7e-m/fpv5/hard/crtbegin.o
                0x000000000800a348                PROVIDE (__init_array_end = .)
                0x000000000800a348                . = ALIGN (0x4)

.fini_array     0x000000000800a348        0x4
                0x000000000800a348                . = ALIGN (0x4)
                [!provide]                        PROVIDE (__fini_array_start = .)
 *(SORT_BY_NAME(.fini_array.*))
 *(.fini_array*)
 .fini_array    0x000000000800a348        0x4 c:/st/stm32cubeide_1.0.0/stm32cubeide/plugins/com.st.stm32cube.ide.mcu.externaltools.gnu-tools-for-stm32.7-2018-q2-update.win32_1.0.0.201904181610/tools/bin/../lib/gcc/arm-none-eabi/7.3.1/thumb/v7e-m/fpv5/hard/crtbegin.o
                [!provide]                        PROVIDE (__fini_array_end = .)
                0x000000000800a34c                . = ALIGN (0x4)
                0x000000000800a34c                _sidata = LOADADDR (.data)

.data           0x0000000020000000       0x94 load address 0x000000000800a34c
                0x0000000020000000                . = ALIGN (0x4)
                0x0000000020000000                _sdata = .
 *(.data)
 *(.data*)
 .data.Font24   0x0000000020000000        0x8 Drivers/BSP/STM32F769I-Discovery/stm32f769i_discovery_lcd.o
                0x0000000020000000                Font24
 .data.Font16   0x0000000020000008        0x8 Drivers/BSP/STM32F769I-Discovery/stm32f769i_discovery_lcd.o
                0x0000000020000008                Font16
 .data.Font12   0x0000000020000010        0x8 Drivers/BSP/STM32F769I-Discovery/stm32f769i_discovery_lcd.o
                0x0000000020000010                Font12
 .data.lcd_x_size
                0x0000000020000018        0x4 Drivers/BSP/STM32F769I-Discovery/stm32f769i_discovery_lcd.o
                0x0000000020000018                lcd_x_size
 .data.lcd_y_size
                0x000000002000001c        0x4 Drivers/BSP/STM32F769I-Discovery/stm32f769i_discovery_lcd.o
                0x000000002000001c                lcd_y_size
 .data.sdramstatus.9143
                0x0000000020000020        0x1 Drivers/BSP/STM32F769I-Discovery/stm32f769i_discovery_sdram.o
 *fill*         0x0000000020000021        0x3 
 .data.uwTickPrio
                0x0000000020000024        0x4 Drivers/STM32F7xx_HAL_Driver/Src/stm32f7xx_hal.o
                0x0000000020000024                uwTickPrio
 .data.uwTickFreq
                0x0000000020000028        0x1 Drivers/STM32F7xx_HAL_Driver/Src/stm32f7xx_hal.o
                0x0000000020000028                uwTickFreq
 *fill*         0x0000000020000029        0x3 
 .data.SystemCoreClock
                0x000000002000002c        0x4 Src/system_stm32f7xx.o
                0x000000002000002c                SystemCoreClock
 .data._impure_ptr
                0x0000000020000030        0x4 c:/st/stm32cubeide_1.0.0/stm32cubeide/plugins/com.st.stm32cube.ide.mcu.externaltools.gnu-tools-for-stm32.7-2018-q2-update.win32_1.0.0.201904181610/tools/bin/../lib/gcc/arm-none-eabi/7.3.1/../../../../arm-none-eabi/lib/thumb/v7e-m/fpv5/hard\libc_nano.a(lib_a-impure.o)
                0x0000000020000030                _impure_ptr
 .data.impure_data
                0x0000000020000034       0x60 c:/st/stm32cubeide_1.0.0/stm32cubeide/plugins/com.st.stm32cube.ide.mcu.externaltools.gnu-tools-for-stm32.7-2018-q2-update.win32_1.0.0.201904181610/tools/bin/../lib/gcc/arm-none-eabi/7.3.1/../../../../arm-none-eabi/lib/thumb/v7e-m/fpv5/hard\libc_nano.a(lib_a-impure.o)
                0x0000000020000094                . = ALIGN (0x4)
                0x0000000020000094                _edata = .

.igot.plt       0x0000000020000094        0x0 load address 0x000000000800a3e0
 .igot.plt      0x0000000020000094        0x0 c:/st/stm32cubeide_1.0.0/stm32cubeide/plugins/com.st.stm32cube.ide.mcu.externaltools.gnu-tools-for-stm32.7-2018-q2-update.win32_1.0.0.201904181610/tools/bin/../lib/gcc/arm-none-eabi/7.3.1/thumb/v7e-m/fpv5/hard/crtbegin.o
                0x0000000020000094                . = ALIGN (0x4)

.bss            0x0000000020000094      0x4c0 load address 0x000000000800a3e0
                0x0000000020000094                _sbss = .
                0x0000000020000094                __bss_start__ = _sbss
 *(.bss)
 .bss           0x0000000020000094       0x1c c:/st/stm32cubeide_1.0.0/stm32cubeide/plugins/com.st.stm32cube.ide.mcu.externaltools.gnu-tools-for-stm32.7-2018-q2-update.win32_1.0.0.201904181610/tools/bin/../lib/gcc/arm-none-eabi/7.3.1/thumb/v7e-m/fpv5/hard/crtbegin.o
 *(.bss*)
 .bss.hdsivideo_handle
                0x00000000200000b0       0x6c Drivers/BSP/STM32F769I-Discovery/stm32f769i_discovery_lcd.o
 .bss.ActiveLayer
                0x000000002000011c        0x4 Drivers/BSP/STM32F769I-Discovery/stm32f769i_discovery_lcd.o
 .bss.DrawProp  0x0000000020000120       0x18 Drivers/BSP/STM32F769I-Discovery/stm32f769i_discovery_lcd.o
 .bss.PeriphClkInitStruct.9899
                0x0000000020000138       0x90 Drivers/BSP/STM32F769I-Discovery/stm32f769i_discovery_lcd.o
 .bss.Timing    0x00000000200001c8       0x1c Drivers/BSP/STM32F769I-Discovery/stm32f769i_discovery_sdram.o
 .bss.Command   0x00000000200001e4       0x10 Drivers/BSP/STM32F769I-Discovery/stm32f769i_discovery_sdram.o
 .bss.dma_handle.9179
                0x00000000200001f4       0x60 Drivers/BSP/STM32F769I-Discovery/stm32f769i_discovery_sdram.o
 .bss.FMC_Initialized
                0x0000000020000254        0x4 Src/stm32f7xx_hal_msp.o
 .bss.heap_end.6424
                0x0000000020000258        0x4 Src/sysmem.o
 .bss.__malloc_free_list
                0x000000002000025c        0x4 c:/st/stm32cubeide_1.0.0/stm32cubeide/plugins/com.st.stm32cube.ide.mcu.externaltools.gnu-tools-for-stm32.7-2018-q2-update.win32_1.0.0.201904181610/tools/bin/../lib/gcc/arm-none-eabi/7.3.1/../../../../arm-none-eabi/lib/thumb/v7e-m/fpv5/hard\libc_nano.a(lib_a-nano-mallocr.o)
                0x000000002000025c                __malloc_free_list
 .bss.__malloc_sbrk_start
                0x0000000020000260        0x4 c:/st/stm32cubeide_1.0.0/stm32cubeide/plugins/com.st.stm32cube.ide.mcu.externaltools.gnu-tools-for-stm32.7-2018-q2-update.win32_1.0.0.201904181610/tools/bin/../lib/gcc/arm-none-eabi/7.3.1/../../../../arm-none-eabi/lib/thumb/v7e-m/fpv5/hard\libc_nano.a(lib_a-nano-mallocr.o)
                0x0000000020000260                __malloc_sbrk_start
 *(COMMON)
 COMMON         0x0000000020000264      0x11c Drivers/BSP/STM32F769I-Discovery/stm32f769i_discovery_lcd.o
                0x0000000020000264                hdma2d_discovery
                0x00000000200002bc                hltdc_discovery
                0x0000000020000364                hdsi_discovery
 COMMON         0x0000000020000380       0x34 Drivers/BSP/STM32F769I-Discovery/stm32f769i_discovery_sdram.o
                0x0000000020000380                sdramHandle
 COMMON         0x00000000200003b4        0x4 Drivers/STM32F7xx_HAL_Driver/Src/stm32f7xx_hal.o
                0x00000000200003b4                uwTick
 COMMON         0x00000000200003b8      0x198 Src/main.o
                0x00000000200003b8                hdsi
                0x00000000200003d4                hltdc
                0x000000002000047c                hadc1
                0x00000000200004c4                hdma2d
                0x000000002000051c                hsdram1
 COMMON         0x0000000020000550        0x4 c:/st/stm32cubeide_1.0.0/stm32cubeide/plugins/com.st.stm32cube.ide.mcu.externaltools.gnu-tools-for-stm32.7-2018-q2-update.win32_1.0.0.201904181610/tools/bin/../lib/gcc/arm-none-eabi/7.3.1/../../../../arm-none-eabi/lib/thumb/v7e-m/fpv5/hard\libc_nano.a(lib_a-reent.o)
                0x0000000020000550                errno
                0x0000000020000554                . = ALIGN (0x4)
                0x0000000020000554                _ebss = .
                0x0000000020000554                __bss_end__ = _ebss

._user_heap_stack
                0x0000000020000554      0x604 load address 0x000000000800a3e0
                0x0000000020000558                . = ALIGN (0x8)
 *fill*         0x0000000020000554        0x4 
                0x0000000020000558                PROVIDE (end = .)
                [!provide]                        PROVIDE (_end = .)
                0x0000000020000758                . = (. + _Min_Heap_Size)
 *fill*         0x0000000020000558      0x200 
                0x0000000020000b58                . = (. + _Min_Stack_Size)
 *fill*         0x0000000020000758      0x400 
                0x0000000020000b58                . = ALIGN (0x8)

/DISCARD/
 libc.a(*)
 libm.a(*)
 libgcc.a(*)

.ARM.attributes
                0x0000000000000000       0x2e
 *(.ARM.attributes)
 .ARM.attributes
                0x0000000000000000       0x20 c:/st/stm32cubeide_1.0.0/stm32cubeide/plugins/com.st.stm32cube.ide.mcu.externaltools.gnu-tools-for-stm32.7-2018-q2-update.win32_1.0.0.201904181610/tools/bin/../lib/gcc/arm-none-eabi/7.3.1/thumb/v7e-m/fpv5/hard/crti.o
 .ARM.attributes
                0x0000000000000020       0x32 c:/st/stm32cubeide_1.0.0/stm32cubeide/plugins/com.st.stm32cube.ide.mcu.externaltools.gnu-tools-for-stm32.7-2018-q2-update.win32_1.0.0.201904181610/tools/bin/../lib/gcc/arm-none-eabi/7.3.1/thumb/v7e-m/fpv5/hard/crtbegin.o
 .ARM.attributes
                0x0000000000000052       0x37 Drivers/BSP/Components/otm8009a/otm8009a.o
 .ARM.attributes
                0x0000000000000089       0x37 Drivers/BSP/STM32F769I-Discovery/stm32f769i_discovery.o
 .ARM.attributes
                0x00000000000000c0       0x37 Drivers/BSP/STM32F769I-Discovery/stm32f769i_discovery_lcd.o
 .ARM.attributes
                0x00000000000000f7       0x37 Drivers/BSP/STM32F769I-Discovery/stm32f769i_discovery_sdram.o
 .ARM.attributes
                0x000000000000012e       0x37 Drivers/STM32F7xx_HAL_Driver/Src/stm32f7xx_hal.o
 .ARM.attributes
                0x0000000000000165       0x37 Drivers/STM32F7xx_HAL_Driver/Src/stm32f7xx_hal_adc.o
 .ARM.attributes
                0x000000000000019c       0x37 Drivers/STM32F7xx_HAL_Driver/Src/stm32f7xx_hal_cortex.o
 .ARM.attributes
                0x00000000000001d3       0x37 Drivers/STM32F7xx_HAL_Driver/Src/stm32f7xx_hal_dma.o
 .ARM.attributes
                0x000000000000020a       0x37 Drivers/STM32F7xx_HAL_Driver/Src/stm32f7xx_hal_dma2d.o
 .ARM.attributes
                0x0000000000000241       0x37 Drivers/STM32F7xx_HAL_Driver/Src/stm32f7xx_hal_dsi.o
 .ARM.attributes
                0x0000000000000278       0x37 Drivers/STM32F7xx_HAL_Driver/Src/stm32f7xx_hal_gpio.o
 .ARM.attributes
                0x00000000000002af       0x37 Drivers/STM32F7xx_HAL_Driver/Src/stm32f7xx_hal_ltdc.o
 .ARM.attributes
                0x00000000000002e6       0x37 Drivers/STM32F7xx_HAL_Driver/Src/stm32f7xx_hal_ltdc_ex.o
 .ARM.attributes
                0x000000000000031d       0x37 Drivers/STM32F7xx_HAL_Driver/Src/stm32f7xx_hal_pwr_ex.o
 .ARM.attributes
                0x0000000000000354       0x37 Drivers/STM32F7xx_HAL_Driver/Src/stm32f7xx_hal_rcc.o
 .ARM.attributes
                0x000000000000038b       0x37 Drivers/STM32F7xx_HAL_Driver/Src/stm32f7xx_hal_rcc_ex.o
 .ARM.attributes
                0x00000000000003c2       0x37 Drivers/STM32F7xx_HAL_Driver/Src/stm32f7xx_hal_sdram.o
 .ARM.attributes
                0x00000000000003f9       0x37 Drivers/STM32F7xx_HAL_Driver/Src/stm32f7xx_ll_fmc.o
 .ARM.attributes
                0x0000000000000430       0x37 Src/main.o
 .ARM.attributes
                0x0000000000000467       0x37 Src/stm32f7xx_hal_msp.o
 .ARM.attributes
                0x000000000000049e       0x37 Src/stm32f7xx_it.o
 .ARM.attributes
                0x00000000000004d5       0x37 Src/sysmem.o
 .ARM.attributes
                0x000000000000050c       0x37 Src/system_stm32f7xx.o
 .ARM.attributes
                0x0000000000000543       0x21 Startup/startup_stm32f769nihx.o
 .ARM.attributes
                0x0000000000000564       0x32 c:/st/stm32cubeide_1.0.0/stm32cubeide/plugins/com.st.stm32cube.ide.mcu.externaltools.gnu-tools-for-stm32.7-2018-q2-update.win32_1.0.0.201904181610/tools/bin/../lib/gcc/arm-none-eabi/7.3.1/../../../../arm-none-eabi/lib/thumb/v7e-m/fpv5/hard\libc_nano.a(lib_a-errno.o)
 .ARM.attributes
                0x0000000000000596       0x32 c:/st/stm32cubeide_1.0.0/stm32cubeide/plugins/com.st.stm32cube.ide.mcu.externaltools.gnu-tools-for-stm32.7-2018-q2-update.win32_1.0.0.201904181610/tools/bin/../lib/gcc/arm-none-eabi/7.3.1/../../../../arm-none-eabi/lib/thumb/v7e-m/fpv5/hard\libc_nano.a(lib_a-impure.o)
 .ARM.attributes
                0x00000000000005c8       0x32 c:/st/stm32cubeide_1.0.0/stm32cubeide/plugins/com.st.stm32cube.ide.mcu.externaltools.gnu-tools-for-stm32.7-2018-q2-update.win32_1.0.0.201904181610/tools/bin/../lib/gcc/arm-none-eabi/7.3.1/../../../../arm-none-eabi/lib/thumb/v7e-m/fpv5/hard\libc_nano.a(lib_a-init.o)
 .ARM.attributes
                0x00000000000005fa       0x32 c:/st/stm32cubeide_1.0.0/stm32cubeide/plugins/com.st.stm32cube.ide.mcu.externaltools.gnu-tools-for-stm32.7-2018-q2-update.win32_1.0.0.201904181610/tools/bin/../lib/gcc/arm-none-eabi/7.3.1/../../../../arm-none-eabi/lib/thumb/v7e-m/fpv5/hard\libc_nano.a(lib_a-memset.o)
 .ARM.attributes
                0x000000000000062c       0x32 c:/st/stm32cubeide_1.0.0/stm32cubeide/plugins/com.st.stm32cube.ide.mcu.externaltools.gnu-tools-for-stm32.7-2018-q2-update.win32_1.0.0.201904181610/tools/bin/../lib/gcc/arm-none-eabi/7.3.1/../../../../arm-none-eabi/lib/thumb/v7e-m/fpv5/hard\libc_nano.a(lib_a-sprintf.o)
 .ARM.attributes
                0x000000000000065e       0x32 c:/st/stm32cubeide_1.0.0/stm32cubeide/plugins/com.st.stm32cube.ide.mcu.externaltools.gnu-tools-for-stm32.7-2018-q2-update.win32_1.0.0.201904181610/tools/bin/../lib/gcc/arm-none-eabi/7.3.1/../../../../arm-none-eabi/lib/thumb/v7e-m/fpv5/hard\libc_nano.a(lib_a-nano-svfprintf.o)
 .ARM.attributes
                0x0000000000000690       0x32 c:/st/stm32cubeide_1.0.0/stm32cubeide/plugins/com.st.stm32cube.ide.mcu.externaltools.gnu-tools-for-stm32.7-2018-q2-update.win32_1.0.0.201904181610/tools/bin/../lib/gcc/arm-none-eabi/7.3.1/../../../../arm-none-eabi/lib/thumb/v7e-m/fpv5/hard\libc_nano.a(lib_a-nano-vfprintf_i.o)
 .ARM.attributes
                0x00000000000006c2       0x1e c:/st/stm32cubeide_1.0.0/stm32cubeide/plugins/com.st.stm32cube.ide.mcu.externaltools.gnu-tools-for-stm32.7-2018-q2-update.win32_1.0.0.201904181610/tools/bin/../lib/gcc/arm-none-eabi/7.3.1/../../../../arm-none-eabi/lib/thumb/v7e-m/fpv5/hard\libc_nano.a(lib_a-memchr.o)
 .ARM.attributes
                0x00000000000006e0       0x32 c:/st/stm32cubeide_1.0.0/stm32cubeide/plugins/com.st.stm32cube.ide.mcu.externaltools.gnu-tools-for-stm32.7-2018-q2-update.win32_1.0.0.201904181610/tools/bin/../lib/gcc/arm-none-eabi/7.3.1/../../../../arm-none-eabi/lib/thumb/v7e-m/fpv5/hard\libc_nano.a(lib_a-memcpy-stub.o)
 .ARM.attributes
                0x0000000000000712       0x32 c:/st/stm32cubeide_1.0.0/stm32cubeide/plugins/com.st.stm32cube.ide.mcu.externaltools.gnu-tools-for-stm32.7-2018-q2-update.win32_1.0.0.201904181610/tools/bin/../lib/gcc/arm-none-eabi/7.3.1/../../../../arm-none-eabi/lib/thumb/v7e-m/fpv5/hard\libc_nano.a(lib_a-memmove.o)
 .ARM.attributes
                0x0000000000000744       0x32 c:/st/stm32cubeide_1.0.0/stm32cubeide/plugins/com.st.stm32cube.ide.mcu.externaltools.gnu-tools-for-stm32.7-2018-q2-update.win32_1.0.0.201904181610/tools/bin/../lib/gcc/arm-none-eabi/7.3.1/../../../../arm-none-eabi/lib/thumb/v7e-m/fpv5/hard\libc_nano.a(lib_a-nano-freer.o)
 .ARM.attributes
                0x0000000000000776       0x32 c:/st/stm32cubeide_1.0.0/stm32cubeide/plugins/com.st.stm32cube.ide.mcu.externaltools.gnu-tools-for-stm32.7-2018-q2-update.win32_1.0.0.201904181610/tools/bin/../lib/gcc/arm-none-eabi/7.3.1/../../../../arm-none-eabi/lib/thumb/v7e-m/fpv5/hard\libc_nano.a(lib_a-nano-mallocr.o)
 .ARM.attributes
                0x00000000000007a8       0x32 c:/st/stm32cubeide_1.0.0/stm32cubeide/plugins/com.st.stm32cube.ide.mcu.externaltools.gnu-tools-for-stm32.7-2018-q2-update.win32_1.0.0.201904181610/tools/bin/../lib/gcc/arm-none-eabi/7.3.1/../../../../arm-none-eabi/lib/thumb/v7e-m/fpv5/hard\libc_nano.a(lib_a-nano-reallocr.o)
 .ARM.attributes
                0x00000000000007da       0x32 c:/st/stm32cubeide_1.0.0/stm32cubeide/plugins/com.st.stm32cube.ide.mcu.externaltools.gnu-tools-for-stm32.7-2018-q2-update.win32_1.0.0.201904181610/tools/bin/../lib/gcc/arm-none-eabi/7.3.1/../../../../arm-none-eabi/lib/thumb/v7e-m/fpv5/hard\libc_nano.a(lib_a-sbrkr.o)
 .ARM.attributes
                0x000000000000080c       0x32 c:/st/stm32cubeide_1.0.0/stm32cubeide/plugins/com.st.stm32cube.ide.mcu.externaltools.gnu-tools-for-stm32.7-2018-q2-update.win32_1.0.0.201904181610/tools/bin/../lib/gcc/arm-none-eabi/7.3.1/../../../../arm-none-eabi/lib/thumb/v7e-m/fpv5/hard\libc_nano.a(lib_a-mlock.o)
 .ARM.attributes
                0x000000000000083e       0x32 c:/st/stm32cubeide_1.0.0/stm32cubeide/plugins/com.st.stm32cube.ide.mcu.externaltools.gnu-tools-for-stm32.7-2018-q2-update.win32_1.0.0.201904181610/tools/bin/../lib/gcc/arm-none-eabi/7.3.1/../../../../arm-none-eabi/lib/thumb/v7e-m/fpv5/hard\libc_nano.a(lib_a-nano-msizer.o)
 .ARM.attributes
                0x0000000000000870       0x32 c:/st/stm32cubeide_1.0.0/stm32cubeide/plugins/com.st.stm32cube.ide.mcu.externaltools.gnu-tools-for-stm32.7-2018-q2-update.win32_1.0.0.201904181610/tools/bin/../lib/gcc/arm-none-eabi/7.3.1/../../../../arm-none-eabi/lib/thumb/v7e-m/fpv5/hard\libc_nano.a(lib_a-reent.o)
 .ARM.attributes
                0x00000000000008a2       0x20 c:/st/stm32cubeide_1.0.0/stm32cubeide/plugins/com.st.stm32cube.ide.mcu.externaltools.gnu-tools-for-stm32.7-2018-q2-update.win32_1.0.0.201904181610/tools/bin/../lib/gcc/arm-none-eabi/7.3.1/thumb/v7e-m/fpv5/hard\libgcc.a(_aeabi_uldivmod.o)
 .ARM.attributes
                0x00000000000008c2       0x32 c:/st/stm32cubeide_1.0.0/stm32cubeide/plugins/com.st.stm32cube.ide.mcu.externaltools.gnu-tools-for-stm32.7-2018-q2-update.win32_1.0.0.201904181610/tools/bin/../lib/gcc/arm-none-eabi/7.3.1/thumb/v7e-m/fpv5/hard\libgcc.a(_udivmoddi4.o)
 .ARM.attributes
                0x00000000000008f4       0x20 c:/st/stm32cubeide_1.0.0/stm32cubeide/plugins/com.st.stm32cube.ide.mcu.externaltools.gnu-tools-for-stm32.7-2018-q2-update.win32_1.0.0.201904181610/tools/bin/../lib/gcc/arm-none-eabi/7.3.1/thumb/v7e-m/fpv5/hard\libgcc.a(_dvmd_tls.o)
 .ARM.attributes
                0x0000000000000914       0x20 c:/st/stm32cubeide_1.0.0/stm32cubeide/plugins/com.st.stm32cube.ide.mcu.externaltools.gnu-tools-for-stm32.7-2018-q2-update.win32_1.0.0.201904181610/tools/bin/../lib/gcc/arm-none-eabi/7.3.1/thumb/v7e-m/fpv5/hard/crtn.o
OUTPUT(aula51_temperatura.elf elf32-littlearm)

.debug_info     0x0000000000000000    0x16888
 .debug_info    0x0000000000000000      0x6fa Drivers/BSP/Components/otm8009a/otm8009a.o
 .debug_info    0x00000000000006fa     0x160c Drivers/BSP/STM32F769I-Discovery/stm32f769i_discovery.o
 .debug_info    0x0000000000001d06     0x349d Drivers/BSP/STM32F769I-Discovery/stm32f769i_discovery_lcd.o
 .debug_info    0x00000000000051a3      0xf66 Drivers/BSP/STM32F769I-Discovery/stm32f769i_discovery_sdram.o
 .debug_info    0x0000000000006109      0xa3d Drivers/STM32F7xx_HAL_Driver/Src/stm32f7xx_hal.o
 .debug_info    0x0000000000006b46      0xc9d Drivers/STM32F7xx_HAL_Driver/Src/stm32f7xx_hal_adc.o
 .debug_info    0x00000000000077e3     0x1092 Drivers/STM32F7xx_HAL_Driver/Src/stm32f7xx_hal_cortex.o
 .debug_info    0x0000000000008875      0x968 Drivers/STM32F7xx_HAL_Driver/Src/stm32f7xx_hal_dma.o
 .debug_info    0x00000000000091dd      0xf19 Drivers/STM32F7xx_HAL_Driver/Src/stm32f7xx_hal_dma2d.o
 .debug_info    0x000000000000a0f6     0x19e8 Drivers/STM32F7xx_HAL_Driver/Src/stm32f7xx_hal_dsi.o
 .debug_info    0x000000000000bade      0x7e9 Drivers/STM32F7xx_HAL_Driver/Src/stm32f7xx_hal_gpio.o
 .debug_info    0x000000000000c2c7     0x1104 Drivers/STM32F7xx_HAL_Driver/Src/stm32f7xx_hal_ltdc.o
 .debug_info    0x000000000000d3cb      0x79a Drivers/STM32F7xx_HAL_Driver/Src/stm32f7xx_hal_ltdc_ex.o
 .debug_info    0x000000000000db65      0x96b Drivers/STM32F7xx_HAL_Driver/Src/stm32f7xx_hal_pwr_ex.o
 .debug_info    0x000000000000e4d0      0x987 Drivers/STM32F7xx_HAL_Driver/Src/stm32f7xx_hal_rcc.o
 .debug_info    0x000000000000ee57      0x7d1 Drivers/STM32F7xx_HAL_Driver/Src/stm32f7xx_hal_rcc_ex.o
 .debug_info    0x000000000000f628      0xca1 Drivers/STM32F7xx_HAL_Driver/Src/stm32f7xx_hal_sdram.o
 .debug_info    0x00000000000102c9      0xccd Drivers/STM32F7xx_HAL_Driver/Src/stm32f7xx_ll_fmc.o
 .debug_info    0x0000000000010f96     0x2d9e Src/main.o
 .debug_info    0x0000000000013d34     0x18cf Src/stm32f7xx_hal_msp.o
 .debug_info    0x0000000000015603      0x20a Src/stm32f7xx_it.o
 .debug_info    0x000000000001580d      0x91c Src/sysmem.o
 .debug_info    0x0000000000016129      0x73d Src/system_stm32f7xx.o
 .debug_info    0x0000000000016866       0x22 Startup/startup_stm32f769nihx.o

.debug_abbrev   0x0000000000000000     0x2cdc
 .debug_abbrev  0x0000000000000000       0xb2 Drivers/BSP/Components/otm8009a/otm8009a.o
 .debug_abbrev  0x00000000000000b2      0x287 Drivers/BSP/STM32F769I-Discovery/stm32f769i_discovery.o
 .debug_abbrev  0x0000000000000339      0x32e Drivers/BSP/STM32F769I-Discovery/stm32f769i_discovery_lcd.o
 .debug_abbrev  0x0000000000000667      0x218 Drivers/BSP/STM32F769I-Discovery/stm32f769i_discovery_sdram.o
 .debug_abbrev  0x000000000000087f      0x1c7 Drivers/STM32F7xx_HAL_Driver/Src/stm32f7xx_hal.o
 .debug_abbrev  0x0000000000000a46      0x205 Drivers/STM32F7xx_HAL_Driver/Src/stm32f7xx_hal_adc.o
 .debug_abbrev  0x0000000000000c4b      0x2fa Drivers/STM32F7xx_HAL_Driver/Src/stm32f7xx_hal_cortex.o
 .debug_abbrev  0x0000000000000f45      0x229 Drivers/STM32F7xx_HAL_Driver/Src/stm32f7xx_hal_dma.o
 .debug_abbrev  0x000000000000116e      0x211 Drivers/STM32F7xx_HAL_Driver/Src/stm32f7xx_hal_dma2d.o
 .debug_abbrev  0x000000000000137f      0x21b Drivers/STM32F7xx_HAL_Driver/Src/stm32f7xx_hal_dsi.o
 .debug_abbrev  0x000000000000159a      0x1c9 Drivers/STM32F7xx_HAL_Driver/Src/stm32f7xx_hal_gpio.o
 .debug_abbrev  0x0000000000001763      0x209 Drivers/STM32F7xx_HAL_Driver/Src/stm32f7xx_hal_ltdc.o
 .debug_abbrev  0x000000000000196c      0x12d Drivers/STM32F7xx_HAL_Driver/Src/stm32f7xx_hal_ltdc_ex.o
 .debug_abbrev  0x0000000000001a99      0x1b8 Drivers/STM32F7xx_HAL_Driver/Src/stm32f7xx_hal_pwr_ex.o
 .debug_abbrev  0x0000000000001c51      0x268 Drivers/STM32F7xx_HAL_Driver/Src/stm32f7xx_hal_rcc.o
 .debug_abbrev  0x0000000000001eb9      0x1ad Drivers/STM32F7xx_HAL_Driver/Src/stm32f7xx_hal_rcc_ex.o
 .debug_abbrev  0x0000000000002066      0x1f7 Drivers/STM32F7xx_HAL_Driver/Src/stm32f7xx_hal_sdram.o
 .debug_abbrev  0x000000000000225d      0x170 Drivers/STM32F7xx_HAL_Driver/Src/stm32f7xx_ll_fmc.o
 .debug_abbrev  0x00000000000023cd      0x2d3 Src/main.o
 .debug_abbrev  0x00000000000026a0      0x262 Src/stm32f7xx_hal_msp.o
 .debug_abbrev  0x0000000000002902       0xc6 Src/stm32f7xx_it.o
 .debug_abbrev  0x00000000000029c8      0x1bb Src/sysmem.o
 .debug_abbrev  0x0000000000002b83      0x147 Src/system_stm32f7xx.o
 .debug_abbrev  0x0000000000002cca       0x12 Startup/startup_stm32f769nihx.o

.debug_aranges  0x0000000000000000     0x1020
 .debug_aranges
                0x0000000000000000       0x28 Drivers/BSP/Components/otm8009a/otm8009a.o
 .debug_aranges
                0x0000000000000028      0x130 Drivers/BSP/STM32F769I-Discovery/stm32f769i_discovery.o
 .debug_aranges
                0x0000000000000158      0x1b0 Drivers/BSP/STM32F769I-Discovery/stm32f769i_discovery_lcd.o
 .debug_aranges
                0x0000000000000308       0x68 Drivers/BSP/STM32F769I-Discovery/stm32f769i_discovery_sdram.o
 .debug_aranges
                0x0000000000000370      0x110 Drivers/STM32F7xx_HAL_Driver/Src/stm32f7xx_hal.o
 .debug_aranges
                0x0000000000000480       0xe8 Drivers/STM32F7xx_HAL_Driver/Src/stm32f7xx_hal_adc.o
 .debug_aranges
                0x0000000000000568      0x118 Drivers/STM32F7xx_HAL_Driver/Src/stm32f7xx_hal_cortex.o
 .debug_aranges
                0x0000000000000680       0x90 Drivers/STM32F7xx_HAL_Driver/Src/stm32f7xx_hal_dma.o
 .debug_aranges
                0x0000000000000710      0x108 Drivers/STM32F7xx_HAL_Driver/Src/stm32f7xx_hal_dma2d.o
 .debug_aranges
                0x0000000000000818      0x178 Drivers/STM32F7xx_HAL_Driver/Src/stm32f7xx_hal_dsi.o
 .debug_aranges
                0x0000000000000990       0x58 Drivers/STM32F7xx_HAL_Driver/Src/stm32f7xx_hal_gpio.o
 .debug_aranges
                0x00000000000009e8      0x158 Drivers/STM32F7xx_HAL_Driver/Src/stm32f7xx_hal_ltdc.o
 .debug_aranges
                0x0000000000000b40       0x28 Drivers/STM32F7xx_HAL_Driver/Src/stm32f7xx_hal_ltdc_ex.o
 .debug_aranges
                0x0000000000000b68       0x80 Drivers/STM32F7xx_HAL_Driver/Src/stm32f7xx_hal_pwr_ex.o
 .debug_aranges
                0x0000000000000be8       0x88 Drivers/STM32F7xx_HAL_Driver/Src/stm32f7xx_hal_rcc.o
 .debug_aranges
                0x0000000000000c70       0x50 Drivers/STM32F7xx_HAL_Driver/Src/stm32f7xx_hal_rcc_ex.o
 .debug_aranges
                0x0000000000000cc0       0xd0 Drivers/STM32F7xx_HAL_Driver/Src/stm32f7xx_hal_sdram.o
 .debug_aranges
                0x0000000000000d90       0xc8 Drivers/STM32F7xx_HAL_Driver/Src/stm32f7xx_ll_fmc.o
 .debug_aranges
                0x0000000000000e58       0x78 Src/main.o
 .debug_aranges
                0x0000000000000ed0       0x80 Src/stm32f7xx_hal_msp.o
 .debug_aranges
                0x0000000000000f50       0x60 Src/stm32f7xx_it.o
 .debug_aranges
                0x0000000000000fb0       0x20 Src/sysmem.o
 .debug_aranges
                0x0000000000000fd0       0x28 Src/system_stm32f7xx.o
 .debug_aranges
                0x0000000000000ff8       0x28 Startup/startup_stm32f769nihx.o

.debug_ranges   0x0000000000000000      0xea8