Archive member included to satisfy reference by file (symbol)

c:/st/stm32cubeide_1.0.0/stm32cubeide/plugins/com.st.stm32cube.ide.mcu.externaltools.gnu-tools-for-stm32.7-2018-q2-update.win32_1.0.0.201904181610/tools/bin/../lib/gcc/arm-none-eabi/7.3.1/../../../../arm-none-eabi/lib/thumb/v7e-m/fpv5/hard\libc_nano.a(lib_a-errno.o)
                              Src/syscalls.o (__errno)
c:/st/stm32cubeide_1.0.0/stm32cubeide/plugins/com.st.stm32cube.ide.mcu.externaltools.gnu-tools-for-stm32.7-2018-q2-update.win32_1.0.0.201904181610/tools/bin/../lib/gcc/arm-none-eabi/7.3.1/../../../../arm-none-eabi/lib/thumb/v7e-m/fpv5/hard\libc_nano.a(lib_a-exit.o)
                              c:/st/stm32cubeide_1.0.0/stm32cubeide/plugins/com.st.stm32cube.ide.mcu.externaltools.gnu-tools-for-stm32.7-2018-q2-update.win32_1.0.0.201904181610/tools/bin/../lib/gcc/arm-none-eabi/7.3.1/../../../../arm-none-eabi/lib/thumb/v7e-m/fpv5/hard/crt0.o (exit)
c:/st/stm32cubeide_1.0.0/stm32cubeide/plugins/com.st.stm32cube.ide.mcu.externaltools.gnu-tools-for-stm32.7-2018-q2-update.win32_1.0.0.201904181610/tools/bin/../lib/gcc/arm-none-eabi/7.3.1/../../../../arm-none-eabi/lib/thumb/v7e-m/fpv5/hard\libc_nano.a(lib_a-impure.o)
                              c:/st/stm32cubeide_1.0.0/stm32cubeide/plugins/com.st.stm32cube.ide.mcu.externaltools.gnu-tools-for-stm32.7-2018-q2-update.win32_1.0.0.201904181610/tools/bin/../lib/gcc/arm-none-eabi/7.3.1/../../../../arm-none-eabi/lib/thumb/v7e-m/fpv5/hard\libc_nano.a(lib_a-exit.o) (_global_impure_ptr)
c:/st/stm32cubeide_1.0.0/stm32cubeide/plugins/com.st.stm32cube.ide.mcu.externaltools.gnu-tools-for-stm32.7-2018-q2-update.win32_1.0.0.201904181610/tools/bin/../lib/gcc/arm-none-eabi/7.3.1/../../../../arm-none-eabi/lib/thumb/v7e-m/fpv5/hard\libc_nano.a(lib_a-init.o)
                              c:/st/stm32cubeide_1.0.0/stm32cubeide/plugins/com.st.stm32cube.ide.mcu.externaltools.gnu-tools-for-stm32.7-2018-q2-update.win32_1.0.0.201904181610/tools/bin/../lib/gcc/arm-none-eabi/7.3.1/../../../../arm-none-eabi/lib/thumb/v7e-m/fpv5/hard/crt0.o (__libc_init_array)
c:/st/stm32cubeide_1.0.0/stm32cubeide/plugins/com.st.stm32cube.ide.mcu.externaltools.gnu-tools-for-stm32.7-2018-q2-update.win32_1.0.0.201904181610/tools/bin/../lib/gcc/arm-none-eabi/7.3.1/../../../../arm-none-eabi/lib/thumb/v7e-m/fpv5/hard\libc_nano.a(lib_a-memset.o)
                              c:/st/stm32cubeide_1.0.0/stm32cubeide/plugins/com.st.stm32cube.ide.mcu.externaltools.gnu-tools-for-stm32.7-2018-q2-update.win32_1.0.0.201904181610/tools/bin/../lib/gcc/arm-none-eabi/7.3.1/../../../../arm-none-eabi/lib/thumb/v7e-m/fpv5/hard/crt0.o (memset)
c:/st/stm32cubeide_1.0.0/stm32cubeide/plugins/com.st.stm32cube.ide.mcu.externaltools.gnu-tools-for-stm32.7-2018-q2-update.win32_1.0.0.201904181610/tools/bin/../lib/gcc/arm-none-eabi/7.3.1/../../../../arm-none-eabi/lib/thumb/v7e-m/fpv5/hard\libc_nano.a(lib_a-sprintf.o)
                              Src/main.o (sprintf)
c:/st/stm32cubeide_1.0.0/stm32cubeide/plugins/com.st.stm32cube.ide.mcu.externaltools.gnu-tools-for-stm32.7-2018-q2-update.win32_1.0.0.201904181610/tools/bin/../lib/gcc/arm-none-eabi/7.3.1/../../../../arm-none-eabi/lib/thumb/v7e-m/fpv5/hard\libc_nano.a(lib_a-nano-svfprintf.o)
                              c:/st/stm32cubeide_1.0.0/stm32cubeide/plugins/com.st.stm32cube.ide.mcu.externaltools.gnu-tools-for-stm32.7-2018-q2-update.win32_1.0.0.201904181610/tools/bin/../lib/gcc/arm-none-eabi/7.3.1/../../../../arm-none-eabi/lib/thumb/v7e-m/fpv5/hard\libc_nano.a(lib_a-sprintf.o) (_svfprintf_r)
c:/st/stm32cubeide_1.0.0/stm32cubeide/plugins/com.st.stm32cube.ide.mcu.externaltools.gnu-tools-for-stm32.7-2018-q2-update.win32_1.0.0.201904181610/tools/bin/../lib/gcc/arm-none-eabi/7.3.1/../../../../arm-none-eabi/lib/thumb/v7e-m/fpv5/hard\libc_nano.a(lib_a-nano-vfprintf_i.o)
                              c:/st/stm32cubeide_1.0.0/stm32cubeide/plugins/com.st.stm32cube.ide.mcu.externaltools.gnu-tools-for-stm32.7-2018-q2-update.win32_1.0.0.201904181610/tools/bin/../lib/gcc/arm-none-eabi/7.3.1/../../../../arm-none-eabi/lib/thumb/v7e-m/fpv5/hard\libc_nano.a(lib_a-nano-svfprintf.o) (_printf_i)
c:/st/stm32cubeide_1.0.0/stm32cubeide/plugins/com.st.stm32cube.ide.mcu.externaltools.gnu-tools-for-stm32.7-2018-q2-update.win32_1.0.0.201904181610/tools/bin/../lib/gcc/arm-none-eabi/7.3.1/../../../../arm-none-eabi/lib/thumb/v7e-m/fpv5/hard\libc_nano.a(lib_a-memchr.o)
                              c:/st/stm32cubeide_1.0.0/stm32cubeide/plugins/com.st.stm32cube.ide.mcu.externaltools.gnu-tools-for-stm32.7-2018-q2-update.win32_1.0.0.201904181610/tools/bin/../lib/gcc/arm-none-eabi/7.3.1/../../../../arm-none-eabi/lib/thumb/v7e-m/fpv5/hard\libc_nano.a(lib_a-nano-svfprintf.o) (memchr)
[...]
Memory Configuration

Name             Origin             Length             Attributes
FLASH            0x0000000008000000 0x0000000000200000 xr
RAM              0x0000000020000000 0x0000000000080000 xrw
*default*        0x0000000000000000 0xffffffffffffffff

Linker script and memory map

LOAD c:/st/stm32cubeide_1.0.0/stm32cubeide/plugins/com.st.stm32cube.ide.mcu.externaltools.gnu-tools-for-stm32.7-2018-q2-update.win32_1.0.0.201904181610/tools/bin/../lib/gcc/arm-none-eabi/7.3.1/thumb/v7e-m/fpv5/hard/crti.o
LOAD c:/st/stm32cubeide_1.0.0/stm32cubeide/plugins/com.st.stm32cube.ide.mcu.externaltools.gnu-tools-for-stm32.7-2018-q2-update.win32_1.0.0.201904181610/tools/bin/../lib/gcc/arm-none-eabi/7.3.1/thumb/v7e-m/fpv5/hard/crtbegin.o
LOAD c:/st/stm32cubeide_1.0.0/stm32cubeide/plugins/com.st.stm32cube.ide.mcu.externaltools.gnu-tools-for-stm32.7-2018-q2-update.win32_1.0.0.201904181610/tools/bin/../lib/gcc/arm-none-eabi/7.3.1/../../../../arm-none-eabi/lib/thumb/v7e-m/fpv5/hard/crt0.o
LOAD Drivers/BSP/Components/adv7533/adv7533.o
LOAD Drivers/BSP/Components/exc7200/exc7200.o
LOAD Drivers/BSP/Components/ft5336/ft5336.o
LOAD Drivers/BSP/Components/ft6x06/ft6x06.o
LOAD Drivers/BSP/Components/mfxstm32l152/mfxstm32l152.o
LOAD Drivers/BSP/Components/otm8009a/otm8009a.o
LOAD Drivers/BSP/Components/ov9655/ov9655.o
LOAD Drivers/BSP/Components/s5k5cag/s5k5cag.o
LOAD Drivers/BSP/Components/st7735/st7735.o
LOAD Drivers/BSP/Components/st7789h2/st7789h2.o
LOAD Drivers/BSP/Components/stmpe811/stmpe811.o
LOAD Drivers/BSP/Components/ts3510/ts3510.o
LOAD Drivers/BSP/Components/wm8994/wm8994.o
LOAD Drivers/BSP/STM32F769I-Discovery/stm32f769i_discovery.o
LOAD Drivers/BSP/STM32F769I-Discovery/stm32f769i_discovery_lcd.o
LOAD Drivers/BSP/STM32F769I-Discovery/stm32f769i_discovery_sdram.o
LOAD Drivers/BSP/STM32F769I-Discovery/stm32f769i_discovery_ts.o
LOAD Drivers/STM32F7xx_HAL_Driver/Src/stm32f7xx_hal.o
LOAD Drivers/STM32F7xx_HAL_Driver/Src/stm32f7xx_hal_adc.o
LOAD Drivers/STM32F7xx_HAL_Driver/Src/stm32f7xx_hal_adc_ex.o
LOAD Drivers/STM32F7xx_HAL_Driver/Src/stm32f7xx_hal_cortex.o
LOAD Drivers/STM32F7xx_HAL_Driver/Src/stm32f7xx_hal_dma.o
LOAD Drivers/STM32F7xx_HAL_Driver/Src/stm32f7xx_hal_dma2d.o
LOAD Drivers/STM32F7xx_HAL_Driver/Src/stm32f7xx_hal_dma_ex.o
LOAD Drivers/STM32F7xx_HAL_Driver/Src/stm32f7xx_hal_dsi.o
LOAD Drivers/STM32F7xx_HAL_Driver/Src/stm32f7xx_hal_exti.o
LOAD Drivers/STM32F7xx_HAL_Driver/Src/stm32f7xx_hal_flash.o
LOAD Drivers/STM32F7xx_HAL_Driver/Src/stm32f7xx_hal_flash_ex.o
LOAD Drivers/STM32F7xx_HAL_Driver/Src/stm32f7xx_hal_gpio.o
LOAD Drivers/STM32F7xx_HAL_Driver/Src/stm32f7xx_hal_i2c.o
LOAD Drivers/STM32F7xx_HAL_Driver/Src/stm32f7xx_hal_i2c_ex.o
LOAD Drivers/STM32F7xx_HAL_Driver/Src/stm32f7xx_hal_ltdc.o
LOAD Drivers/STM32F7xx_HAL_Driver/Src/stm32f7xx_hal_ltdc_ex.o
LOAD Drivers/STM32F7xx_HAL_Driver/Src/stm32f7xx_hal_pwr.o
LOAD Drivers/STM32F7xx_HAL_Driver/Src/stm32f7xx_hal_pwr_ex.o
LOAD Drivers/STM32F7xx_HAL_Driver/Src/stm32f7xx_hal_rcc.o
LOAD Drivers/STM32F7xx_HAL_Driver/Src/stm32f7xx_hal_rcc_ex.o
LOAD Drivers/STM32F7xx_HAL_Driver/Src/stm32f7xx_hal_sdram.o
LOAD Drivers/STM32F7xx_HAL_Driver/Src/stm32f7xx_hal_tim.o
LOAD Drivers/STM32F7xx_HAL_Driver/Src/stm32f7xx_hal_tim_ex.o
LOAD Drivers/STM32F7xx_HAL_Driver/Src/stm32f7xx_ll_fmc.o
LOAD Src/main.o
LOAD Src/stm32f7xx_hal_msp.o
LOAD Src/stm32f7xx_it.o
LOAD Src/syscalls.o
LOAD Src/sysmem.o
LOAD Src/system_stm32f7xx.o
LOAD Startup/startup_stm32f769nihx.o
START GROUP
LOAD c:/st/stm32cubeide_1.0.0/stm32cubeide/plugins/com.st.stm32cube.ide.mcu.externaltools.gnu-tools-for-stm32.7-2018-q2-update.win32_1.0.0.201904181610/tools/bin/../lib/gcc/arm-none-eabi/7.3.1/../../../../arm-none-eabi/lib/thumb/v7e-m/fpv5/hard\libc_nano.a
LOAD c:/st/stm32cubeide_1.0.0/stm32cubeide/plugins/com.st.stm32cube.ide.mcu.externaltools.gnu-tools-for-stm32.7-2018-q2-update.win32_1.0.0.201904181610/tools/bin/../lib/gcc/arm-none-eabi/7.3.1/../../../../arm-none-eabi/lib/thumb/v7e-m/fpv5/hard\libm.a
END GROUP
START GROUP
LOAD c:/st/stm32cubeide_1.0.0/stm32cubeide/plugins/com.st.stm32cube.ide.mcu.externaltools.gnu-tools-for-stm32.7-2018-q2-update.win32_1.0.0.201904181610/tools/bin/../lib/gcc/arm-none-eabi/7.3.1/thumb/v7e-m/fpv5/hard\libgcc.a
LOAD c:/st/stm32cubeide_1.0.0/stm32cubeide/plugins/com.st.stm32cube.ide.mcu.externaltools.gnu-tools-for-stm32.7-2018-q2-update.win32_1.0.0.201904181610/tools/bin/../lib/gcc/arm-none-eabi/7.3.1/../../../../arm-none-eabi/lib/thumb/v7e-m/fpv5/hard\libc_nano.a
END GROUP
START GROUP
LOAD c:/st/stm32cubeide_1.0.0/stm32cubeide/plugins/com.st.stm32cube.ide.mcu.externaltools.gnu-tools-for-stm32.7-2018-q2-update.win32_1.0.0.201904181610/tools/bin/../lib/gcc/arm-none-eabi/7.3.1/thumb/v7e-m/fpv5/hard\libgcc.a
LOAD c:/st/stm32cubeide_1.0.0/stm32cubeide/plugins/com.st.stm32cube.ide.mcu.externaltools.gnu-tools-for-stm32.7-2018-q2-update.win32_1.0.0.201904181610/tools/bin/../lib/gcc/arm-none-eabi/7.3.1/../../../../arm-none-eabi/lib/thumb/v7e-m/fpv5/hard\libc_nano.a
LOAD c:/st/stm32cubeide_1.0.0/stm32cubeide/plugins/com.st.stm32cube.ide.mcu.externaltools.gnu-tools-for-stm32.7-2018-q2-update.win32_1.0.0.201904181610/tools/bin/../lib/gcc/arm-none-eabi/7.3.1/../../../../arm-none-eabi/lib/thumb/v7e-m/fpv5/hard\libnosys.a
END GROUP
START GROUP
LOAD c:/st/stm32cubeide_1.0.0/stm32cubeide/plugins/com.st.stm32cube.ide.mcu.externaltools.gnu-tools-for-stm32.7-2018-q2-update.win32_1.0.0.201904181610/tools/bin/../lib/gcc/arm-none-eabi/7.3.1/thumb/v7e-m/fpv5/hard\libgcc.a
LOAD c:/st/stm32cubeide_1.0.0/stm32cubeide/plugins/com.st.stm32cube.ide.mcu.externaltools.gnu-tools-for-stm32.7-2018-q2-update.win32_1.0.0.201904181610/tools/bin/../lib/gcc/arm-none-eabi/7.3.1/../../../../arm-none-eabi/lib/thumb/v7e-m/fpv5/hard\libc_nano.a
LOAD c:/st/stm32cubeide_1.0.0/stm32cubeide/plugins/com.st.stm32cube.ide.mcu.externaltools.gnu-tools-for-stm32.7-2018-q2-update.win32_1.0.0.201904181610/tools/bin/../lib/gcc/arm-none-eabi/7.3.1/../../../../arm-none-eabi/lib/thumb/v7e-m/fpv5/hard\libnosys.a
END GROUP
LOAD c:/st/stm32cubeide_1.0.0/stm32cubeide/plugins/com.st.stm32cube.ide.mcu.externaltools.gnu-tools-for-stm32.7-2018-q2-update.win32_1.0.0.201904181610/tools/bin/../lib/gcc/arm-none-eabi/7.3.1/thumb/v7e-m/fpv5/hard/crtend.o
LOAD c:/st/stm32cubeide_1.0.0/stm32cubeide/plugins/com.st.stm32cube.ide.mcu.externaltools.gnu-tools-for-stm32.7-2018-q2-update.win32_1.0.0.201904181610/tools/bin/../lib/gcc/arm-none-eabi/7.3.1/thumb/v7e-m/fpv5/hard/crtn.o
                0x000000002007ffff                _estack = 0x2007ffff
                0x0000000000000200                _Min_Heap_Size = 0x200
                0x0000000000000400                _Min_Stack_Size = 0x400

.isr_vector     0x0000000008000000      0x1f8
                0x0000000008000000                . = ALIGN (0x4)
 *(.isr_vector)
 .isr_vector    0x0000000008000000      0x1f8 Startup/startup_stm32f769nihx.o
                0x0000000008000000                g_pfnVectors
                0x00000000080001f8                . = ALIGN (0x4)

.text           0x0000000008000200     0x9750
                0x0000000008000200                . = ALIGN (0x4)
 *(.text)
 .text          0x0000000008000200       0x40 c:/st/stm32cubeide_1.0.0/stm32cubeide/plugins/com.st.stm32cube.ide.mcu.externaltools.gnu-tools-for-stm32.7-2018-q2-update.win32_1.0.0.201904181610/tools/bin/../lib/gcc/arm-none-eabi/7.3.1/thumb/v7e-m/fpv5/hard/crtbegin.o
 .text          0x0000000008000240       0xa0 c:/st/stm32cubeide_1.0.0/stm32cubeide/plugins/com.st.stm32cube.ide.mcu.externaltools.gnu-tools-for-stm32.7-2018-q2-update.win32_1.0.0.201904181610/tools/bin/../lib/gcc/arm-none-eabi/7.3.1/../../../../arm-none-eabi/lib/thumb/v7e-m/fpv5/hard\libc_nano.a(lib_a-memchr.o)
                0x0000000008000240                memchr
 .text          0x00000000080002e0       0x30 c:/st/stm32cubeide_1.0.0/stm32cubeide/plugins/com.st.stm32cube.ide.mcu.externaltools.gnu-tools-for-stm32.7-2018-q2-update.win32_1.0.0.201904181610/tools/bin/../lib/gcc/arm-none-eabi/7.3.1/thumb/v7e-m/fpv5/hard\libgcc.a(_aeabi_uldivmod.o)
                0x00000000080002e0                __aeabi_uldivmod
 .text          0x0000000008000310      0x2cc c:/st/stm32cubeide_1.0.0/stm32cubeide/plugins/com.st.stm32cube.ide.mcu.externaltools.gnu-tools-for-stm32.7-2018-q2-update.win32_1.0.0.201904181610/tools/bin/../lib/gcc/arm-none-eabi/7.3.1/thumb/v7e-m/fpv5/hard\libgcc.a(_udivmoddi4.o)
                0x0000000008000310                __udivmoddi4
 .text          0x00000000080005dc        0x4 c:/st/stm32cubeide_1.0.0/stm32cubeide/plugins/com.st.stm32cube.ide.mcu.externaltools.gnu-tools-for-stm32.7-2018-q2-update.win32_1.0.0.201904181610/tools/bin/../lib/gcc/arm-none-eabi/7.3.1/thumb/v7e-m/fpv5/hard\libgcc.a(_dvmd_tls.o)
                0x00000000080005dc                __aeabi_idiv0
                0x00000000080005dc                __aeabi_ldiv0
 *(.text*)
 .text.ft6x06_Init
                0x00000000080005e0       0x48 Drivers/BSP/Components/ft6x06/ft6x06.o
                0x00000000080005e0                ft6x06_Init
 .text.ft6x06_Reset
                0x0000000008000628       0x16 Drivers/BSP/Components/ft6x06/ft6x06.o
                0x0000000008000628                ft6x06_Reset
 .text.ft6x06_ReadID
                0x000000000800063e       0x26 Drivers/BSP/Components/ft6x06/ft6x06.o
                0x000000000800063e                ft6x06_ReadID
 .text.ft6x06_TS_Start
                0x0000000008000664       0x22 Drivers/BSP/Components/ft6x06/ft6x06.o
                0x0000000008000664                ft6x06_TS_Start
 *fill*         0x0000000008000686        0x2 
 .text.ft6x06_TS_DetectTouch
                0x0000000008000688       0x54 Drivers/BSP/Components/ft6x06/ft6x06.o
                0x0000000008000688                ft6x06_TS_DetectTouch
 .text.ft6x06_TS_GetXY
                0x00000000080006dc       0x94 Drivers/BSP/Components/ft6x06/ft6x06.o
                0x00000000080006dc                ft6x06_TS_GetXY
 .text.ft6x06_TS_EnableIT
                0x0000000008000770       0x28 Drivers/BSP/Components/ft6x06/ft6x06.o
                0x0000000008000770                ft6x06_TS_EnableIT
 .text.ft6x06_TS_DisableIT
                0x0000000008000798       0x28 Drivers/BSP/Components/ft6x06/ft6x06.o
                0x0000000008000798                ft6x06_TS_DisableIT
 .text.ft6x06_TS_ITStatus
                0x00000000080007c0       0x18 Drivers/BSP/Components/ft6x06/ft6x06.o
                0x00000000080007c0                ft6x06_TS_ITStatus
 .text.ft6x06_TS_ClearIT
                0x00000000080007d8       0x16 Drivers/BSP/Components/ft6x06/ft6x06.o
                0x00000000080007d8                ft6x06_TS_ClearIT
 .text.ft6x06_TS_Configure
                0x00000000080007ee       0x1c Drivers/BSP/Components/ft6x06/ft6x06.o
 *fill*         0x000000000800080a        0x2 
 .text.ft6x06_GetInstance
                0x000000000800080c       0x44 Drivers/BSP/Components/ft6x06/ft6x06.o
 .text.OTM8009A_Init
                0x0000000008000850      0x4ac Drivers/BSP/Components/otm8009a/otm8009a.o
                0x0000000008000850                OTM8009A_Init
 .text.BSP_LED_Init
                0x0000000008000cfc       0x60 Drivers/BSP/STM32F769I-Discovery/stm32f769i_discovery.o
                0x0000000008000cfc                BSP_LED_Init
 .text.BSP_LED_Toggle
                0x0000000008000d5c       0x34 Drivers/BSP/STM32F769I-Discovery/stm32f769i_discovery.o
                0x0000000008000d5c                BSP_LED_Toggle
 .text.I2Cx_MspInit
                0x0000000008000d90      0x17c Drivers/BSP/STM32F769I-Discovery/stm32f769i_discovery.o
 .text.I2Cx_Init
                0x0000000008000f0c       0x78 Drivers/BSP/STM32F769I-Discovery/stm32f769i_discovery.o
 .text.I2Cx_ReadMultiple
                0x0000000008000f84       0x5a Drivers/BSP/STM32F769I-Discovery/stm32f769i_discovery.o
 .text.I2Cx_WriteMultiple
                0x0000000008000fde       0x5a Drivers/BSP/STM32F769I-Discovery/stm32f769i_discovery.o
 .text.I2Cx_Error
                0x0000000008001038       0x20 Drivers/BSP/STM32F769I-Discovery/stm32f769i_discovery.o
 .text.TS_IO_Init
                0x0000000008001058       0x14 Drivers/BSP/STM32F769I-Discovery/stm32f769i_discovery.o
                0x0000000008001058                TS_IO_Init
 .text.TS_IO_Write
                0x000000000800106c       0x34 Drivers/BSP/STM32F769I-Discovery/stm32f769i_discovery.o
                0x000000000800106c                TS_IO_Write
 .text.TS_IO_Read
                0x00000000080010a0       0x3c Drivers/BSP/STM32F769I-Discovery/stm32f769i_discovery.o
                0x00000000080010a0                TS_IO_Read
 .text.TS_IO_ReadMultiple
                0x00000000080010dc       0x3c Drivers/BSP/STM32F769I-Discovery/stm32f769i_discovery.o
                0x00000000080010dc                TS_IO_ReadMultiple
 .text.OTM8009A_IO_Delay
                0x0000000008001118       0x16 Drivers/BSP/STM32F769I-Discovery/stm32f769i_discovery.o
                0x0000000008001118                OTM8009A_IO_Delay
 .text.BSP_LCD_Init
                0x000000000800112e       0x10 Drivers/BSP/STM32F769I-Discovery/stm32f769i_discovery_lcd.o
                0x000000000800112e                BSP_LCD_Init
 *fill*         0x000000000800113e        0x2 
 .text.BSP_LCD_InitEx
                0x0000000008001140      0x288 Drivers/BSP/STM32F769I-Discovery/stm32f769i_discovery_lcd.o
                0x0000000008001140                BSP_LCD_InitEx
 .text.BSP_LCD_Reset
                0x00000000080013c8       0x70 Drivers/BSP/STM32F769I-Discovery/stm32f769i_discovery_lcd.o
                0x00000000080013c8                BSP_LCD_Reset
 .text.BSP_LCD_GetXSize
                0x0000000008001438       0x18 Drivers/BSP/STM32F769I-Discovery/stm32f769i_discovery_lcd.o
                0x0000000008001438                BSP_LCD_GetXSize
 .text.BSP_LCD_GetYSize
                0x0000000008001450       0x18 Drivers/BSP/STM32F769I-Discovery/stm32f769i_discovery_lcd.o
                0x0000000008001450                BSP_LCD_GetYSize
 .text.BSP_LCD_LayerDefaultInit
                0x0000000008001468       0xc0 Drivers/BSP/STM32F769I-Discovery/stm32f769i_discovery_lcd.o
                0x0000000008001468                BSP_LCD_LayerDefaultInit
 .text.BSP_LCD_SetTextColor
                0x0000000008001528       0x30 Drivers/BSP/STM32F769I-Discovery/stm32f769i_discovery_lcd.o
                0x0000000008001528                BSP_LCD_SetTextColor
 .text.BSP_LCD_SetBackColor
                0x0000000008001558       0x34 Drivers/BSP/STM32F769I-Discovery/stm32f769i_discovery_lcd.o
                0x0000000008001558                BSP_LCD_SetBackColor
 .text.BSP_LCD_SetFont
                0x000000000800158c       0x34 Drivers/BSP/STM32F769I-Discovery/stm32f769i_discovery_lcd.o
                0x000000000800158c                BSP_LCD_SetFont
 .text.BSP_LCD_Clear
                0x00000000080015c0       0x50 Drivers/BSP/STM32F769I-Discovery/stm32f769i_discovery_lcd.o
                0x00000000080015c0                BSP_LCD_Clear
 .text.BSP_LCD_DisplayChar
                0x0000000008001610       0x88 Drivers/BSP/STM32F769I-Discovery/stm32f769i_discovery_lcd.o
                0x0000000008001610                BSP_LCD_DisplayChar
 .text.BSP_LCD_DisplayStringAt
                0x0000000008001698      0x188 Drivers/BSP/STM32F769I-Discovery/stm32f769i_discovery_lcd.o
                0x0000000008001698                BSP_LCD_DisplayStringAt
 .text.BSP_LCD_DrawHLine
                0x0000000008001820       0x7c Drivers/BSP/STM32F769I-Discovery/stm32f769i_discovery_lcd.o
                0x0000000008001820                BSP_LCD_DrawHLine
 .text.BSP_LCD_DrawVLine
                0x000000000800189c       0x84 Drivers/BSP/STM32F769I-Discovery/stm32f769i_discovery_lcd.o
                0x000000000800189c                BSP_LCD_DrawVLine
 .text.BSP_LCD_DrawCircle
                0x0000000008001920      0x1e0 Drivers/BSP/STM32F769I-Discovery/stm32f769i_discovery_lcd.o
                0x0000000008001920                BSP_LCD_DrawCircle
 .text.BSP_LCD_FillRect
                0x0000000008001b00       0xb4 Drivers/BSP/STM32F769I-Discovery/stm32f769i_discovery_lcd.o
                0x0000000008001b00                BSP_LCD_FillRect
 .text.BSP_LCD_FillCircle
                0x0000000008001bb4      0x140 Drivers/BSP/STM32F769I-Discovery/stm32f769i_discovery_lcd.o
                0x0000000008001bb4                BSP_LCD_FillCircle
 .text.DSI_IO_WriteCmd
                0x0000000008001cf4       0x54 Drivers/BSP/STM32F769I-Discovery/stm32f769i_discovery_lcd.o
                0x0000000008001cf4                DSI_IO_WriteCmd
 .text.LCD_IO_GetID
                0x0000000008001d48       0x10 Drivers/BSP/STM32F769I-Discovery/stm32f769i_discovery_lcd.o
 .text.BSP_LCD_MspInit
                0x0000000008001d58       0xd4 Drivers/BSP/STM32F769I-Discovery/stm32f769i_discovery_lcd.o
                0x0000000008001d58                BSP_LCD_MspInit
 .text.BSP_LCD_DrawPixel
                0x0000000008001e2c       0x4c Drivers/BSP/STM32F769I-Discovery/stm32f769i_discovery_lcd.o
                0x0000000008001e2c                BSP_LCD_DrawPixel
 .text.DrawChar
                0x0000000008001e78      0x170 Drivers/BSP/STM32F769I-Discovery/stm32f769i_discovery_lcd.o
 .text.LL_FillBuffer
                0x0000000008001fe8       0x70 Drivers/BSP/STM32F769I-Discovery/stm32f769i_discovery_lcd.o
 .text.BSP_SDRAM_Init
                0x0000000008002058       0xbc Drivers/BSP/STM32F769I-Discovery/stm32f769i_discovery_sdram.o
                0x0000000008002058                BSP_SDRAM_Init
 .text.BSP_SDRAM_Initialization_sequence
                0x0000000008002114       0xc0 Drivers/BSP/STM32F769I-Discovery/stm32f769i_discovery_sdram.o
                0x0000000008002114                BSP_SDRAM_Initialization_sequence
 .text.BSP_SDRAM_MspInit
                0x00000000080021d4      0x1f4 Drivers/BSP/STM32F769I-Discovery/stm32f769i_discovery_sdram.o
                0x00000000080021d4                BSP_SDRAM_MspInit
 .text.BSP_TS_Init
                0x00000000080023c8       0xc0 Drivers/BSP/STM32F769I-Discovery/stm32f769i_discovery_ts.o
                0x00000000080023c8                BSP_TS_Init
 .text.BSP_TS_ITConfig
                0x0000000008002488       0x64 Drivers/BSP/STM32F769I-Discovery/stm32f769i_discovery_ts.o
                0x0000000008002488                BSP_TS_ITConfig
 .text.BSP_TS_GetState
                0x00000000080024ec      0x248 Drivers/BSP/STM32F769I-Discovery/stm32f769i_discovery_ts.o
                0x00000000080024ec                BSP_TS_GetState
 .text.BSP_TS_INT_MspInit
                0x0000000008002734       0x4c Drivers/BSP/STM32F769I-Discovery/stm32f769i_discovery_ts.o
                0x0000000008002734                BSP_TS_INT_MspInit
 .text.HAL_Init
                0x0000000008002780       0x1a Drivers/STM32F7xx_HAL_Driver/Src/stm32f7xx_hal.o
                0x0000000008002780                HAL_Init
 *fill*         0x000000000800279a        0x2 
 .text.HAL_InitTick
                0x000000000800279c       0x60 Drivers/STM32F7xx_HAL_Driver/Src/stm32f7xx_hal.o
                0x000000000800279c                HAL_InitTick
 .text.HAL_IncTick
                0x00000000080027fc       0x28 Drivers/STM32F7xx_HAL_Driver/Src/stm32f7xx_hal.o
                0x00000000080027fc                HAL_IncTick
 .text.HAL_GetTick
                0x0000000008002824       0x18 Drivers/STM32F7xx_HAL_Driver/Src/stm32f7xx_hal.o
                0x0000000008002824                HAL_GetTick
 .text.HAL_Delay
                0x000000000800283c       0x44 Drivers/STM32F7xx_HAL_Driver/Src/stm32f7xx_hal.o
                0x000000000800283c                HAL_Delay
 .text.HAL_ADC_Init
                0x0000000008002880       0x88 Drivers/STM32F7xx_HAL_Driver/Src/stm32f7xx_hal_adc.o
                0x0000000008002880                HAL_ADC_Init
 .text.HAL_ADC_Start
                0x0000000008002908      0x180 Drivers/STM32F7xx_HAL_Driver/Src/stm32f7xx_hal_adc.o
                0x0000000008002908                HAL_ADC_Start
 .text.HAL_ADC_GetValue
                0x0000000008002a88       0x1a Drivers/STM32F7xx_HAL_Driver/Src/stm32f7xx_hal_adc.o
                0x0000000008002a88                HAL_ADC_GetValue
 *fill*         0x0000000008002aa2        0x2 
 .text.HAL_ADC_ConfigChannel
                0x0000000008002aa4      0x268 Drivers/STM32F7xx_HAL_Driver/Src/stm32f7xx_hal_adc.o
                0x0000000008002aa4                HAL_ADC_ConfigChannel
 .text.ADC_Init
                0x0000000008002d0c      0x1f4 Drivers/STM32F7xx_HAL_Driver/Src/stm32f7xx_hal_adc.o
 .text.__NVIC_SetPriorityGrouping
                0x0000000008002f00       0x48 Drivers/STM32F7xx_HAL_Driver/Src/stm32f7xx_hal_cortex.o
 .text.__NVIC_GetPriorityGrouping
                0x0000000008002f48       0x1c Drivers/STM32F7xx_HAL_Driver/Src/stm32f7xx_hal_cortex.o
 .text.__NVIC_EnableIRQ
                0x0000000008002f64       0x3c Drivers/STM32F7xx_HAL_Driver/Src/stm32f7xx_hal_cortex.o
 .text.__NVIC_SetPriority
                0x0000000008002fa0       0x54 Drivers/STM32F7xx_HAL_Driver/Src/stm32f7xx_hal_cortex.o
 .text.NVIC_EncodePriority
                0x0000000008002ff4       0x66 Drivers/STM32F7xx_HAL_Driver/Src/stm32f7xx_hal_cortex.o
 *fill*         0x000000000800305a        0x2 
 .text.SysTick_Config
                0x000000000800305c       0x44 Drivers/STM32F7xx_HAL_Driver/Src/stm32f7xx_hal_cortex.o
 .text.HAL_NVIC_SetPriorityGrouping
                0x00000000080030a0       0x16 Drivers/STM32F7xx_HAL_Driver/Src/stm32f7xx_hal_cortex.o
                0x00000000080030a0                HAL_NVIC_SetPriorityGrouping
 .text.HAL_NVIC_SetPriority
                0x00000000080030b6       0x38 Drivers/STM32F7xx_HAL_Driver/Src/stm32f7xx_hal_cortex.o
                0x00000000080030b6                HAL_NVIC_SetPriority
 .text.HAL_NVIC_EnableIRQ
                0x00000000080030ee       0x1c Drivers/STM32F7xx_HAL_Driver/Src/stm32f7xx_hal_cortex.o
                0x00000000080030ee                HAL_NVIC_EnableIRQ
 .text.HAL_SYSTICK_Config
                0x000000000800310a       0x18 Drivers/STM32F7xx_HAL_Driver/Src/stm32f7xx_hal_cortex.o
                0x000000000800310a                HAL_SYSTICK_Config
 *fill*         0x0000000008003122        0x2 
 .text.HAL_DMA_Init
                0x0000000008003124      0x15c Drivers/STM32F7xx_HAL_Driver/Src/stm32f7xx_hal_dma.o
                0x0000000008003124                HAL_DMA_Init
 .text.HAL_DMA_DeInit
                0x0000000008003280       0xbc Drivers/STM32F7xx_HAL_Driver/Src/stm32f7xx_hal_dma.o
                0x0000000008003280                HAL_DMA_DeInit
 .text.DMA_CalcBaseAndBitshift
                0x000000000800333c       0x6c Drivers/STM32F7xx_HAL_Driver/Src/stm32f7xx_hal_dma.o
 .text.DMA_CheckFifoParam
                0x00000000080033a8       0xf4 Drivers/STM32F7xx_HAL_Driver/Src/stm32f7xx_hal_dma.o
 .text.HAL_DMA2D_Init
                0x000000000800349c       0xb4 Drivers/STM32F7xx_HAL_Driver/Src/stm32f7xx_hal_dma2d.o
                0x000000000800349c                HAL_DMA2D_Init
 .text.HAL_DMA2D_Start
                0x0000000008003550       0x56 Drivers/STM32F7xx_HAL_Driver/Src/stm32f7xx_hal_dma2d.o
                0x0000000008003550                HAL_DMA2D_Start
 .text.HAL_DMA2D_PollForTransfer
                0x00000000080035a6      0x1d2 Drivers/STM32F7xx_HAL_Driver/Src/stm32f7xx_hal_dma2d.o
                0x00000000080035a6                HAL_DMA2D_PollForTransfer
 .text.HAL_DMA2D_ConfigLayer
                0x0000000008003778      0x13c Drivers/STM32F7xx_HAL_Driver/Src/stm32f7xx_hal_dma2d.o
                0x0000000008003778                HAL_DMA2D_ConfigLayer
 .text.DMA2D_SetConfig
                0x00000000080038b4      0x138 Drivers/STM32F7xx_HAL_Driver/Src/stm32f7xx_hal_dma2d.o
 .text.DSI_ConfigPacketHeader
                0x00000000080039ec       0x32 Drivers/STM32F7xx_HAL_Driver/Src/stm32f7xx_hal_dsi.o
 .text.DSI_ShortWrite
                0x0000000008003a1e       0x5e Drivers/STM32F7xx_HAL_Driver/Src/stm32f7xx_hal_dsi.o
 .text.HAL_DSI_Init
                0x0000000008003a7c      0x234 Drivers/STM32F7xx_HAL_Driver/Src/stm32f7xx_hal_dsi.o
                0x0000000008003a7c                HAL_DSI_Init
 .text.HAL_DSI_DeInit
                0x0000000008003cb0       0xe8 Drivers/STM32F7xx_HAL_Driver/Src/stm32f7xx_hal_dsi.o
                0x0000000008003cb0                HAL_DSI_DeInit
 .text.HAL_DSI_ConfigErrorMonitor
                0x0000000008003d98      0x178 Drivers/STM32F7xx_HAL_Driver/Src/stm32f7xx_hal_dsi.o
                0x0000000008003d98                HAL_DSI_ConfigErrorMonitor
 .text.HAL_DSI_SetGenericVCID
                0x0000000008003f10       0x50 Drivers/STM32F7xx_HAL_Driver/Src/stm32f7xx_hal_dsi.o
                0x0000000008003f10                HAL_DSI_SetGenericVCID
 .text.HAL_DSI_ConfigVideoMode
                0x0000000008003f60      0x400 Drivers/STM32F7xx_HAL_Driver/Src/stm32f7xx_hal_dsi.o
                0x0000000008003f60                HAL_DSI_ConfigVideoMode
 .text.HAL_DSI_ConfigAdaptedCommandMode
                0x0000000008004360      0x1b4 Drivers/STM32F7xx_HAL_Driver/Src/stm32f7xx_hal_dsi.o
                0x0000000008004360                HAL_DSI_ConfigAdaptedCommandMode
 .text.HAL_DSI_ConfigCommand
                0x0000000008004514       0xbc Drivers/STM32F7xx_HAL_Driver/Src/stm32f7xx_hal_dsi.o
                0x0000000008004514                HAL_DSI_ConfigCommand
 .text.HAL_DSI_ConfigFlowControl
                0x00000000080045d0       0x50 Drivers/STM32F7xx_HAL_Driver/Src/stm32f7xx_hal_dsi.o
                0x00000000080045d0                HAL_DSI_ConfigFlowControl
 .text.HAL_DSI_ConfigPhyTimer
                0x0000000008004620       0xd4 Drivers/STM32F7xx_HAL_Driver/Src/stm32f7xx_hal_dsi.o
                0x0000000008004620                HAL_DSI_ConfigPhyTimer
 .text.HAL_DSI_ConfigHostTimeouts
                0x00000000080046f4      0x190 Drivers/STM32F7xx_HAL_Driver/Src/stm32f7xx_hal_dsi.o
                0x00000000080046f4                HAL_DSI_ConfigHostTimeouts
 .text.HAL_DSI_Start
                0x0000000008004884       0x78 Drivers/STM32F7xx_HAL_Driver/Src/stm32f7xx_hal_dsi.o
                0x0000000008004884                HAL_DSI_Start
 .text.HAL_DSI_ShortWrite
                0x00000000080048fc       0x44 Drivers/STM32F7xx_HAL_Driver/Src/stm32f7xx_hal_dsi.o
                0x00000000080048fc                HAL_DSI_ShortWrite
 .text.HAL_DSI_LongWrite
                0x0000000008004940      0x130 Drivers/STM32F7xx_HAL_Driver/Src/stm32f7xx_hal_dsi.o
                0x0000000008004940                HAL_DSI_LongWrite
 .text.HAL_DSI_SetLowPowerRXFilter
                0x0000000008004a70       0x5a Drivers/STM32F7xx_HAL_Driver/Src/stm32f7xx_hal_dsi.o
                0x0000000008004a70                HAL_DSI_SetLowPowerRXFilter
 *fill*         0x0000000008004aca        0x2 
 .text.HAL_GPIO_Init
                0x0000000008004acc      0x354 Drivers/STM32F7xx_HAL_Driver/Src/stm32f7xx_hal_gpio.o
                0x0000000008004acc                HAL_GPIO_Init
 .text.HAL_GPIO_DeInit
                0x0000000008004e20      0x214 Drivers/STM32F7xx_HAL_Driver/Src/stm32f7xx_hal_gpio.o
                0x0000000008004e20                HAL_GPIO_DeInit
 .text.HAL_GPIO_WritePin
                0x0000000008005034       0x32 Drivers/STM32F7xx_HAL_Driver/Src/stm32f7xx_hal_gpio.o
                0x0000000008005034                HAL_GPIO_WritePin
 .text.HAL_GPIO_TogglePin
                0x0000000008005066       0x36 Drivers/STM32F7xx_HAL_Driver/Src/stm32f7xx_hal_gpio.o
                0x0000000008005066                HAL_GPIO_TogglePin
 .text.HAL_GPIO_EXTI_IRQHandler
                0x000000000800509c       0x30 Drivers/STM32F7xx_HAL_Driver/Src/stm32f7xx_hal_gpio.o
                0x000000000800509c                HAL_GPIO_EXTI_IRQHandler
 .text.HAL_I2C_Init
                0x00000000080050cc      0x120 Drivers/STM32F7xx_HAL_Driver/Src/stm32f7xx_hal_i2c.o
                0x00000000080050cc                HAL_I2C_Init
 .text.HAL_I2C_DeInit
                0x00000000080051ec       0x5e Drivers/STM32F7xx_HAL_Driver/Src/stm32f7xx_hal_i2c.o
                0x00000000080051ec                HAL_I2C_DeInit
 .text.HAL_I2C_MspInit
                0x000000000800524a       0x14 Drivers/STM32F7xx_HAL_Driver/Src/stm32f7xx_hal_i2c.o
                0x000000000800524a                HAL_I2C_MspInit
 .text.HAL_I2C_MspDeInit
                0x000000000800525e       0x14 Drivers/STM32F7xx_HAL_Driver/Src/stm32f7xx_hal_i2c.o
                0x000000000800525e                HAL_I2C_MspDeInit
 *fill*         0x0000000008005272        0x2 
 .text.HAL_I2C_Mem_Write
                0x0000000008005274      0x228 Drivers/STM32F7xx_HAL_Driver/Src/stm32f7xx_hal_i2c.o
                0x0000000008005274                HAL_I2C_Mem_Write
 .text.HAL_I2C_Mem_Read
                0x000000000800549c      0x234 Drivers/STM32F7xx_HAL_Driver/Src/stm32f7xx_hal_i2c.o
                0x000000000800549c                HAL_I2C_Mem_Read
 .text.HAL_I2C_GetState
                0x00000000080056d0       0x1c Drivers/STM32F7xx_HAL_Driver/Src/stm32f7xx_hal_i2c.o
                0x00000000080056d0                HAL_I2C_GetState
 .text.I2C_RequestMemoryWrite
                0x00000000080056ec       0xa8 Drivers/STM32F7xx_HAL_Driver/Src/stm32f7xx_hal_i2c.o
 .text.I2C_RequestMemoryRead
                0x0000000008005794       0xa8 Drivers/STM32F7xx_HAL_Driver/Src/stm32f7xx_hal_i2c.o
 .text.I2C_Flush_TXDR
                0x000000000800583c       0x48 Drivers/STM32F7xx_HAL_Driver/Src/stm32f7xx_hal_i2c.o
 .text.I2C_WaitOnFlagUntilTimeout
                0x0000000008005884       0x80 Drivers/STM32F7xx_HAL_Driver/Src/stm32f7xx_hal_i2c.o
 .text.I2C_WaitOnTXISFlagUntilTimeout
                0x0000000008005904       0x80 Drivers/STM32F7xx_HAL_Driver/Src/stm32f7xx_hal_i2c.o
 .text.I2C_WaitOnSTOPFlagUntilTimeout
                0x0000000008005984       0x78 Drivers/STM32F7xx_HAL_Driver/Src/stm32f7xx_hal_i2c.o
 .text.I2C_IsAcknowledgeFailed
                0x00000000080059fc       0xcc Drivers/STM32F7xx_HAL_Driver/Src/stm32f7xx_hal_i2c.o
 .text.I2C_TransferConfig
                0x0000000008005ac8       0x5c Drivers/STM32F7xx_HAL_Driver/Src/stm32f7xx_hal_i2c.o
 .text.HAL_LTDC_Init
                0x0000000008005b24      0x1a0 Drivers/STM32F7xx_HAL_Driver/Src/stm32f7xx_hal_ltdc.o
                0x0000000008005b24                HAL_LTDC_Init
 .text.HAL_LTDC_ConfigLayer
                0x0000000008005cc4       0x7c Drivers/STM32F7xx_HAL_Driver/Src/stm32f7xx_hal_ltdc.o
                0x0000000008005cc4                HAL_LTDC_ConfigLayer
 .text.LTDC_SetConfig
                0x0000000008005d40      0x334 Drivers/STM32F7xx_HAL_Driver/Src/stm32f7xx_hal_ltdc.o
 .text.HAL_LTDCEx_StructInitFromVideoConfig
                0x0000000008006074       0xa0 Drivers/STM32F7xx_HAL_Driver/Src/stm32f7xx_hal_ltdc_ex.o
                0x0000000008006074                HAL_LTDCEx_StructInitFromVideoConfig
 .text.HAL_PWREx_EnableOverDrive
                0x0000000008006114       0xa0 Drivers/STM32F7xx_HAL_Driver/Src/stm32f7xx_hal_pwr_ex.o
                0x0000000008006114                HAL_PWREx_EnableOverDrive
 .text.HAL_RCC_OscConfig
                0x00000000080061b4      0x4e4 Drivers/STM32F7xx_HAL_Driver/Src/stm32f7xx_hal_rcc.o
                0x00000000080061b4                HAL_RCC_OscConfig
 .text.HAL_RCC_ClockConfig
                0x0000000008006698      0x1d0 Drivers/STM32F7xx_HAL_Driver/Src/stm32f7xx_hal_rcc.o
                0x0000000008006698                HAL_RCC_ClockConfig
 .text.HAL_RCC_GetSysClockFreq
                0x0000000008006868      0x164 Drivers/STM32F7xx_HAL_Driver/Src/stm32f7xx_hal_rcc.o
                0x0000000008006868                HAL_RCC_GetSysClockFreq
 .text.HAL_RCCEx_PeriphCLKConfig
                0x00000000080069cc      0x84c Drivers/STM32F7xx_HAL_Driver/Src/stm32f7xx_hal_rcc_ex.o
                0x00000000080069cc                HAL_RCCEx_PeriphCLKConfig
 .text.HAL_SDRAM_Init
                0x0000000008007218       0x68 Drivers/STM32F7xx_HAL_Driver/Src/stm32f7xx_hal_sdram.o
                0x0000000008007218                HAL_SDRAM_Init
 .text.HAL_SDRAM_SendCommand
                0x0000000008007280       0x56 Drivers/STM32F7xx_HAL_Driver/Src/stm32f7xx_hal_sdram.o
                0x0000000008007280                HAL_SDRAM_SendCommand
 .text.HAL_SDRAM_ProgramRefreshRate
                0x00000000080072d6       0x40 Drivers/STM32F7xx_HAL_Driver/Src/stm32f7xx_hal_sdram.o
                0x00000000080072d6                HAL_SDRAM_ProgramRefreshRate
 .text.HAL_TIM_Base_Init
                0x0000000008007316       0x56 Drivers/STM32F7xx_HAL_Driver/Src/stm32f7xx_hal_tim.o
                0x0000000008007316                HAL_TIM_Base_Init
 .text.HAL_TIM_Base_Start_IT
                0x000000000800736c       0x54 Drivers/STM32F7xx_HAL_Driver/Src/stm32f7xx_hal_tim.o
                0x000000000800736c                HAL_TIM_Base_Start_IT
 .text.HAL_TIM_IRQHandler
                0x00000000080073c0      0x23e Drivers/STM32F7xx_HAL_Driver/Src/stm32f7xx_hal_tim.o
                0x00000000080073c0                HAL_TIM_IRQHandler
 .text.HAL_TIM_OC_DelayElapsedCallback
                0x00000000080075fe       0x14 Drivers/STM32F7xx_HAL_Driver/Src/stm32f7xx_hal_tim.o
                0x00000000080075fe                HAL_TIM_OC_DelayElapsedCallback
 .text.HAL_TIM_IC_CaptureCallback
                0x0000000008007612       0x14 Drivers/STM32F7xx_HAL_Driver/Src/stm32f7xx_hal_tim.o
                0x0000000008007612                HAL_TIM_IC_CaptureCallback
 .text.HAL_TIM_PWM_PulseFinishedCallback
                0x0000000008007626       0x14 Drivers/STM32F7xx_HAL_Driver/Src/stm32f7xx_hal_tim.o
                0x0000000008007626                HAL_TIM_PWM_PulseFinishedCallback
 .text.HAL_TIM_TriggerCallback
                0x000000000800763a       0x14 Drivers/STM32F7xx_HAL_Driver/Src/stm32f7xx_hal_tim.o
                0x000000000800763a                HAL_TIM_TriggerCallback
 *fill*         0x000000000800764e        0x2 
 .text.TIM_Base_SetConfig
                0x0000000008007650      0x140 Drivers/STM32F7xx_HAL_Driver/Src/stm32f7xx_hal_tim.o
                0x0000000008007650                TIM_Base_SetConfig
 .text.HAL_TIMEx_MasterConfigSynchronization
                0x0000000008007790       0xb8 Drivers/STM32F7xx_HAL_Driver/Src/stm32f7xx_hal_tim_ex.o
                0x0000000008007790                HAL_TIMEx_MasterConfigSynchronization
 .text.HAL_TIMEx_CommutCallback
                0x0000000008007848       0x14 Drivers/STM32F7xx_HAL_Driver/Src/stm32f7xx_hal_tim_ex.o
                0x0000000008007848                HAL_TIMEx_CommutCallback
 .text.HAL_TIMEx_BreakCallback
                0x000000000800785c       0x14 Drivers/STM32F7xx_HAL_Driver/Src/stm32f7xx_hal_tim_ex.o
                0x000000000800785c                HAL_TIMEx_BreakCallback
 .text.HAL_TIMEx_Break2Callback
                0x0000000008007870       0x14 Drivers/STM32F7xx_HAL_Driver/Src/stm32f7xx_hal_tim_ex.o
                0x0000000008007870                HAL_TIMEx_Break2Callback
 .text.FMC_SDRAM_Init
                0x0000000008007884       0xe4 Drivers/STM32F7xx_HAL_Driver/Src/stm32f7xx_ll_fmc.o
                0x0000000008007884                FMC_SDRAM_Init
 .text.FMC_SDRAM_Timing_Init
                0x0000000008007968      0x100 Drivers/STM32F7xx_HAL_Driver/Src/stm32f7xx_ll_fmc.o
                0x0000000008007968                FMC_SDRAM_Timing_Init
 .text.FMC_SDRAM_SendCommand
                0x0000000008007a68       0x42 Drivers/STM32F7xx_HAL_Driver/Src/stm32f7xx_ll_fmc.o
                0x0000000008007a68                FMC_SDRAM_SendCommand
 .text.FMC_SDRAM_ProgramRefreshRate
                0x0000000008007aaa       0x26 Drivers/STM32F7xx_HAL_Driver/Src/stm32f7xx_ll_fmc.o
                0x0000000008007aaa                FMC_SDRAM_ProgramRefreshRate
 .text.SCB_EnableICache
                0x0000000008007ad0       0x40 Src/main.o
 .text.SCB_EnableDCache
                0x0000000008007b10       0x80 Src/main.o
 .text.HAL_GPIO_EXTI_Callback
                0x0000000008007b90       0x34 Src/main.o
                0x0000000008007b90                HAL_GPIO_EXTI_Callback
 .text.HAL_TIM_PeriodElapsedCallback
                0x0000000008007bc4       0xcc Src/main.o
                0x0000000008007bc4                HAL_TIM_PeriodElapsedCallback
 .text.imprime_tabuleiro
                0x0000000008007c90      0x138 Src/main.o
                0x0000000008007c90                imprime_tabuleiro
 .text.mostra_temperatura
                0x0000000008007dc8       0x44 Src/main.o
                0x0000000008007dc8                mostra_temperatura
 .text.mostra_tempo
                0x0000000008007e0c       0x44 Src/main.o
                0x0000000008007e0c                mostra_tempo
 .text.imprime_pecas_iniciais
                0x0000000008007e50       0x4c Src/main.o
                0x0000000008007e50                imprime_pecas_iniciais
 .text.muda_peca_consoante_jogador
                0x0000000008007e9c       0x98 Src/main.o
                0x0000000008007e9c                muda_peca_consoante_jogador
 .text.verifica_se_adversario
                0x0000000008007f34      0x1a4 Src/main.o
                0x0000000008007f34                verifica_se_adversario
 .text.tocar_ecran
                0x00000000080080d8      0x194 Src/main.o
                0x00000000080080d8                tocar_ecran
 .text.main     0x000000000800826c       0xc8 Src/main.o
                0x000000000800826c                main
 .text.SystemClock_Config
                0x0000000008008334      0x134 Src/main.o
                0x0000000008008334                SystemClock_Config
 .text.MX_ADC1_Init
                0x0000000008008468       0xa8 Src/main.o
 .text.MX_DMA2D_Init
                0x0000000008008510       0x70 Src/main.o
 .text.MX_DSIHOST_DSI_Init
                0x0000000008008580      0x1e8 Src/main.o
 .text.MX_LTDC_Init
                0x0000000008008768      0x164 Src/main.o
 .text.MX_TIM6_Init
                0x00000000080088cc       0x70 Src/main.o
 .text.MX_FMC_Init
                0x000000000800893c       0x9c Src/main.o
 .text.MX_GPIO_Init
                0x00000000080089d8      0x114 Src/main.o
 .text.LCD_Config
                0x0000000008008aec       0xc0 Src/main.o
 .text.Error_Handler
                0x0000000008008bac        0xe Src/main.o
                0x0000000008008bac                Error_Handler
 *fill*         0x0000000008008bba        0x2 
 .text.HAL_MspInit
                0x0000000008008bbc       0x48 Src/stm32f7xx_hal_msp.o
                0x0000000008008bbc                HAL_MspInit
 .text.HAL_ADC_MspInit
                0x0000000008008c04       0x40 Src/stm32f7xx_hal_msp.o
                0x0000000008008c04                HAL_ADC_MspInit
 .text.HAL_DMA2D_MspInit
                0x0000000008008c44       0x40 Src/stm32f7xx_hal_msp.o
                0x0000000008008c44                HAL_DMA2D_MspInit
 .text.HAL_DSI_MspInit
                0x0000000008008c84       0x88 Src/stm32f7xx_hal_msp.o
                0x0000000008008c84                HAL_DSI_MspInit
 .text.HAL_DSI_MspDeInit
                0x0000000008008d0c       0x3c Src/stm32f7xx_hal_msp.o
                0x0000000008008d0c                HAL_DSI_MspDeInit
 .text.HAL_LTDC_MspInit
                0x0000000008008d48       0x40 Src/stm32f7xx_hal_msp.o
                0x0000000008008d48                HAL_LTDC_MspInit
 .text.HAL_TIM_Base_MspInit
                0x0000000008008d88       0x4c Src/stm32f7xx_hal_msp.o
                0x0000000008008d88                HAL_TIM_Base_MspInit
 .text.HAL_FMC_MspInit
                0x0000000008008dd4      0x148 Src/stm32f7xx_hal_msp.o
 .text.HAL_SDRAM_MspInit
                0x0000000008008f1c       0x14 Src/stm32f7xx_hal_msp.o
                0x0000000008008f1c                HAL_SDRAM_MspInit
 .text.NMI_Handler
                0x0000000008008f30        0xe Src/stm32f7xx_it.o
                0x0000000008008f30                NMI_Handler
 .text.HardFault_Handler
                0x0000000008008f3e        0x6 Src/stm32f7xx_it.o
                0x0000000008008f3e                HardFault_Handler
 .text.MemManage_Handler
                0x0000000008008f44        0x6 Src/stm32f7xx_it.o
                0x0000000008008f44                MemManage_Handler
 .text.BusFault_Handler
                0x0000000008008f4a        0x6 Src/stm32f7xx_it.o
                0x0000000008008f4a                BusFault_Handler
 .text.UsageFault_Handler
                0x0000000008008f50        0x6 Src/stm32f7xx_it.o
                0x0000000008008f50                UsageFault_Handler
 .text.SVC_Handler
                0x0000000008008f56        0xe Src/stm32f7xx_it.o
                0x0000000008008f56                SVC_Handler
 .text.DebugMon_Handler
                0x0000000008008f64        0xe Src/stm32f7xx_it.o
                0x0000000008008f64                DebugMon_Handler
 .text.PendSV_Handler
                0x0000000008008f72        0xe Src/stm32f7xx_it.o
                0x0000000008008f72                PendSV_Handler
 .text.SysTick_Handler
                0x0000000008008f80        0xc Src/stm32f7xx_it.o
                0x0000000008008f80                SysTick_Handler
 .text.EXTI15_10_IRQHandler
                0x0000000008008f8c       0x10 Src/stm32f7xx_it.o
                0x0000000008008f8c                EXTI15_10_IRQHandler
 .text.TIM6_DAC_IRQHandler
                0x0000000008008f9c       0x14 Src/stm32f7xx_it.o
                0x0000000008008f9c                TIM6_DAC_IRQHandler
 .text._sbrk    0x0000000008008fb0       0x58 Src/sysmem.o
                0x0000000008008fb0                _sbrk
 .text.SystemInit
                0x0000000008009008       0x6c Src/system_stm32f7xx.o
                0x0000000008009008                SystemInit
 .text.Reset_Handler
                0x0000000008009074       0x50 Startup/startup_stm32f769nihx.o
                0x0000000008009074                Reset_Handler
 .text.Default_Handler
                0x00000000080090c4        0x2 Startup/startup_stm32f769nihx.o
                0x00000000080090c4                RTC_Alarm_IRQHandler
                0x00000000080090c4                EXTI2_IRQHandler
                0x00000000080090c4                TIM8_CC_IRQHandler
                0x00000000080090c4                UART8_IRQHandler
                0x00000000080090c4                SPI4_IRQHandler
                0x00000000080090c4                TIM1_CC_IRQHandler
                0x00000000080090c4                DMA2_Stream5_IRQHandler
                0x00000000080090c4                JPEG_IRQHandler
                0x00000000080090c4                DMA1_Stream5_IRQHandler
                0x00000000080090c4                CAN3_RX1_IRQHandler
                0x00000000080090c4                PVD_IRQHandler
                0x00000000080090c4                TAMP_STAMP_IRQHandler
                0x00000000080090c4                CAN2_RX1_IRQHandler
                0x00000000080090c4                EXTI3_IRQHandler
                0x00000000080090c4                TIM8_TRG_COM_TIM14_IRQHandler
                0x00000000080090c4                DFSDM1_FLT1_IRQHandler
                0x00000000080090c4                TIM1_UP_TIM10_IRQHandler
                0x00000000080090c4                TIM8_UP_TIM13_IRQHandler
                0x00000000080090c4                I2C3_ER_IRQHandler
                0x00000000080090c4                DFSDM1_FLT2_IRQHandler
                0x00000000080090c4                EXTI0_IRQHandler
                0x00000000080090c4                I2C2_EV_IRQHandler
                0x00000000080090c4                DMA1_Stream2_IRQHandler
                0x00000000080090c4                CAN1_RX0_IRQHandler
                0x00000000080090c4                FPU_IRQHandler
                0x00000000080090c4                OTG_HS_WKUP_IRQHandler
                0x00000000080090c4                CAN3_SCE_IRQHandler
                0x00000000080090c4                LTDC_ER_IRQHandler
                0x00000000080090c4                CAN2_SCE_IRQHandler
                0x00000000080090c4                DMA2_Stream2_IRQHandler
                0x00000000080090c4                SPI1_IRQHandler
                0x00000000080090c4                TIM1_BRK_TIM9_IRQHandler
                0x00000000080090c4                DCMI_IRQHandler
                0x00000000080090c4                CAN2_RX0_IRQHandler
                0x00000000080090c4                DMA2_Stream3_IRQHandler
                0x00000000080090c4                SAI2_IRQHandler
                0x00000000080090c4                DFSDM1_FLT3_IRQHandler
                0x00000000080090c4                USART6_IRQHandler
                0x00000000080090c4                CAN3_RX0_IRQHandler
                0x00000000080090c4                USART3_IRQHandler
                0x00000000080090c4                CAN1_RX1_IRQHandler
                0x00000000080090c4                UART5_IRQHandler
                0x00000000080090c4                DMA2_Stream0_IRQHandler
                0x00000000080090c4                TIM4_IRQHandler
                0x00000000080090c4                QUADSPI_IRQHandler
                0x00000000080090c4                I2C1_EV_IRQHandler
                0x00000000080090c4                DMA1_Stream6_IRQHandler
                0x00000000080090c4                DMA1_Stream1_IRQHandler
                0x00000000080090c4                UART4_IRQHandler
                0x00000000080090c4                TIM3_IRQHandler
                0x00000000080090c4                RCC_IRQHandler
                0x00000000080090c4                TIM8_BRK_TIM12_IRQHandler
                0x00000000080090c4                Default_Handler
                0x00000000080090c4                CEC_IRQHandler
                0x00000000080090c4                ADC_IRQHandler
                0x00000000080090c4                DMA1_Stream7_IRQHandler
                0x00000000080090c4                SPI5_IRQHandler
                0x00000000080090c4                TIM7_IRQHandler
                0x00000000080090c4                SDMMC1_IRQHandler
                0x00000000080090c4                CAN2_TX_IRQHandler
                0x00000000080090c4                TIM5_IRQHandler
                0x00000000080090c4                DMA2_Stream7_IRQHandler
                0x00000000080090c4                I2C3_EV_IRQHandler
                0x00000000080090c4                EXTI9_5_IRQHandler
                0x00000000080090c4                RTC_WKUP_IRQHandler
                0x00000000080090c4                LTDC_IRQHandler
                0x00000000080090c4                ETH_WKUP_IRQHandler
                0x00000000080090c4                SPDIF_RX_IRQHandler
                0x00000000080090c4                SPI2_IRQHandler
                0x00000000080090c4                OTG_HS_EP1_IN_IRQHandler
                0x00000000080090c4                DMA1_Stream0_IRQHandler
                0x00000000080090c4                CAN1_TX_IRQHandler
                0x00000000080090c4                EXTI4_IRQHandler
                0x00000000080090c4                RNG_IRQHandler
                0x00000000080090c4                DSI_IRQHandler
                0x00000000080090c4                ETH_IRQHandler
                0x00000000080090c4                OTG_HS_EP1_OUT_IRQHandler
                0x00000000080090c4                WWDG_IRQHandler
                0x00000000080090c4                SPI6_IRQHandler
                0x00000000080090c4                MDIOS_IRQHandler
                0x00000000080090c4                I2C4_EV_IRQHandler
                0x00000000080090c4                CAN3_TX_IRQHandler
                0x00000000080090c4                TIM2_IRQHandler
                0x00000000080090c4                OTG_FS_WKUP_IRQHandler
                0x00000000080090c4                TIM1_TRG_COM_TIM11_IRQHandler
                0x00000000080090c4                OTG_HS_IRQHandler
                0x00000000080090c4                DMA2D_IRQHandler
                0x00000000080090c4                EXTI1_IRQHandler
                0x00000000080090c4                SDMMC2_IRQHandler
                0x00000000080090c4                UART7_IRQHandler
                0x00000000080090c4                USART2_IRQHandler
                0x00000000080090c4                DFSDM1_FLT0_IRQHandler
                0x00000000080090c4                I2C2_ER_IRQHandler
                0x00000000080090c4                DMA2_Stream1_IRQHandler
                0x00000000080090c4                CAN1_SCE_IRQHandler
                0x00000000080090c4                FLASH_IRQHandler
                0x00000000080090c4                DMA2_Stream4_IRQHandler
                0x00000000080090c4                USART1_IRQHandler
                0x00000000080090c4                OTG_FS_IRQHandler
                0x00000000080090c4                SPI3_IRQHandler
                0x00000000080090c4                DMA1_Stream4_IRQHandler
                0x00000000080090c4                I2C1_ER_IRQHandler
                0x00000000080090c4                FMC_IRQHandler
                0x00000000080090c4                LPTIM1_IRQHandler
                0x00000000080090c4                I2C4_ER_IRQHandler
                0x00000000080090c4                DMA2_Stream6_IRQHandler
                0x00000000080090c4                SAI1_IRQHandler
                0x00000000080090c4                DMA1_Stream3_IRQHandler
 *fill*         0x00000000080090c6        0x2 
 .text.__errno  0x00000000080090c8        0xc c:/st/stm32cubeide_1.0.0/stm32cubeide/plugins/com.st.stm32cube.ide.mcu.externaltools.gnu-tools-for-stm32.7-2018-q2-update.win32_1.0.0.201904181610/tools/bin/../lib/gcc/arm-none-eabi/7.3.1/../../../../arm-none-eabi/lib/thumb/v7e-m/fpv5/hard\libc_nano.a(lib_a-errno.o)
                0x00000000080090c8                __errno
 .text.__libc_init_array
                0x00000000080090d4       0x48 c:/st/stm32cubeide_1.0.0/stm32cubeide/plugins/com.st.stm32cube.ide.mcu.externaltools.gnu-tools-for-stm32.7-2018-q2-update.win32_1.0.0.201904181610/tools/bin/../lib/gcc/arm-none-eabi/7.3.1/../../../../arm-none-eabi/lib/thumb/v7e-m/fpv5/hard\libc_nano.a(lib_a-init.o)
                0x00000000080090d4                __libc_init_array
 .text.memset   0x000000000800911c       0x10 c:/st/stm32cubeide_1.0.0/stm32cubeide/plugins/com.st.stm32cube.ide.mcu.externaltools.gnu-tools-for-stm32.7-2018-q2-update.win32_1.0.0.201904181610/tools/bin/../lib/gcc/arm-none-eabi/7.3.1/../../../../arm-none-eabi/lib/thumb/v7e-m/fpv5/hard\libc_nano.a(lib_a-memset.o)
                0x000000000800911c                memset
 .text.sprintf  0x000000000800912c       0x40 c:/st/stm32cubeide_1.0.0/stm32cubeide/plugins/com.st.stm32cube.ide.mcu.externaltools.gnu-tools-for-stm32.7-2018-q2-update.win32_1.0.0.201904181610/tools/bin/../lib/gcc/arm-none-eabi/7.3.1/../../../../arm-none-eabi/lib/thumb/v7e-m/fpv5/hard\libc_nano.a(lib_a-sprintf.o)
                0x000000000800912c                siprintf
                0x000000000800912c                sprintf
 .text.__ssputs_r
                0x000000000800916c       0xb4 c:/st/stm32cubeide_1.0.0/stm32cubeide/plugins/com.st.stm32cube.ide.mcu.externaltools.gnu-tools-for-stm32.7-2018-q2-update.win32_1.0.0.201904181610/tools/bin/../lib/gcc/arm-none-eabi/7.3.1/../../../../arm-none-eabi/lib/thumb/v7e-m/fpv5/hard\libc_nano.a(lib_a-nano-svfprintf.o)
                0x000000000800916c                __ssputs_r
 .text._svfprintf_r
                0x0000000008009220      0x1f0 c:/st/stm32cubeide_1.0.0/stm32cubeide/plugins/com.st.stm32cube.ide.mcu.externaltools.gnu-tools-for-stm32.7-2018-q2-update.win32_1.0.0.201904181610/tools/bin/../lib/gcc/arm-none-eabi/7.3.1/../../../../arm-none-eabi/lib/thumb/v7e-m/fpv5/hard\libc_nano.a(lib_a-nano-svfprintf.o)
                0x0000000008009220                _svfiprintf_r
                0x0000000008009220                _svfprintf_r
 .text._printf_common
                0x0000000008009410       0xea c:/st/stm32cubeide_1.0.0/stm32cubeide/plugins/com.st.stm32cube.ide.mcu.externaltools.gnu-tools-for-stm32.7-2018-q2-update.win32_1.0.0.201904181610/tools/bin/../lib/gcc/arm-none-eabi/7.3.1/../../../../arm-none-eabi/lib/thumb/v7e-m/fpv5/hard\libc_nano.a(lib_a-nano-vfprintf_i.o)
                0x0000000008009410                _printf_common
 *fill*         0x00000000080094fa        0x2 
 .text._printf_i
                0x00000000080094fc      0x224 c:/st/stm32cubeide_1.0.0/stm32cubeide/plugins/com.st.stm32cube.ide.mcu.externaltools.gnu-tools-for-stm32.7-2018-q2-update.win32_1.0.0.201904181610/tools/bin/../lib/gcc/arm-none-eabi/7.3.1/../../../../arm-none-eabi/lib/thumb/v7e-m/fpv5/hard\libc_nano.a(lib_a-nano-vfprintf_i.o)
                0x00000000080094fc                _printf_i
 .text.memcpy   0x0000000008009720       0x16 c:/st/stm32cubeide_1.0.0/stm32cubeide/plugins/com.st.stm32cube.ide.mcu.externaltools.gnu-tools-for-stm32.7-2018-q2-update.win32_1.0.0.201904181610/tools/bin/../lib/gcc/arm-none-eabi/7.3.1/../../../../arm-none-eabi/lib/thumb/v7e-m/fpv5/hard\libc_nano.a(lib_a-memcpy-stub.o)
                0x0000000008009720                memcpy
 .text.memmove  0x0000000008009736       0x32 c:/st/stm32cubeide_1.0.0/stm32cubeide/plugins/com.st.stm32cube.ide.mcu.externaltools.gnu-tools-for-stm32.7-2018-q2-update.win32_1.0.0.201904181610/tools/bin/../lib/gcc/arm-none-eabi/7.3.1/../../../../arm-none-eabi/lib/thumb/v7e-m/fpv5/hard\libc_nano.a(lib_a-memmove.o)
                0x0000000008009736                memmove
 .text._free_r  0x0000000008009768       0x9c c:/st/stm32cubeide_1.0.0/stm32cubeide/plugins/com.st.stm32cube.ide.mcu.externaltools.gnu-tools-for-stm32.7-2018-q2-update.win32_1.0.0.201904181610/tools/bin/../lib/gcc/arm-none-eabi/7.3.1/../../../../arm-none-eabi/lib/thumb/v7e-m/fpv5/hard\libc_nano.a(lib_a-nano-freer.o)
                0x0000000008009768                _free_r
 .text._malloc_r
                0x0000000008009804       0xb4 c:/st/stm32cubeide_1.0.0/stm32cubeide/plugins/com.st.stm32cube.ide.mcu.externaltools.gnu-tools-for-stm32.7-2018-q2-update.win32_1.0.0.201904181610/tools/bin/../lib/gcc/arm-none-eabi/7.3.1/../../../../arm-none-eabi/lib/thumb/v7e-m/fpv5/hard\libc_nano.a(lib_a-nano-mallocr.o)
                0x0000000008009804                _malloc_r
 .text._realloc_r
                0x00000000080098b8       0x4c c:/st/stm32cubeide_1.0.0/stm32cubeide/plugins/com.st.stm32cube.ide.mcu.externaltools.gnu-tools-for-stm32.7-2018-q2-update.win32_1.0.0.201904181610/tools/bin/../lib/gcc/arm-none-eabi/7.3.1/../../../../arm-none-eabi/lib/thumb/v7e-m/fpv5/hard\libc_nano.a(lib_a-nano-reallocr.o)
                0x00000000080098b8                _realloc_r
 .text._sbrk_r  0x0000000008009904       0x20 c:/st/stm32cubeide_1.0.0/stm32cubeide/plugins/com.st.stm32cube.ide.mcu.externaltools.gnu-tools-for-stm32.7-2018-q2-update.win32_1.0.0.201904181610/tools/bin/../lib/gcc/arm-none-eabi/7.3.1/../../../../arm-none-eabi/lib/thumb/v7e-m/fpv5/hard\libc_nano.a(lib_a-sbrkr.o)
                0x0000000008009904                _sbrk_r
 .text.__malloc_lock
                0x0000000008009924        0x2 c:/st/stm32cubeide_1.0.0/stm32cubeide/plugins/com.st.stm32cube.ide.mcu.externaltools.gnu-tools-for-stm32.7-2018-q2-update.win32_1.0.0.201904181610/tools/bin/../lib/gcc/arm-none-eabi/7.3.1/../../../../arm-none-eabi/lib/thumb/v7e-m/fpv5/hard\libc_nano.a(lib_a-mlock.o)
                0x0000000008009924                __malloc_lock
 .text.__malloc_unlock
                0x0000000008009926        0x2 c:/st/stm32cubeide_1.0.0/stm32cubeide/plugins/com.st.stm32cube.ide.mcu.externaltools.gnu-tools-for-stm32.7-2018-q2-update.win32_1.0.0.201904181610/tools/bin/../lib/gcc/arm-none-eabi/7.3.1/../../../../arm-none-eabi/lib/thumb/v7e-m/fpv5/hard\libc_nano.a(lib_a-mlock.o)
                0x0000000008009926                __malloc_unlock
 .text._malloc_usable_size_r
                0x0000000008009928       0x10 c:/st/stm32cubeide_1.0.0/stm32cubeide/plugins/com.st.stm32cube.ide.mcu.externaltools.gnu-tools-for-stm32.7-2018-q2-update.win32_1.0.0.201904181610/tools/bin/../lib/gcc/arm-none-eabi/7.3.1/../../../../arm-none-eabi/lib/thumb/v7e-m/fpv5/hard\libc_nano.a(lib_a-nano-msizer.o)
                0x0000000008009928                _malloc_usable_size_r
 *(.glue_7)
 .glue_7        0x0000000008009938        0x0 linker stubs
 *(.glue_7t)
 .glue_7t       0x0000000008009938        0x0 linker stubs
 *(.eh_frame)
 .eh_frame      0x0000000008009938        0x0 c:/st/stm32cubeide_1.0.0/stm32cubeide/plugins/com.st.stm32cube.ide.mcu.externaltools.gnu-tools-for-stm32.7-2018-q2-update.win32_1.0.0.201904181610/tools/bin/../lib/gcc/arm-none-eabi/7.3.1/thumb/v7e-m/fpv5/hard/crtbegin.o
 *(.init)
 .init          0x0000000008009938        0x4 c:/st/stm32cubeide_1.0.0/stm32cubeide/plugins/com.st.stm32cube.ide.mcu.externaltools.gnu-tools-for-stm32.7-2018-q2-update.win32_1.0.0.201904181610/tools/bin/../lib/gcc/arm-none-eabi/7.3.1/thumb/v7e-m/fpv5/hard/crti.o
                0x0000000008009938                _init
 .init          0x000000000800993c        0x8 c:/st/stm32cubeide_1.0.0/stm32cubeide/plugins/com.st.stm32cube.ide.mcu.externaltools.gnu-tools-for-stm32.7-2018-q2-update.win32_1.0.0.201904181610/tools/bin/../lib/gcc/arm-none-eabi/7.3.1/thumb/v7e-m/fpv5/hard/crtn.o
 *(.fini)
 .fini          0x0000000008009944        0x4 c:/st/stm32cubeide_1.0.0/stm32cubeide/plugins/com.st.stm32cube.ide.mcu.externaltools.gnu-tools-for-stm32.7-2018-q2-update.win32_1.0.0.201904181610/tools/bin/../lib/gcc/arm-none-eabi/7.3.1/thumb/v7e-m/fpv5/hard/crti.o
                0x0000000008009944                _fini
 .fini          0x0000000008009948        0x8 c:/st/stm32cubeide_1.0.0/stm32cubeide/plugins/com.st.stm32cube.ide.mcu.externaltools.gnu-tools-for-stm32.7-2018-q2-update.win32_1.0.0.201904181610/tools/bin/../lib/gcc/arm-none-eabi/7.3.1/thumb/v7e-m/fpv5/hard/crtn.o
                0x0000000008009950                . = ALIGN (0x4)
                0x0000000008009950                _etext = .

.vfp11_veneer   0x0000000008009950        0x0
 .vfp11_veneer  0x0000000008009950        0x0 linker stubs

.v4_bx          0x0000000008009950        0x0
 .v4_bx         0x0000000008009950        0x0 linker stubs

.iplt           0x0000000008009950        0x0
 .iplt          0x0000000008009950        0x0 c:/st/stm32cubeide_1.0.0/stm32cubeide/plugins/com.st.stm32cube.ide.mcu.externaltools.gnu-tools-for-stm32.7-2018-q2-update.win32_1.0.0.201904181610/tools/bin/../lib/gcc/arm-none-eabi/7.3.1/thumb/v7e-m/fpv5/hard/crtbegin.o

.rodata         0x0000000008009950     0x2dc4
                0x0000000008009950                . = ALIGN (0x4)
 *(.rodata)
 .rodata        0x0000000008009950       0x58 Src/main.o
 *(.rodata*)
 .rodata.lcdRegData1
                0x00000000080099a8        0x4 Drivers/BSP/Components/otm8009a/otm8009a.o
                0x00000000080099a8                lcdRegData1
 .rodata.lcdRegData2
                0x00000000080099ac        0x3 Drivers/BSP/Components/otm8009a/otm8009a.o
                0x00000000080099ac                lcdRegData2
 *fill*         0x00000000080099af        0x1 
 .rodata.lcdRegData3
                0x00000000080099b0       0x11 Drivers/BSP/Components/otm8009a/otm8009a.o
                0x00000000080099b0                lcdRegData3
 *fill*         0x00000000080099c1        0x3 
 .rodata.lcdRegData4
                0x00000000080099c4       0x11 Drivers/BSP/Components/otm8009a/otm8009a.o
                0x00000000080099c4                lcdRegData4
 *fill*         0x00000000080099d5        0x3 
 .rodata.lcdRegData5
                0x00000000080099d8        0x3 Drivers/BSP/Components/otm8009a/otm8009a.o
                0x00000000080099d8                lcdRegData5
 *fill*         0x00000000080099db        0x1 
 .rodata.lcdRegData6
                0x00000000080099dc        0x3 Drivers/BSP/Components/otm8009a/otm8009a.o
                0x00000000080099dc                lcdRegData6
 *fill*         0x00000000080099df        0x1 
 .rodata.lcdRegData7
                0x00000000080099e0        0x7 Drivers/BSP/Components/otm8009a/otm8009a.o
                0x00000000080099e0                lcdRegData7
 *fill*         0x00000000080099e7        0x1 
 .rodata.lcdRegData8
                0x00000000080099e8        0xf Drivers/BSP/Components/otm8009a/otm8009a.o
                0x00000000080099e8                lcdRegData8
 *fill*         0x00000000080099f7        0x1 
 .rodata.lcdRegData9
                0x00000000080099f8        0xf Drivers/BSP/Components/otm8009a/otm8009a.o
                0x00000000080099f8                lcdRegData9
 *fill*         0x0000000008009a07        0x1 
 .rodata.lcdRegData10
                0x0000000008009a08        0xb Drivers/BSP/Components/otm8009a/otm8009a.o
                0x0000000008009a08                lcdRegData10
 *fill*         0x0000000008009a13        0x1 
 .rodata.lcdRegData11
                0x0000000008009a14        0xb Drivers/BSP/Components/otm8009a/otm8009a.o
                0x0000000008009a14                lcdRegData11
 *fill*         0x0000000008009a1f        0x1 
 .rodata.lcdRegData12
                0x0000000008009a20       0x10 Drivers/BSP/Components/otm8009a/otm8009a.o
                0x0000000008009a20                lcdRegData12
 .rodata.lcdRegData13
                0x0000000008009a30       0x10 Drivers/BSP/Components/otm8009a/otm8009a.o
                0x0000000008009a30                lcdRegData13
 .rodata.lcdRegData14
                0x0000000008009a40        0xb Drivers/BSP/Components/otm8009a/otm8009a.o
                0x0000000008009a40                lcdRegData14
 *fill*         0x0000000008009a4b        0x1 
 .rodata.lcdRegData15
                0x0000000008009a4c       0x10 Drivers/BSP/Components/otm8009a/otm8009a.o
                0x0000000008009a4c                lcdRegData15
 .rodata.lcdRegData16
                0x0000000008009a5c       0x10 Drivers/BSP/Components/otm8009a/otm8009a.o
                0x0000000008009a5c                lcdRegData16
 .rodata.lcdRegData17
                0x0000000008009a6c        0xb Drivers/BSP/Components/otm8009a/otm8009a.o
                0x0000000008009a6c                lcdRegData17
 *fill*         0x0000000008009a77        0x1 
 .rodata.lcdRegData18
                0x0000000008009a78        0xb Drivers/BSP/Components/otm8009a/otm8009a.o
                0x0000000008009a78                lcdRegData18
 *fill*         0x0000000008009a83        0x1 
 .rodata.lcdRegData19
                0x0000000008009a84        0xb Drivers/BSP/Components/otm8009a/otm8009a.o
                0x0000000008009a84                lcdRegData19
 *fill*         0x0000000008009a8f        0x1 
 .rodata.lcdRegData20
                0x0000000008009a90       0x10 Drivers/BSP/Components/otm8009a/otm8009a.o
                0x0000000008009a90                lcdRegData20
 .rodata.lcdRegData21
                0x0000000008009aa0       0x10 Drivers/BSP/Components/otm8009a/otm8009a.o
                0x0000000008009aa0                lcdRegData21
 .rodata.lcdRegData22
                0x0000000008009ab0        0xb Drivers/BSP/Components/otm8009a/otm8009a.o
                0x0000000008009ab0                lcdRegData22
 *fill*         0x0000000008009abb        0x1 
 .rodata.lcdRegData23
                0x0000000008009abc       0x10 Drivers/BSP/Components/otm8009a/otm8009a.o
                0x0000000008009abc                lcdRegData23
 .rodata.lcdRegData24
                0x0000000008009acc       0x10 Drivers/BSP/Components/otm8009a/otm8009a.o
                0x0000000008009acc                lcdRegData24
 .rodata.lcdRegData25
                0x0000000008009adc        0x4 Drivers/BSP/Components/otm8009a/otm8009a.o
                0x0000000008009adc                lcdRegData25
 .rodata.lcdRegData27
                0x0000000008009ae0        0x5 Drivers/BSP/Components/otm8009a/otm8009a.o
                0x0000000008009ae0                lcdRegData27
 *fill*         0x0000000008009ae5        0x3 
 .rodata.lcdRegData28
                0x0000000008009ae8        0x5 Drivers/BSP/Components/otm8009a/otm8009a.o
                0x0000000008009ae8                lcdRegData28
 *fill*         0x0000000008009aed        0x3 
 .rodata.ShortRegData1
                0x0000000008009af0        0x2 Drivers/BSP/Components/otm8009a/otm8009a.o
                0x0000000008009af0                ShortRegData1
 *fill*         0x0000000008009af2        0x2 
 .rodata.ShortRegData2
                0x0000000008009af4        0x2 Drivers/BSP/Components/otm8009a/otm8009a.o
                0x0000000008009af4                ShortRegData2
 *fill*         0x0000000008009af6        0x2 
 .rodata.ShortRegData3
                0x0000000008009af8        0x2 Drivers/BSP/Components/otm8009a/otm8009a.o
                0x0000000008009af8                ShortRegData3
 *fill*         0x0000000008009afa        0x2 
 .rodata.ShortRegData4
                0x0000000008009afc        0x2 Drivers/BSP/Components/otm8009a/otm8009a.o
                0x0000000008009afc                ShortRegData4
 *fill*         0x0000000008009afe        0x2 
 .rodata.ShortRegData5
                0x0000000008009b00        0x2 Drivers/BSP/Components/otm8009a/otm8009a.o
                0x0000000008009b00                ShortRegData5
 *fill*         0x0000000008009b02        0x2 
 .rodata.ShortRegData6
                0x0000000008009b04        0x2 Drivers/BSP/Components/otm8009a/otm8009a.o
                0x0000000008009b04                ShortRegData6
 *fill*         0x0000000008009b06        0x2 
 .rodata.ShortRegData7
                0x0000000008009b08        0x2 Drivers/BSP/Components/otm8009a/otm8009a.o
                0x0000000008009b08                ShortRegData7
 *fill*         0x0000000008009b0a        0x2 
 .rodata.ShortRegData8
                0x0000000008009b0c        0x2 Drivers/BSP/Components/otm8009a/otm8009a.o
                0x0000000008009b0c                ShortRegData8
 *fill*         0x0000000008009b0e        0x2 
 .rodata.ShortRegData9
                0x0000000008009b10        0x2 Drivers/BSP/Components/otm8009a/otm8009a.o
                0x0000000008009b10                ShortRegData9
 *fill*         0x0000000008009b12        0x2 
 .rodata.ShortRegData10
                0x0000000008009b14        0x2 Drivers/BSP/Components/otm8009a/otm8009a.o
                0x0000000008009b14                ShortRegData10
 *fill*         0x0000000008009b16        0x2 
 .rodata.ShortRegData11
                0x0000000008009b18        0x2 Drivers/BSP/Components/otm8009a/otm8009a.o
                0x0000000008009b18                ShortRegData11
 *fill*         0x0000000008009b1a        0x2 
 .rodata.ShortRegData12
                0x0000000008009b1c        0x2 Drivers/BSP/Components/otm8009a/otm8009a.o
                0x0000000008009b1c                ShortRegData12
 *fill*         0x0000000008009b1e        0x2 
 .rodata.ShortRegData13
                0x0000000008009b20        0x2 Drivers/BSP/Components/otm8009a/otm8009a.o
                0x0000000008009b20                ShortRegData13
 *fill*         0x0000000008009b22        0x2 
 .rodata.ShortRegData14
                0x0000000008009b24        0x2 Drivers/BSP/Components/otm8009a/otm8009a.o
                0x0000000008009b24                ShortRegData14
 *fill*         0x0000000008009b26        0x2 
 .rodata.ShortRegData15
                0x0000000008009b28        0x2 Drivers/BSP/Components/otm8009a/otm8009a.o
                0x0000000008009b28                ShortRegData15
 *fill*         0x0000000008009b2a        0x2 
 .rodata.ShortRegData16
                0x0000000008009b2c        0x2 Drivers/BSP/Components/otm8009a/otm8009a.o
                0x0000000008009b2c                ShortRegData16
 *fill*         0x0000000008009b2e        0x2 
 .rodata.ShortRegData17
                0x0000000008009b30        0x2 Drivers/BSP/Components/otm8009a/otm8009a.o
                0x0000000008009b30                ShortRegData17
 *fill*         0x0000000008009b32        0x2 
 .rodata.ShortRegData18
                0x0000000008009b34        0x2 Drivers/BSP/Components/otm8009a/otm8009a.o
                0x0000000008009b34                ShortRegData18
 *fill*         0x0000000008009b36        0x2 
 .rodata.ShortRegData19
                0x0000000008009b38        0x2 Drivers/BSP/Components/otm8009a/otm8009a.o
                0x0000000008009b38                ShortRegData19
 *fill*         0x0000000008009b3a        0x2 
 .rodata.ShortRegData20
                0x0000000008009b3c        0x2 Drivers/BSP/Components/otm8009a/otm8009a.o
                0x0000000008009b3c                ShortRegData20
 *fill*         0x0000000008009b3e        0x2 
 .rodata.ShortRegData21
                0x0000000008009b40        0x2 Drivers/BSP/Components/otm8009a/otm8009a.o
                0x0000000008009b40                ShortRegData21
 *fill*         0x0000000008009b42        0x2 
 .rodata.ShortRegData22
                0x0000000008009b44        0x2 Drivers/BSP/Components/otm8009a/otm8009a.o
                0x0000000008009b44                ShortRegData22
 *fill*         0x0000000008009b46        0x2 
 .rodata.ShortRegData23
                0x0000000008009b48        0x2 Drivers/BSP/Components/otm8009a/otm8009a.o
                0x0000000008009b48                ShortRegData23
 *fill*         0x0000000008009b4a        0x2 
 .rodata.ShortRegData24
                0x0000000008009b4c        0x2 Drivers/BSP/Components/otm8009a/otm8009a.o
                0x0000000008009b4c                ShortRegData24
 *fill*         0x0000000008009b4e        0x2 
 .rodata.ShortRegData25
                0x0000000008009b50        0x2 Drivers/BSP/Components/otm8009a/otm8009a.o
                0x0000000008009b50                ShortRegData25
 *fill*         0x0000000008009b52        0x2 
 .rodata.ShortRegData26
                0x0000000008009b54        0x2 Drivers/BSP/Components/otm8009a/otm8009a.o
                0x0000000008009b54                ShortRegData26
 *fill*         0x0000000008009b56        0x2 
 .rodata.ShortRegData27
                0x0000000008009b58        0x2 Drivers/BSP/Components/otm8009a/otm8009a.o
                0x0000000008009b58                ShortRegData27
 *fill*         0x0000000008009b5a        0x2 
 .rodata.ShortRegData28
                0x0000000008009b5c        0x2 Drivers/BSP/Components/otm8009a/otm8009a.o
                0x0000000008009b5c                ShortRegData28
 *fill*         0x0000000008009b5e        0x2 
 .rodata.ShortRegData29
                0x0000000008009b60        0x2 Drivers/BSP/Components/otm8009a/otm8009a.o
                0x0000000008009b60                ShortRegData29
 *fill*         0x0000000008009b62        0x2 
 .rodata.ShortRegData30
                0x0000000008009b64        0x2 Drivers/BSP/Components/otm8009a/otm8009a.o
                0x0000000008009b64                ShortRegData30
 *fill*         0x0000000008009b66        0x2 
 .rodata.ShortRegData31
                0x0000000008009b68        0x2 Drivers/BSP/Components/otm8009a/otm8009a.o
                0x0000000008009b68                ShortRegData31
 *fill*         0x0000000008009b6a        0x2 
 .rodata.ShortRegData32
                0x0000000008009b6c        0x2 Drivers/BSP/Components/otm8009a/otm8009a.o
                0x0000000008009b6c                ShortRegData32
 *fill*         0x0000000008009b6e        0x2 
 .rodata.ShortRegData33
                0x0000000008009b70        0x2 Drivers/BSP/Components/otm8009a/otm8009a.o
                0x0000000008009b70                ShortRegData33
 *fill*         0x0000000008009b72        0x2 
 .rodata.ShortRegData34
                0x0000000008009b74        0x2 Drivers/BSP/Components/otm8009a/otm8009a.o
                0x0000000008009b74                ShortRegData34
 *fill*         0x0000000008009b76        0x2 
 .rodata.ShortRegData35
                0x0000000008009b78        0x2 Drivers/BSP/Components/otm8009a/otm8009a.o
                0x0000000008009b78                ShortRegData35
 *fill*         0x0000000008009b7a        0x2 
 .rodata.ShortRegData36
                0x0000000008009b7c        0x2 Drivers/BSP/Components/otm8009a/otm8009a.o
                0x0000000008009b7c                ShortRegData36
 *fill*         0x0000000008009b7e        0x2 
 .rodata.ShortRegData37
                0x0000000008009b80        0x2 Drivers/BSP/Components/otm8009a/otm8009a.o
                0x0000000008009b80                ShortRegData37
 *fill*         0x0000000008009b82        0x2 
 .rodata.ShortRegData38
                0x0000000008009b84        0x2 Drivers/BSP/Components/otm8009a/otm8009a.o
                0x0000000008009b84                ShortRegData38
 *fill*         0x0000000008009b86        0x2 
 .rodata.ShortRegData39
                0x0000000008009b88        0x2 Drivers/BSP/Components/otm8009a/otm8009a.o
                0x0000000008009b88                ShortRegData39
 *fill*         0x0000000008009b8a        0x2 
 .rodata.ShortRegData40
                0x0000000008009b8c        0x2 Drivers/BSP/Components/otm8009a/otm8009a.o
                0x0000000008009b8c                ShortRegData40
 *fill*         0x0000000008009b8e        0x2 
 .rodata.ShortRegData41
                0x0000000008009b90        0x2 Drivers/BSP/Components/otm8009a/otm8009a.o
                0x0000000008009b90                ShortRegData41
 *fill*         0x0000000008009b92        0x2 
 .rodata.ShortRegData42
                0x0000000008009b94        0x2 Drivers/BSP/Components/otm8009a/otm8009a.o
                0x0000000008009b94                ShortRegData42
 *fill*         0x0000000008009b96        0x2 
 .rodata.ShortRegData43
                0x0000000008009b98        0x2 Drivers/BSP/Components/otm8009a/otm8009a.o
                0x0000000008009b98                ShortRegData43
 *fill*         0x0000000008009b9a        0x2 
 .rodata.ShortRegData44
                0x0000000008009b9c        0x2 Drivers/BSP/Components/otm8009a/otm8009a.o
                0x0000000008009b9c                ShortRegData44
 *fill*         0x0000000008009b9e        0x2 
 .rodata.ShortRegData45
                0x0000000008009ba0        0x2 Drivers/BSP/Components/otm8009a/otm8009a.o
                0x0000000008009ba0                ShortRegData45
 *fill*         0x0000000008009ba2        0x2 
 .rodata.ShortRegData46
                0x0000000008009ba4        0x2 Drivers/BSP/Components/otm8009a/otm8009a.o
                0x0000000008009ba4                ShortRegData46
 *fill*         0x0000000008009ba6        0x2 
 .rodata.ShortRegData47
                0x0000000008009ba8        0x2 Drivers/BSP/Components/otm8009a/otm8009a.o
                0x0000000008009ba8                ShortRegData47
 *fill*         0x0000000008009baa        0x2 
 .rodata.ShortRegData48
                0x0000000008009bac        0x2 Drivers/BSP/Components/otm8009a/otm8009a.o
                0x0000000008009bac                ShortRegData48
 *fill*         0x0000000008009bae        0x2 
 .rodata.ShortRegData49
                0x0000000008009bb0        0x2 Drivers/BSP/Components/otm8009a/otm8009a.o
                0x0000000008009bb0                ShortRegData49
 *fill*         0x0000000008009bb2        0x2 
 .rodata.ShortRegData50
                0x0000000008009bb4        0x2 Drivers/BSP/Components/otm8009a/otm8009a.o
                0x0000000008009bb4                ShortRegData50
 *fill*         0x0000000008009bb6        0x2 
 .rodata.ShortRegData51
                0x0000000008009bb8        0x2 Drivers/BSP/Components/otm8009a/otm8009a.o
                0x0000000008009bb8                ShortRegData51
 *fill*         0x0000000008009bba        0x2 
 .rodata.Font24_Table
                0x0000000008009bbc     0x1ab8 Drivers/BSP/STM32F769I-Discovery/stm32f769i_discovery_lcd.o
                0x0000000008009bbc                Font24_Table
 .rodata.Font16_Table
                0x000000000800b674      0xbe0 Drivers/BSP/STM32F769I-Discovery/stm32f769i_discovery_lcd.o
                0x000000000800b674                Font16_Table
 .rodata.Font12_Table
                0x000000000800c254      0x474 Drivers/BSP/STM32F769I-Discovery/stm32f769i_discovery_lcd.o
                0x000000000800c254                Font12_Table
 .rodata.flagBitshiftOffset.9740
                0x000000000800c6c8        0x8 Drivers/STM32F7xx_HAL_Driver/Src/stm32f7xx_hal_dma.o
 .rodata.AHBPrescTable
                0x000000000800c6d0       0x10 Src/system_stm32f7xx.o
                0x000000000800c6d0                AHBPrescTable
 .rodata._svfprintf_r.str1.1
                0x000000000800c6e0       0x11 c:/st/stm32cubeide_1.0.0/stm32cubeide/plugins/com.st.stm32cube.ide.mcu.externaltools.gnu-tools-for-stm32.7-2018-q2-update.win32_1.0.0.201904181610/tools/bin/../lib/gcc/arm-none-eabi/7.3.1/../../../../arm-none-eabi/lib/thumb/v7e-m/fpv5/hard\libc_nano.a(lib_a-nano-svfprintf.o)
 .rodata._printf_i.str1.1
                0x000000000800c6f1       0x22 c:/st/stm32cubeide_1.0.0/stm32cubeide/plugins/com.st.stm32cube.ide.mcu.externaltools.gnu-tools-for-stm32.7-2018-q2-update.win32_1.0.0.201904181610/tools/bin/../lib/gcc/arm-none-eabi/7.3.1/../../../../arm-none-eabi/lib/thumb/v7e-m/fpv5/hard\libc_nano.a(lib_a-nano-vfprintf_i.o)
                0x000000000800c714                . = ALIGN (0x4)
 *fill*         0x000000000800c713        0x1 

.ARM.extab      0x000000000800c714        0x0
                0x000000000800c714                . = ALIGN (0x4)
 *(.ARM.extab* .gnu.linkonce.armextab.*)
                0x000000000800c714                . = ALIGN (0x4)

.ARM            0x000000000800c714        0x8
                0x000000000800c714                . = ALIGN (0x4)
                0x000000000800c714                __exidx_start = .
 *(.ARM.exidx*)
 .ARM.exidx     0x000000000800c714        0x8 c:/st/stm32cubeide_1.0.0/stm32cubeide/plugins/com.st.stm32cube.ide.mcu.externaltools.gnu-tools-for-stm32.7-2018-q2-update.win32_1.0.0.201904181610/tools/bin/../lib/gcc/arm-none-eabi/7.3.1/thumb/v7e-m/fpv5/hard\libgcc.a(_udivmoddi4.o)
                0x000000000800c71c                __exidx_end = .
                0x000000000800c71c                . = ALIGN (0x4)

.rel.dyn        0x000000000800c71c        0x0
 .rel.iplt      0x000000000800c71c        0x0 c:/st/stm32cubeide_1.0.0/stm32cubeide/plugins/com.st.stm32cube.ide.mcu.externaltools.gnu-tools-for-stm32.7-2018-q2-update.win32_1.0.0.201904181610/tools/bin/../lib/gcc/arm-none-eabi/7.3.1/thumb/v7e-m/fpv5/hard/crtbegin.o

.preinit_array  0x000000000800c71c        0x0
                0x000000000800c71c                . = ALIGN (0x4)
                0x000000000800c71c                PROVIDE (__preinit_array_start = .)
 *(.preinit_array*)
                0x000000000800c71c                PROVIDE (__preinit_array_end = .)
                0x000000000800c71c                . = ALIGN (0x4)

.init_array     0x000000000800c71c        0x4
                0x000000000800c71c                . = ALIGN (0x4)
                0x000000000800c71c                PROVIDE (__init_array_start = .)
 *(SORT_BY_NAME(.init_array.*))
 *(.init_array*)
 .init_array    0x000000000800c71c        0x4 c:/st/stm32cubeide_1.0.0/stm32cubeide/plugins/com.st.stm32cube.ide.mcu.externaltools.gnu-tools-for-stm32.7-2018-q2-update.win32_1.0.0.201904181610/tools/bin/../lib/gcc/arm-none-eabi/7.3.1/thumb/v7e-m/fpv5/hard/crtbegin.o
                0x000000000800c720                PROVIDE (__init_array_end = .)
                0x000000000800c720                . = ALIGN (0x4)

.fini_array     0x000000000800c720        0x4
                0x000000000800c720                . = ALIGN (0x4)
                [!provide]                        PROVIDE (__fini_array_start = .)
 *(SORT_BY_NAME(.fini_array.*))
 *(.fini_array*)
 .fini_array    0x000000000800c720        0x4 c:/st/stm32cubeide_1.0.0/stm32cubeide/plugins/com.st.stm32cube.ide.mcu.externaltools.gnu-tools-for-stm32.7-2018-q2-update.win32_1.0.0.201904181610/tools/bin/../lib/gcc/arm-none-eabi/7.3.1/thumb/v7e-m/fpv5/hard/crtbegin.o
                [!provide]                        PROVIDE (__fini_array_end = .)
                0x000000000800c724                . = ALIGN (0x4)
                0x000000000800c724                _sidata = LOADADDR (.data)

.data           0x0000000020000000       0xd0 load address 0x000000000800c724
                0x0000000020000000                . = ALIGN (0x4)
                0x0000000020000000                _sdata = .
 *(.data)
 *(.data*)
 .data.ft6x06_ts_drv
                0x0000000020000000       0x28 Drivers/BSP/Components/ft6x06/ft6x06.o
                0x0000000020000000                ft6x06_ts_drv
 .data.GPIO_PIN
                0x0000000020000028        0x8 Drivers/BSP/STM32F769I-Discovery/stm32f769i_discovery.o
                0x0000000020000028                GPIO_PIN
 .data.GPIO_PORT
                0x0000000020000030        0x8 Drivers/BSP/STM32F769I-Discovery/stm32f769i_discovery.o
                0x0000000020000030                GPIO_PORT
 .data.Font24   0x0000000020000038        0x8 Drivers/BSP/STM32F769I-Discovery/stm32f769i_discovery_lcd.o
                0x0000000020000038                Font24
 .data.Font16   0x0000000020000040        0x8 Drivers/BSP/STM32F769I-Discovery/stm32f769i_discovery_lcd.o
                0x0000000020000040                Font16
 .data.Font12   0x0000000020000048        0x8 Drivers/BSP/STM32F769I-Discovery/stm32f769i_discovery_lcd.o
                0x0000000020000048                Font12
 .data.lcd_x_size
                0x0000000020000050        0x4 Drivers/BSP/STM32F769I-Discovery/stm32f769i_discovery_lcd.o
                0x0000000020000050                lcd_x_size
 .data.lcd_y_size
                0x0000000020000054        0x4 Drivers/BSP/STM32F769I-Discovery/stm32f769i_discovery_lcd.o
                0x0000000020000054                lcd_y_size
 .data.sdramstatus.9656
                0x0000000020000058        0x1 Drivers/BSP/STM32F769I-Discovery/stm32f769i_discovery_sdram.o
 *fill*         0x0000000020000059        0x3 
 .data.uwTickPrio
                0x000000002000005c        0x4 Drivers/STM32F7xx_HAL_Driver/Src/stm32f7xx_hal.o
                0x000000002000005c                uwTickPrio
 .data.uwTickFreq
                0x0000000020000060        0x1 Drivers/STM32F7xx_HAL_Driver/Src/stm32f7xx_hal.o
                0x0000000020000060                uwTickFreq
 *fill*         0x0000000020000061        0x3 
 .data.ver_quem_joga
                0x0000000020000064        0x4 Src/main.o
                0x0000000020000064                ver_quem_joga
 .data.SystemCoreClock
                0x0000000020000068        0x4 Src/system_stm32f7xx.o
                0x0000000020000068                SystemCoreClock
 .data._impure_ptr
                0x000000002000006c        0x4 c:/st/stm32cubeide_1.0.0/stm32cubeide/plugins/com.st.stm32cube.ide.mcu.externaltools.gnu-tools-for-stm32.7-2018-q2-update.win32_1.0.0.201904181610/tools/bin/../lib/gcc/arm-none-eabi/7.3.1/../../../../arm-none-eabi/lib/thumb/v7e-m/fpv5/hard\libc_nano.a(lib_a-impure.o)
                0x000000002000006c                _impure_ptr
 .data.impure_data
                0x0000000020000070       0x60 c:/st/stm32cubeide_1.0.0/stm32cubeide/plugins/com.st.stm32cube.ide.mcu.externaltools.gnu-tools-for-stm32.7-2018-q2-update.win32_1.0.0.201904181610/tools/bin/../lib/gcc/arm-none-eabi/7.3.1/../../../../arm-none-eabi/lib/thumb/v7e-m/fpv5/hard\libc_nano.a(lib_a-impure.o)
                0x00000000200000d0                . = ALIGN (0x4)
                0x00000000200000d0                _edata = .

.igot.plt       0x00000000200000d0        0x0 load address 0x000000000800c7f4
 .igot.plt      0x00000000200000d0        0x0 c:/st/stm32cubeide_1.0.0/stm32cubeide/plugins/com.st.stm32cube.ide.mcu.externaltools.gnu-tools-for-stm32.7-2018-q2-update.win32_1.0.0.201904181610/tools/bin/../lib/gcc/arm-none-eabi/7.3.1/thumb/v7e-m/fpv5/hard/crtbegin.o
                0x00000000200000d0                . = ALIGN (0x4)

.bss            0x00000000200000d0      0x634 load address 0x000000000800c7f4
                0x00000000200000d0                _sbss = .
                0x00000000200000d0                __bss_start__ = _sbss
 *(.bss)
 .bss           0x00000000200000d0       0x1c c:/st/stm32cubeide_1.0.0/stm32cubeide/plugins/com.st.stm32cube.ide.mcu.externaltools.gnu-tools-for-stm32.7-2018-q2-update.win32_1.0.0.201904181610/tools/bin/../lib/gcc/arm-none-eabi/7.3.1/thumb/v7e-m/fpv5/hard/crtbegin.o
 *(.bss*)
 .bss.ft6x06    0x00000000200000ec        0x2 Drivers/BSP/Components/ft6x06/ft6x06.o
                0x00000000200000ec                ft6x06
 *fill*         0x00000000200000ee        0x2 
 .bss.ft6x06_handle
                0x00000000200000f0        0x3 Drivers/BSP/Components/ft6x06/ft6x06.o
 *fill*         0x00000000200000f3        0x1 
 .bss.hI2cAudioHandler
                0x00000000200000f4       0x4c Drivers/BSP/STM32F769I-Discovery/stm32f769i_discovery.o
 .bss.hdsivideo_handle
                0x0000000020000140       0x6c Drivers/BSP/STM32F769I-Discovery/stm32f769i_discovery_lcd.o
 .bss.ActiveLayer
                0x00000000200001ac        0x4 Drivers/BSP/STM32F769I-Discovery/stm32f769i_discovery_lcd.o
 .bss.DrawProp  0x00000000200001b0       0x18 Drivers/BSP/STM32F769I-Discovery/stm32f769i_discovery_lcd.o
 .bss.PeriphClkInitStruct.10412
                0x00000000200001c8       0x90 Drivers/BSP/STM32F769I-Discovery/stm32f769i_discovery_lcd.o
 .bss.Timing    0x0000000020000258       0x1c Drivers/BSP/STM32F769I-Discovery/stm32f769i_discovery_sdram.o
 .bss.Command   0x0000000020000274       0x10 Drivers/BSP/STM32F769I-Discovery/stm32f769i_discovery_sdram.o
 .bss.dma_handle.9692
                0x0000000020000284       0x60 Drivers/BSP/STM32F769I-Discovery/stm32f769i_discovery_sdram.o
 .bss.ts_driver
                0x00000000200002e4        0x4 Drivers/BSP/STM32F769I-Discovery/stm32f769i_discovery_ts.o
 .bss.ts_orientation
                0x00000000200002e8        0x1 Drivers/BSP/STM32F769I-Discovery/stm32f769i_discovery_ts.o
 .bss.I2C_Address
                0x00000000200002e9        0x1 Drivers/BSP/STM32F769I-Discovery/stm32f769i_discovery_ts.o
                0x00000000200002e9                I2C_Address
 *fill*         0x00000000200002ea        0x2 
 .bss._x.10489  0x00000000200002ec        0x8 Drivers/BSP/STM32F769I-Discovery/stm32f769i_discovery_ts.o
 .bss._y.10490  0x00000000200002f4        0x8 Drivers/BSP/STM32F769I-Discovery/stm32f769i_discovery_ts.o
 .bss.flag      0x00000000200002fc        0x4 Src/main.o
                0x00000000200002fc                flag
 .bss.count     0x0000000020000300        0x4 Src/main.o
                0x0000000020000300                count
 .bss.init_tick_led1
                0x0000000020000304        0x4 Src/main.o
                0x0000000020000304                init_tick_led1
 .bss.ts_flag   0x0000000020000308        0x4 Src/main.o
                0x0000000020000308                ts_flag
 .bss.FMC_Initialized
                0x000000002000030c        0x4 Src/stm32f7xx_hal_msp.o
 .bss.heap_end.6424
                0x0000000020000310        0x4 Src/sysmem.o
 .bss.__malloc_free_list
                0x0000000020000314        0x4 c:/st/stm32cubeide_1.0.0/stm32cubeide/plugins/com.st.stm32cube.ide.mcu.externaltools.gnu-tools-for-stm32.7-2018-q2-update.win32_1.0.0.201904181610/tools/bin/../lib/gcc/arm-none-eabi/7.3.1/../../../../arm-none-eabi/lib/thumb/v7e-m/fpv5/hard\libc_nano.a(lib_a-nano-mallocr.o)
                0x0000000020000314                __malloc_free_list
 .bss.__malloc_sbrk_start
                0x0000000020000318        0x4 c:/st/stm32cubeide_1.0.0/stm32cubeide/plugins/com.st.stm32cube.ide.mcu.externaltools.gnu-tools-for-stm32.7-2018-q2-update.win32_1.0.0.201904181610/tools/bin/../lib/gcc/arm-none-eabi/7.3.1/../../../../arm-none-eabi/lib/thumb/v7e-m/fpv5/hard\libc_nano.a(lib_a-nano-mallocr.o)
                0x0000000020000318                __malloc_sbrk_start
 *(COMMON)
 COMMON         0x000000002000031c      0x11c Drivers/BSP/STM32F769I-Discovery/stm32f769i_discovery_lcd.o
                0x000000002000031c                hdma2d_discovery
                0x0000000020000374                hltdc_discovery
                0x000000002000041c                hdsi_discovery
 COMMON         0x0000000020000438       0x34 Drivers/BSP/STM32F769I-Discovery/stm32f769i_discovery_sdram.o
                0x0000000020000438                sdramHandle
 COMMON         0x000000002000046c        0x4 Drivers/STM32F7xx_HAL_Driver/Src/stm32f7xx_hal.o
                0x000000002000046c                uwTick
 COMMON         0x0000000020000470      0x290 Src/main.o
                0x0000000020000470                ConvertedValue
                0x0000000020000474                hdsi
                0x0000000020000490                hltdc
                0x0000000020000538                hadc1
                0x0000000020000580                tabuleiro
                0x00000000200005c0                JTemp
                0x00000000200005c4                htim6
                0x0000000020000604                desc
                0x0000000020000668                hdma2d
                0x00000000200006c0                TS_State
                0x00000000200006cc                hsdram1
 COMMON         0x0000000020000700        0x4 c:/st/stm32cubeide_1.0.0/stm32cubeide/plugins/com.st.stm32cube.ide.mcu.externaltools.gnu-tools-for-stm32.7-2018-q2-update.win32_1.0.0.201904181610/tools/bin/../lib/gcc/arm-none-eabi/7.3.1/../../../../arm-none-eabi/lib/thumb/v7e-m/fpv5/hard\libc_nano.a(lib_a-reent.o)
                0x0000000020000700                errno
                0x0000000020000704                . = ALIGN (0x4)
                0x0000000020000704                _ebss = .
                0x0000000020000704                __bss_end__ = _ebss

._user_heap_stack
                0x0000000020000704      0x604 load address 0x000000000800c7f4
                0x0000000020000708                . = ALIGN (0x8)
 *fill*         0x0000000020000704        0x4 
                0x0000000020000708                PROVIDE (end = .)
                [!provide]                        PROVIDE (_end = .)
                0x0000000020000908                . = (. + _Min_Heap_Size)
 *fill*         0x0000000020000708      0x200 
                0x0000000020000d08                . = (. + _Min_Stack_Size)
 *fill*         0x0000000020000908      0x400 
                0x0000000020000d08                . = ALIGN (0x8)

/DISCARD/
 libc.a(*)
 libm.a(*)
 libgcc.a(*)

.ARM.attributes
                0x0000000000000000       0x2e
 *(.ARM.attributes)
 .ARM.attributes
                0x0000000000000000       0x20 c:/st/stm32cubeide_1.0.0/stm32cubeide/plugins/com.st.stm32cube.ide.mcu.externaltools.gnu-tools-for-stm32.7-2018-q2-update.win32_1.0.0.201904181610/tools/bin/../lib/gcc/arm-none-eabi/7.3.1/thumb/v7e-m/fpv5/hard/crti.o
 .ARM.attributes
                0x0000000000000020       0x32 c:/st/stm32cubeide_1.0.0/stm32cubeide/plugins/com.st.stm32cube.ide.mcu.externaltools.gnu-tools-for-stm32.7-2018-q2-update.win32_1.0.0.201904181610/tools/bin/../lib/gcc/arm-none-eabi/7.3.1/thumb/v7e-m/fpv5/hard/crtbegin.o
 .ARM.attributes
                0x0000000000000052       0x37 Drivers/BSP/Components/ft6x06/ft6x06.o
 .ARM.attributes
                0x0000000000000089       0x37 Drivers/BSP/Components/otm8009a/otm8009a.o
 .ARM.attributes
                0x00000000000000c0       0x37 Drivers/BSP/STM32F769I-Discovery/stm32f769i_discovery.o
 .ARM.attributes
                0x00000000000000f7       0x37 Drivers/BSP/STM32F769I-Discovery/stm32f769i_discovery_lcd.o
 .ARM.attributes
                0x000000000000012e       0x37 Drivers/BSP/STM32F769I-Discovery/stm32f769i_discovery_sdram.o
 .ARM.attributes
                0x0000000000000165       0x37 Drivers/BSP/STM32F769I-Discovery/stm32f769i_discovery_ts.o
 .ARM.attributes
                0x000000000000019c       0x37 Drivers/STM32F7xx_HAL_Driver/Src/stm32f7xx_hal.o
 .ARM.attributes
                0x00000000000001d3       0x37 Drivers/STM32F7xx_HAL_Driver/Src/stm32f7xx_hal_adc.o
 .ARM.attributes
                0x000000000000020a       0x37 Drivers/STM32F7xx_HAL_Driver/Src/stm32f7xx_hal_cortex.o
 .ARM.attributes
                0x0000000000000241       0x37 Drivers/STM32F7xx_HAL_Driver/Src/stm32f7xx_hal_dma.o
 .ARM.attributes
                0x0000000000000278       0x37 Drivers/STM32F7xx_HAL_Driver/Src/stm32f7xx_hal_dma2d.o
 .ARM.attributes
                0x00000000000002af       0x37 Drivers/STM32F7xx_HAL_Driver/Src/stm32f7xx_hal_dsi.o
 .ARM.attributes
                0x00000000000002e6       0x37 Drivers/STM32F7xx_HAL_Driver/Src/stm32f7xx_hal_gpio.o
 .ARM.attributes
                0x000000000000031d       0x37 Drivers/STM32F7xx_HAL_Driver/Src/stm32f7xx_hal_i2c.o
 .ARM.attributes
                0x0000000000000354       0x37 Drivers/STM32F7xx_HAL_Driver/Src/stm32f7xx_hal_ltdc.o
 .ARM.attributes
                0x000000000000038b       0x37 Drivers/STM32F7xx_HAL_Driver/Src/stm32f7xx_hal_ltdc_ex.o
 .ARM.attributes