core_cm7.h:2229:22:SCB_EnableICache	4	static,ignoring_inline_asm
core_cm7.h:2281:22:SCB_EnableDCache	24	static,ignoring_inline_asm
main.c:115:6:HAL_GPIO_EXTI_Callback	16	static
main.c:125:6:HAL_TIM_PeriodElapsedCallback	16	static
main.c:145:6:menu_inicial	24	static
main.c:173:6:fim_do_jogo	48	static
main.c:214:6:imprime_tabuleiro	32	static
main.c:233:6:mostra_temperatura	8	static
main.c:240:6:mostra_tempo	8	static
main.c:247:6:mostra_deadline	8	static
main.c:254:6:mostra_quem_joga	8	static
main.c:272:6:imprime_pecas_iniciais	8	static
main.c:292:6:imprime_jogada	24	static
main.c:305:6:actualiza_pecas_tabuleiro	16	static
main.c:333:6:limpa_possibilidades	16	static
main.c:347:5:validar_com_self	32	static
main.c:457:6:jogadas_possiveis	24	static
main.c:573:6:vira_pecas	40	static
main.c:771:6:jogada_automatica	24	static
main.c:800:6:tocar_ecran_menu_inicial	8	static
main.c:818:6:dinamica_de_jogo	24	static
main.c:837:6:tocar_ecran	32	static
main.c:873:5:nao_e_possivel_continuar_jogo	32	static
main.c:924:5:main	48	static
main.c:1108:6:SystemClock_Config	232	static
main.c:1172:13:MX_ADC1_Init	24	static
main.c:1222:13:MX_DMA2D_Init	8	static
main.c:1261:13:MX_DSIHOST_DSI_Init	176	static
main.c:1370:13:MX_LTDC_Init	112	static
main.c:1452:13:MX_SDMMC2_SD_Init	4	static
main.c:1480:13:MX_TIM6_Init	24	static
main.c:1514:13:MX_FMC_Init	40	static
main.c:1565:13:MX_GPIO_Init	64	static
main.c:1598:13:LCD_Config	16	static
main.c:1632:6:Error_Handler	8	static
