core_cm7.h:2229:22:SCB_EnableICache	4	static,ignoring_inline_asm
core_cm7.h:2281:22:SCB_EnableDCache	24	static,ignoring_inline_asm
main.c:112:6:HAL_GPIO_EXTI_Callback	16	static
main.c:122:6:HAL_TIM_PeriodElapsedCallback	16	static
main.c:142:6:menu_inicial	24	static
main.c:153:6:fim_do_jogo	48	static
main.c:192:6:imprime_tabuleiro	32	static
main.c:209:6:mostra_temperatura	8	static
main.c:216:6:mostra_tempo	8	static
main.c:223:6:mostra_deadline	8	static
main.c:230:6:mostra_quem_joga	8	static
main.c:248:6:imprime_pecas_iniciais	8	static
main.c:266:6:imprime_jogada	24	static
main.c:279:6:actualiza_pecas_tabuleiro	16	static
main.c:307:6:limpa_possibilidades	16	static
main.c:321:5:validar_com_self	32	static
main.c:431:6:jogadas_possiveis	24	static
main.c:553:6:vira_pecas	40	static
main.c:751:6:tocar_ecran	32	static
main.c:802:5:possivel_continuar_jogo	32	static
main.c:840:5:main	48	static
main.c:1004:6:SystemClock_Config	232	static
main.c:1068:13:MX_ADC1_Init	24	static
main.c:1118:13:MX_DMA2D_Init	8	static
main.c:1157:13:MX_DSIHOST_DSI_Init	176	static
main.c:1266:13:MX_LTDC_Init	112	static
main.c:1348:13:MX_SDMMC2_SD_Init	4	static
main.c:1376:13:MX_TIM6_Init	24	static
main.c:1410:13:MX_FMC_Init	40	static
main.c:1461:13:MX_GPIO_Init	64	static
main.c:1494:13:LCD_Config	16	static
main.c:1528:6:Error_Handler	8	static
