core_cm7.h:2229:22:SCB_EnableICache	4	static,ignoring_inline_asm
core_cm7.h:2281:22:SCB_EnableDCache	24	static,ignoring_inline_asm
main.c:105:6:HAL_GPIO_EXTI_Callback	16	static
main.c:115:6:HAL_TIM_PeriodElapsedCallback	16	static
main.c:134:6:imprime_tabuleiro	32	static
main.c:151:6:mostra_temperatura	8	static
main.c:158:6:mostra_tempo	8	static
main.c:165:6:mostra_quem_joga	8	static
main.c:183:6:imprime_pecas_iniciais	8	static
main.c:201:6:imprime_jogada	24	static
main.c:214:6:actualiza_pecas_tabuleiro	16	static
main.c:242:6:limpa_possibilidades	16	static
main.c:256:5:validar_com_self	32	static
main.c:366:6:jogadas_possiveis	24	static
main.c:488:6:vira_pecas	40	static
main.c:686:6:tocar_ecran	32	static
main.c:733:5:main	24	static
main.c:822:6:SystemClock_Config	232	static
main.c:883:13:MX_ADC1_Init	24	static
main.c:933:13:MX_DMA2D_Init	8	static
main.c:972:13:MX_DSIHOST_DSI_Init	176	static
main.c:1081:13:MX_LTDC_Init	112	static
main.c:1163:13:MX_TIM6_Init	24	static
main.c:1197:13:MX_FMC_Init	40	static
main.c:1248:13:MX_GPIO_Init	64	static
main.c:1275:13:LCD_Config	16	static
main.c:1309:6:Error_Handler	4	static
