core_cm7.h:2229:22:SCB_EnableICache	4	static,ignoring_inline_asm
core_cm7.h:2281:22:SCB_EnableDCache	24	static,ignoring_inline_asm
main.c:97:6:HAL_GPIO_EXTI_Callback	16	static
main.c:107:6:HAL_TIM_PeriodElapsedCallback	16	static
main.c:126:6:imprime_tabuleiro	32	static
main.c:143:6:mostra_temperatura	8	static
main.c:150:6:mostra_tempo	8	static
main.c:157:6:muda_peca_consoante_jogador	16	static
main.c:176:6:tocar_ecran	32	static
main.c:215:5:main	16	static
main.c:295:6:SystemClock_Config	232	static
main.c:356:13:MX_ADC1_Init	24	static
main.c:406:13:MX_DMA2D_Init	8	static
main.c:445:13:MX_DSIHOST_DSI_Init	176	static
main.c:554:13:MX_LTDC_Init	112	static
main.c:636:13:MX_TIM6_Init	24	static
main.c:670:13:MX_FMC_Init	40	static
main.c:721:13:MX_GPIO_Init	64	static
main.c:748:13:LCD_Config	16	static
main.c:782:6:Error_Handler	4	static
