stm32f7xx_hal_msp.c:64:6:HAL_MspInit	16	static
stm32f7xx_hal_msp.c:86:6:HAL_ADC_MspInit	24	static
stm32f7xx_hal_msp.c:108:6:HAL_ADC_MspDeInit	16	static
stm32f7xx_hal_msp.c:130:6:HAL_DMA2D_MspInit	24	static
stm32f7xx_hal_msp.c:152:6:HAL_DMA2D_MspDeInit	16	static
stm32f7xx_hal_msp.c:174:6:HAL_DSI_MspInit	48	static
stm32f7xx_hal_msp.c:209:6:HAL_DSI_MspDeInit	16	static
stm32f7xx_hal_msp.c:237:6:HAL_LTDC_MspInit	24	static
stm32f7xx_hal_msp.c:259:6:HAL_LTDC_MspDeInit	16	static
stm32f7xx_hal_msp.c:281:6:HAL_TIM_Base_MspInit	24	static
stm32f7xx_hal_msp.c:306:6:HAL_TIM_Base_MspDeInit	16	static
stm32f7xx_hal_msp.c:327:13:HAL_FMC_MspInit	32	static
stm32f7xx_hal_msp.c:457:6:HAL_SDRAM_MspInit	16	static
stm32f7xx_hal_msp.c:469:13:HAL_FMC_MspDeInit	8	static
stm32f7xx_hal_msp.c:563:6:HAL_SDRAM_MspDeInit	16	static
